<?xml version="1.0" encoding="ISO-8859-1" ?>
<link_info>
   <banner>TMS320C2000 Linker PC v20.2.4.LTS</banner>
   <copyright>Copyright (c) 1996-2018 Texas Instruments Incorporated</copyright>
   <link_time>0x60ea6b69</link_time>
   <link_errors>0x0</link_errors>
   <output_file>D:/Product_Code/013_MD500E_C_2019/MD500E/CCs_28035/MD500E_C_F061M157F/../../CCs_28035/Debug/MD500E_C_F061M157F.out</output_file>
   <entry_point>
      <name>code_start</name>
      <address>0x3f7ff6</address>
   </entry_point>
   <input_file_list>
      <input_file id="fl-4">
         <path>D:\Product_Code\013_MD500E_C_2019\MD500E\05_public\obj\MD500E_28035_motor_obj\</path>
         <kind>object</kind>
         <file>ASMSubPrg.obj</file>
         <name>ASMSubPrg.obj</name>
      </input_file>
      <input_file id="fl-5">
         <path>D:\Product_Code\013_MD500E_C_2019\MD500E\05_public\obj\MD500E_28035_motor_obj\</path>
         <kind>object</kind>
         <file>DSP2803x_CodeStartBranch.obj</file>
         <name>DSP2803x_CodeStartBranch.obj</name>
      </input_file>
      <input_file id="fl-6">
         <path>D:\Product_Code\013_MD500E_C_2019\MD500E\05_public\obj\MD500E_28035_motor_obj\</path>
         <kind>object</kind>
         <file>DSP2803x_CpuTimers.obj</file>
         <name>DSP2803x_CpuTimers.obj</name>
      </input_file>
      <input_file id="fl-7">
         <path>D:\Product_Code\013_MD500E_C_2019\MD500E\05_public\obj\MD500E_28035_motor_obj\</path>
         <kind>object</kind>
         <file>DSP2803x_GlobalVariableDefs.obj</file>
         <name>DSP2803x_GlobalVariableDefs.obj</name>
      </input_file>
      <input_file id="fl-8">
         <path>D:\Product_Code\013_MD500E_C_2019\MD500E\05_public\obj\MD500_func_obj_28034\</path>
         <kind>object</kind>
         <file>DSP2803x_usDelay.obj</file>
         <name>DSP2803x_usDelay.obj</name>
      </input_file>
      <input_file id="fl-9">
         <path>D:\Product_Code\013_MD500E_C_2019\MD500E\05_public\obj\MD500E_28035_motor_obj\</path>
         <kind>object</kind>
         <file>DSP280x_CSMPasswords.obj</file>
         <name>DSP280x_CSMPasswords.obj</name>
      </input_file>
      <input_file id="fl-a">
         <path>D:\Product_Code\013_MD500E_C_2019\MD500E\05_public\obj\MD500E_28035_motor_obj\</path>
         <kind>object</kind>
         <file>MotorCarrier.obj</file>
         <name>MotorCarrier.obj</name>
      </input_file>
      <input_file id="fl-b">
         <path>D:\Product_Code\013_MD500E_C_2019\MD500E\05_public\obj\MD500E_28035_motor_obj\</path>
         <kind>object</kind>
         <file>MotorConstant.obj</file>
         <name>MotorConstant.obj</name>
      </input_file>
      <input_file id="fl-c">
         <path>D:\Product_Code\013_MD500E_C_2019\MD500E\05_public\obj\MD500E_28035_motor_obj\</path>
         <kind>object</kind>
         <file>MotorCurrentTransform.obj</file>
         <name>MotorCurrentTransform.obj</name>
      </input_file>
      <input_file id="fl-d">
         <path>D:\Product_Code\013_MD500E_C_2019\MD500E\05_public\obj\MD500E_28035_motor_obj\</path>
         <kind>object</kind>
         <file>MotorDataExchange.obj</file>
         <name>MotorDataExchange.obj</name>
      </input_file>
      <input_file id="fl-e">
         <path>D:\Product_Code\013_MD500E_C_2019\MD500E\05_public\obj\MD500E_28035_motor_obj\</path>
         <kind>object</kind>
         <file>MotorDebug.obj</file>
         <name>MotorDebug.obj</name>
      </input_file>
      <input_file id="fl-f">
         <path>D:\Product_Code\013_MD500E_C_2019\MD500E\05_public\obj\MD500E_28035_motor_obj\</path>
         <kind>object</kind>
         <file>MotorEncoder.obj</file>
         <name>MotorEncoder.obj</name>
      </input_file>
      <input_file id="fl-10">
         <path>D:\Product_Code\013_MD500E_C_2019\MD500E\05_public\obj\MD500E_28035_motor_obj\</path>
         <kind>object</kind>
         <file>MotorFlyingStart.obj</file>
         <name>MotorFlyingStart.obj</name>
      </input_file>
      <input_file id="fl-11">
         <path>D:\Product_Code\013_MD500E_C_2019\MD500E\05_public\obj\MD500E_28035_motor_obj\</path>
         <kind>object</kind>
         <file>MotorIPMSVC.obj</file>
         <name>MotorIPMSVC.obj</name>
      </input_file>
      <input_file id="fl-12">
         <path>D:\Product_Code\013_MD500E_C_2019\MD500E\05_public\obj\MD500E_28035_motor_obj\</path>
         <kind>object</kind>
         <file>MotorInfoCollect.obj</file>
         <name>MotorInfoCollect.obj</name>
      </input_file>
      <input_file id="fl-13">
         <path>D:\Product_Code\013_MD500E_C_2019\MD500E\05_public\obj\MD500E_28035_motor_obj\</path>
         <kind>object</kind>
         <file>MotorInvProtect.obj</file>
         <name>MotorInvProtect.obj</name>
      </input_file>
      <input_file id="fl-14">
         <path>D:\Product_Code\013_MD500E_C_2019\MD500E\05_public\obj\MD500E_28035_motor_obj\</path>
         <kind>object</kind>
         <file>MotorMain.obj</file>
         <name>MotorMain.obj</name>
      </input_file>
      <input_file id="fl-15">
         <path>D:\Product_Code\013_MD500E_C_2019\MD500E\05_public\obj\MD500E_28035_motor_obj\</path>
         <kind>object</kind>
         <file>MotorPWM.obj</file>
         <name>MotorPWM.obj</name>
      </input_file>
      <input_file id="fl-16">
         <path>D:\Product_Code\013_MD500E_C_2019\MD500E\05_public\obj\MD500E_28035_motor_obj\</path>
         <kind>object</kind>
         <file>MotorParChange.obj</file>
         <name>MotorParChange.obj</name>
      </input_file>
      <input_file id="fl-17">
         <path>D:\Product_Code\013_MD500E_C_2019\MD500E\05_public\obj\MD500E_28035_motor_obj\</path>
         <kind>object</kind>
         <file>MotorParEst.obj</file>
         <name>MotorParEst.obj</name>
      </input_file>
      <input_file id="fl-18">
         <path>D:\Product_Code\013_MD500E_C_2019\MD500E\05_public\obj\MD500E_28035_motor_obj\</path>
         <kind>object</kind>
         <file>MotorPmsmMain.obj</file>
         <name>MotorPmsmMain.obj</name>
      </input_file>
      <input_file id="fl-19">
         <path>D:\Product_Code\013_MD500E_C_2019\MD500E\05_public\obj\MD500E_28035_motor_obj\</path>
         <kind>object</kind>
         <file>MotorPmsmParEst.obj</file>
         <name>MotorPmsmParEst.obj</name>
      </input_file>
      <input_file id="fl-1a">
         <path>D:\Product_Code\013_MD500E_C_2019\MD500E\05_public\obj\MD500E_28035_motor_obj\</path>
         <kind>object</kind>
         <file>MotorPublicCal.obj</file>
         <name>MotorPublicCal.obj</name>
      </input_file>
      <input_file id="fl-1b">
         <path>D:\Product_Code\013_MD500E_C_2019\MD500E\05_public\obj\MD500E_28035_motor_obj\</path>
         <kind>object</kind>
         <file>MotorSpeed.obj</file>
         <name>MotorSpeed.obj</name>
      </input_file>
      <input_file id="fl-1c">
         <path>D:\Product_Code\013_MD500E_C_2019\MD500E\05_public\obj\MD500E_28035_motor_obj\</path>
         <kind>object</kind>
         <file>MotorVCMain.obj</file>
         <name>MotorVCMain.obj</name>
      </input_file>
      <input_file id="fl-1d">
         <path>D:\Product_Code\013_MD500E_C_2019\MD500E\05_public\obj\MD500E_28035_motor_obj\</path>
         <kind>object</kind>
         <file>MotorVF.obj</file>
         <name>MotorVF.obj</name>
      </input_file>
      <input_file id="fl-1e">
         <path>D:\Product_Code\013_MD500E_C_2019\MD500E\05_public\obj\MD500E_28035_motor_obj\</path>
         <kind>object</kind>
         <file>MotorVar.obj</file>
         <name>MotorVar.obj</name>
      </input_file>
      <input_file id="fl-1f">
         <path>D:\Product_Code\013_MD500E_C_2019\MD500E\05_public\obj\MD500E_28035_motor_obj\</path>
         <kind>object</kind>
         <file>PMFluxWeakCsr2.obj</file>
         <name>PMFluxWeakCsr2.obj</name>
      </input_file>
      <input_file id="fl-20">
         <path>D:\Product_Code\013_MD500E_C_2019\MD500E\05_public\obj\MD500E_28035_motor_obj\</path>
         <kind>object</kind>
         <file>SubPrg.obj</file>
         <name>SubPrg.obj</name>
      </input_file>
      <input_file id="fl-21">
         <path>D:\Product_Code\013_MD500E_C_2019\MD500E\05_public\obj\MD500E_28035_motor_obj\</path>
         <kind>object</kind>
         <file>Svpwm1.obj</file>
         <name>Svpwm1.obj</name>
      </input_file>
      <input_file id="fl-22">
         <path>D:\Product_Code\013_MD500E_C_2019\MD500E\05_public\obj\MD500E_28035_motor_obj\</path>
         <kind>object</kind>
         <file>f_CANlinkEx.obj</file>
         <name>f_CANlinkEx.obj</name>
      </input_file>
      <input_file id="fl-23">
         <path>D:\Product_Code\013_MD500E_C_2019\MD500E\05_public\obj\MD500E_28035_motor_obj\</path>
         <kind>object</kind>
         <file>f_canlink.obj</file>
         <name>f_canlink.obj</name>
      </input_file>
      <input_file id="fl-24">
         <path>D:\Product_Code\013_MD500E_C_2019\MD500E\05_public\obj\MD500E_28035_motor_obj\</path>
         <kind>object</kind>
         <file>f_comm.obj</file>
         <name>f_comm.obj</name>
      </input_file>
      <input_file id="fl-25">
         <path>D:\Product_Code\013_MD500E_C_2019\MD500E\05_public\obj\MD500E_28035_motor_obj\</path>
         <kind>object</kind>
         <file>f_common.obj</file>
         <name>f_common.obj</name>
      </input_file>
      <input_file id="fl-26">
         <path>D:\Product_Code\013_MD500E_C_2019\MD500E\05_public\obj\MD500E_28035_motor_obj\</path>
         <kind>object</kind>
         <file>f_dspcan.obj</file>
         <name>f_dspcan.obj</name>
      </input_file>
      <input_file id="fl-27">
         <path>D:\Product_Code\013_MD500E_C_2019\MD500E\05_public\obj\MD500E_28035_motor_obj\</path>
         <kind>object</kind>
         <file>f_eeprom.obj</file>
         <name>f_eeprom.obj</name>
      </input_file>
      <input_file id="fl-28">
         <path>D:\Product_Code\013_MD500E_C_2019\MD500E\05_public\obj\MD500E_28035_motor_obj\</path>
         <kind>object</kind>
         <file>f_error.obj</file>
         <name>f_error.obj</name>
      </input_file>
      <input_file id="fl-29">
         <path>D:\Product_Code\013_MD500E_C_2019\MD500E\05_public\obj\MD500E_28035_motor_obj\</path>
         <kind>object</kind>
         <file>f_fcDeal.obj</file>
         <name>f_fcDeal.obj</name>
      </input_file>
      <input_file id="fl-2a">
         <path>D:\Product_Code\013_MD500E_C_2019\MD500E\05_public\obj\MD500E_28035_motor_obj\</path>
         <kind>object</kind>
         <file>f_frqSrc.obj</file>
         <name>f_frqSrc.obj</name>
      </input_file>
      <input_file id="fl-2b">
         <path>D:\Product_Code\013_MD500E_C_2019\MD500E\05_public\obj\MD500E_28035_motor_obj\</path>
         <kind>object</kind>
         <file>f_frqSrc_pid.obj</file>
         <name>f_frqSrc_pid.obj</name>
      </input_file>
      <input_file id="fl-2c">
         <path>D:\Product_Code\013_MD500E_C_2019\MD500E\05_public\obj\MD500E_28035_motor_obj\</path>
         <kind>object</kind>
         <file>f_funcCode.obj</file>
         <name>f_funcCode.obj</name>
      </input_file>
      <input_file id="fl-2d">
         <path>D:\Product_Code\013_MD500E_C_2019\MD500E\05_public\obj\MD500E_28035_motor_obj\</path>
         <kind>object</kind>
         <file>f_interface.obj</file>
         <name>f_interface.obj</name>
      </input_file>
      <input_file id="fl-2e">
         <path>D:\Product_Code\013_MD500E_C_2019\MD500E\05_public\obj\MD500E_28035_motor_obj\</path>
         <kind>object</kind>
         <file>f_invPara.obj</file>
         <name>f_invPara.obj</name>
      </input_file>
      <input_file id="fl-2f">
         <path>D:\Product_Code\013_MD500E_C_2019\MD500E\05_public\obj\MD500E_28035_motor_obj\</path>
         <kind>object</kind>
         <file>f_io.obj</file>
         <name>f_io.obj</name>
      </input_file>
      <input_file id="fl-30">
         <path>D:\Product_Code\013_MD500E_C_2019\MD500E\05_public\obj\MD500E_28035_motor_obj\</path>
         <kind>object</kind>
         <file>f_main.obj</file>
         <name>f_main.obj</name>
      </input_file>
      <input_file id="fl-31">
         <path>D:\Product_Code\013_MD500E_C_2019\MD500E\05_public\obj\MD500E_28035_motor_obj\</path>
         <kind>object</kind>
         <file>f_menu.obj</file>
         <name>f_menu.obj</name>
      </input_file>
      <input_file id="fl-32">
         <path>D:\Product_Code\013_MD500E_C_2019\MD500E\05_public\obj\MD500E_28035_motor_obj\</path>
         <kind>object</kind>
         <file>f_modbus.obj</file>
         <name>f_modbus.obj</name>
      </input_file>
      <input_file id="fl-33">
         <path>D:\Product_Code\013_MD500E_C_2019\MD500E\05_public\obj\MD500E_28035_motor_obj\</path>
         <kind>object</kind>
         <file>f_motorFc.obj</file>
         <name>f_motorFc.obj</name>
      </input_file>
      <input_file id="fl-34">
         <path>D:\Product_Code\013_MD500E_C_2019\MD500E\05_public\obj\MD500E_28035_motor_obj\</path>
         <kind>object</kind>
         <file>f_osc.obj</file>
         <name>f_osc.obj</name>
      </input_file>
      <input_file id="fl-35">
         <path>D:\Product_Code\013_MD500E_C_2019\MD500E\05_public\obj\MD500E_28035_motor_obj\</path>
         <kind>object</kind>
         <file>f_p2p.obj</file>
         <name>f_p2p.obj</name>
      </input_file>
      <input_file id="fl-36">
         <path>D:\Product_Code\013_MD500E_C_2019\MD500E\05_public\obj\MD500E_28035_motor_obj\</path>
         <kind>object</kind>
         <file>f_plc.obj</file>
         <name>f_plc.obj</name>
      </input_file>
      <input_file id="fl-37">
         <path>D:\Product_Code\013_MD500E_C_2019\MD500E\05_public\obj\MD500E_28035_motor_obj\</path>
         <kind>object</kind>
         <file>f_runSrc.obj</file>
         <name>f_runSrc.obj</name>
      </input_file>
      <input_file id="fl-38">
         <path>D:\Product_Code\013_MD500E_C_2019\MD500E\05_public\obj\MD500E_28035_motor_obj\</path>
         <kind>object</kind>
         <file>f_runSrc_accDecFrq.obj</file>
         <name>f_runSrc_accDecFrq.obj</name>
      </input_file>
      <input_file id="fl-39">
         <path>D:\Product_Code\013_MD500E_C_2019\MD500E\05_public\obj\MD500E_28035_motor_obj\</path>
         <kind>object</kind>
         <file>f_torqueCtrl.obj</file>
         <name>f_torqueCtrl.obj</name>
      </input_file>
      <input_file id="fl-3a">
         <path>D:\Product_Code\013_MD500E_C_2019\MD500E\05_public\obj\MD500E_28035_motor_obj\</path>
         <kind>object</kind>
         <file>f_ui.obj</file>
         <name>f_ui.obj</name>
      </input_file>
      <input_file id="fl-3b">
         <path>D:\Product_Code\013_MD500E_C_2019\MD500E\05_public\obj\MD500E_28035_motor_obj\</path>
         <kind>object</kind>
         <file>f_vf.obj</file>
         <name>f_vf.obj</name>
      </input_file>
      <input_file id="fl-3c">
         <path>D:\Product_Code\013_MD500E_C_2019\MD500E\05_public\obj\MD500E_28035_motor_obj\</path>
         <kind>object</kind>
         <file>main.obj</file>
         <name>main.obj</name>
      </input_file>
      <input_file id="fl-3d">
         <path>D:\Product_Code\013_MD500E_C_2019\MD500E\05_public\obj\MD500E_28035_motor_obj\</path>
         <kind>object</kind>
         <file>mainInit_2803x.obj</file>
         <name>mainInit_2803x.obj</name>
      </input_file>
      <input_file id="fl-41">
         <kind>object</kind>
         <file>&lt;internal&gt;</file>
         <name>&lt;internal&gt;</name>
      </input_file>
      <input_file id="fl-42">
         <path>C:\ti\ccs1030\ccs\tools\compiler\ti-cgt-c2000_20.2.4.LTS\lib\</path>
         <kind>archive</kind>
         <file>rts2800_ml.lib</file>
         <name>boot28.asm.obj</name>
      </input_file>
      <input_file id="fl-43">
         <path>C:\ti\ccs1030\ccs\tools\compiler\ti-cgt-c2000_20.2.4.LTS\lib\</path>
         <kind>archive</kind>
         <file>rts2800_ml.lib</file>
         <name>fs_mpy28.asm.obj</name>
      </input_file>
      <input_file id="fl-44">
         <path>C:\ti\ccs1030\ccs\tools\compiler\ti-cgt-c2000_20.2.4.LTS\lib\</path>
         <kind>archive</kind>
         <file>rts2800_ml.lib</file>
         <name>fs_toi28.asm.obj</name>
      </input_file>
      <input_file id="fl-45">
         <path>C:\ti\ccs1030\ccs\tools\compiler\ti-cgt-c2000_20.2.4.LTS\lib\</path>
         <kind>archive</kind>
         <file>rts2800_ml.lib</file>
         <name>fs_tol28.asm.obj</name>
      </input_file>
      <input_file id="fl-46">
         <path>C:\ti\ccs1030\ccs\tools\compiler\ti-cgt-c2000_20.2.4.LTS\lib\</path>
         <kind>archive</kind>
         <file>rts2800_ml.lib</file>
         <name>ll_cmp28.asm.obj</name>
      </input_file>
      <input_file id="fl-47">
         <path>C:\ti\ccs1030\ccs\tools\compiler\ti-cgt-c2000_20.2.4.LTS\lib\</path>
         <kind>archive</kind>
         <file>rts2800_ml.lib</file>
         <name>ll_div28.asm.obj</name>
      </input_file>
      <input_file id="fl-48">
         <path>C:\ti\ccs1030\ccs\tools\compiler\ti-cgt-c2000_20.2.4.LTS\lib\</path>
         <kind>archive</kind>
         <file>rts2800_ml.lib</file>
         <name>ll_mpy28.asm.obj</name>
      </input_file>
      <input_file id="fl-49">
         <path>C:\ti\ccs1030\ccs\tools\compiler\ti-cgt-c2000_20.2.4.LTS\lib\</path>
         <kind>archive</kind>
         <file>rts2800_ml.lib</file>
         <name>i_div28.asm.obj</name>
      </input_file>
      <input_file id="fl-4a">
         <path>C:\ti\ccs1030\ccs\tools\compiler\ti-cgt-c2000_20.2.4.LTS\lib\</path>
         <kind>archive</kind>
         <file>rts2800_ml.lib</file>
         <name>i_tofs28.asm.obj</name>
      </input_file>
      <input_file id="fl-4b">
         <path>C:\ti\ccs1030\ccs\tools\compiler\ti-cgt-c2000_20.2.4.LTS\lib\</path>
         <kind>archive</kind>
         <file>rts2800_ml.lib</file>
         <name>u_div28.asm.obj</name>
      </input_file>
      <input_file id="fl-4c">
         <path>C:\ti\ccs1030\ccs\tools\compiler\ti-cgt-c2000_20.2.4.LTS\lib\</path>
         <kind>archive</kind>
         <file>rts2800_ml.lib</file>
         <name>l_div28.asm.obj</name>
      </input_file>
      <input_file id="fl-4d">
         <path>C:\ti\ccs1030\ccs\tools\compiler\ti-cgt-c2000_20.2.4.LTS\lib\</path>
         <kind>archive</kind>
         <file>rts2800_ml.lib</file>
         <name>cpy_tbl.c.obj</name>
      </input_file>
      <input_file id="fl-4e">
         <path>C:\ti\ccs1030\ccs\tools\compiler\ti-cgt-c2000_20.2.4.LTS\lib\</path>
         <kind>archive</kind>
         <file>rts2800_ml.lib</file>
         <name>memcpy.c.obj</name>
      </input_file>
      <input_file id="fl-4f">
         <path>C:\ti\ccs1030\ccs\tools\compiler\ti-cgt-c2000_20.2.4.LTS\lib\</path>
         <kind>archive</kind>
         <file>rts2800_ml.lib</file>
         <name>pre_init.c.obj</name>
      </input_file>
      <input_file id="fl-50">
         <path>C:\ti\ccs1030\ccs\tools\compiler\ti-cgt-c2000_20.2.4.LTS\lib\</path>
         <kind>archive</kind>
         <file>rts2800_ml.lib</file>
         <name>startup.c.obj</name>
      </input_file>
      <input_file id="fl-51">
         <path>C:\ti\ccs1030\ccs\tools\compiler\ti-cgt-c2000_20.2.4.LTS\lib\</path>
         <kind>archive</kind>
         <file>rts2800_ml.lib</file>
         <name>exit.c.obj</name>
      </input_file>
      <input_file id="fl-52">
         <path>C:\ti\ccs1030\ccs\tools\compiler\ti-cgt-c2000_20.2.4.LTS\lib\</path>
         <kind>archive</kind>
         <file>rts2800_ml.lib</file>
         <name>_lock.c.obj</name>
      </input_file>
      <input_file id="fl-53">
         <path>C:\ti\ccs1030\ccs\tools\compiler\ti-cgt-c2000_20.2.4.LTS\lib\</path>
         <kind>archive</kind>
         <file>rts2800_ml.lib</file>
         <name>args_main.c.obj</name>
      </input_file>
   </input_file_list>
   <object_component_list>
      <object_component id="oc-86">
         <name>PieVectTableFile</name>
         <uninitialized>true</uninitialized>
         <run_address>0xd00</run_address>
         <size>0x100</size>
         <input_file_ref idref="fl-7"/>
      </object_component>
      <object_component id="oc-5a">
         <name>EmuKeyVar</name>
         <uninitialized>true</uninitialized>
         <run_address>0xd00</run_address>
         <size>0x1</size>
         <input_file_ref idref="fl-7"/>
      </object_component>
      <object_component id="oc-5b">
         <name>EmuBModeVar</name>
         <uninitialized>true</uninitialized>
         <run_address>0xd01</run_address>
         <size>0x1</size>
         <input_file_ref idref="fl-7"/>
      </object_component>
      <object_component id="oc-5d">
         <name>FlashCallbackVar</name>
         <uninitialized>true</uninitialized>
         <run_address>0xd02</run_address>
         <size>0x2</size>
         <input_file_ref idref="fl-7"/>
      </object_component>
      <object_component id="oc-5c">
         <name>FlashScalingVar</name>
         <uninitialized>true</uninitialized>
         <run_address>0xd04</run_address>
         <size>0x2</size>
         <input_file_ref idref="fl-7"/>
      </object_component>
      <object_component id="oc-5f">
         <name>DevEmuRegsFile</name>
         <uninitialized>true</uninitialized>
         <run_address>0x880</run_address>
         <size>0x4</size>
         <input_file_ref idref="fl-7"/>
      </object_component>
      <object_component id="oc-5e">
         <name>SysPwrCtrlRegsFile</name>
         <uninitialized>true</uninitialized>
         <run_address>0x985</run_address>
         <size>0x3</size>
         <input_file_ref idref="fl-7"/>
      </object_component>
      <object_component id="oc-64">
         <name>FlashRegsFile</name>
         <uninitialized>true</uninitialized>
         <run_address>0xa80</run_address>
         <size>0x8</size>
         <input_file_ref idref="fl-7"/>
      </object_component>
      <object_component id="oc-66">
         <name>CsmRegsFile</name>
         <uninitialized>true</uninitialized>
         <run_address>0xae0</run_address>
         <size>0x10</size>
         <input_file_ref idref="fl-7"/>
      </object_component>
      <object_component id="oc-70">
         <name>AdcResultFile</name>
         <uninitialized>true</uninitialized>
         <run_address>0xb00</run_address>
         <size>0x20</size>
         <input_file_ref idref="fl-7"/>
      </object_component>
      <object_component id="oc-60">
         <name>CpuTimer0RegsFile</name>
         <uninitialized>true</uninitialized>
         <run_address>0xc00</run_address>
         <size>0x8</size>
         <input_file_ref idref="fl-7"/>
      </object_component>
      <object_component id="oc-61">
         <name>CpuTimer1RegsFile</name>
         <uninitialized>true</uninitialized>
         <run_address>0xc08</run_address>
         <size>0x8</size>
         <input_file_ref idref="fl-7"/>
      </object_component>
      <object_component id="oc-62">
         <name>CpuTimer2RegsFile</name>
         <uninitialized>true</uninitialized>
         <run_address>0xc10</run_address>
         <size>0x8</size>
         <input_file_ref idref="fl-7"/>
      </object_component>
      <object_component id="oc-6f">
         <name>PieCtrlRegsFile</name>
         <uninitialized>true</uninitialized>
         <run_address>0xce0</run_address>
         <size>0x1a</size>
         <input_file_ref idref="fl-7"/>
      </object_component>
      <object_component id="oc-80">
         <name>Cla1RegsFile</name>
         <uninitialized>true</uninitialized>
         <run_address>0x1400</run_address>
         <size>0x40</size>
         <input_file_ref idref="fl-7"/>
      </object_component>
      <object_component id="oc-75">
         <name>ECanaRegsFile</name>
         <uninitialized>true</uninitialized>
         <run_address>0x6000</run_address>
         <size>0x34</size>
         <input_file_ref idref="fl-7"/>
      </object_component>
      <object_component id="oc-7d">
         <name>ECanaLAMRegsFile</name>
         <uninitialized>true</uninitialized>
         <run_address>0x6040</run_address>
         <size>0x40</size>
         <input_file_ref idref="fl-7"/>
      </object_component>
      <object_component id="oc-85">
         <name>ECanaMboxesFile</name>
         <uninitialized>true</uninitialized>
         <run_address>0x6100</run_address>
         <size>0x100</size>
         <input_file_ref idref="fl-7"/>
      </object_component>
      <object_component id="oc-7e">
         <name>ECanaMOTSRegsFile</name>
         <uninitialized>true</uninitialized>
         <run_address>0x6080</run_address>
         <size>0x40</size>
         <input_file_ref idref="fl-7"/>
      </object_component>
      <object_component id="oc-7f">
         <name>ECanaMOTORegsFile</name>
         <uninitialized>true</uninitialized>
         <run_address>0x60c0</run_address>
         <size>0x40</size>
         <input_file_ref idref="fl-7"/>
      </object_component>
      <object_component id="oc-71">
         <name>ECap1RegsFile</name>
         <uninitialized>true</uninitialized>
         <run_address>0x6a00</run_address>
         <size>0x20</size>
         <input_file_ref idref="fl-7"/>
      </object_component>
      <object_component id="oc-81">
         <name>EQep1RegsFile</name>
         <uninitialized>true</uninitialized>
         <run_address>0x6b00</run_address>
         <size>0x40</size>
         <input_file_ref idref="fl-7"/>
      </object_component>
      <object_component id="oc-83">
         <name>LinaRegsFile</name>
         <uninitialized>true</uninitialized>
         <run_address>0x6c00</run_address>
         <size>0x4a</size>
         <input_file_ref idref="fl-7"/>
      </object_component>
      <object_component id="oc-82">
         <name>GpioCtrlRegsFile</name>
         <uninitialized>true</uninitialized>
         <run_address>0x6f80</run_address>
         <size>0x40</size>
         <input_file_ref idref="fl-7"/>
      </object_component>
      <object_component id="oc-72">
         <name>GpioDataRegsFile</name>
         <uninitialized>true</uninitialized>
         <run_address>0x6fc0</run_address>
         <size>0x20</size>
         <input_file_ref idref="fl-7"/>
      </object_component>
      <object_component id="oc-65">
         <name>GpioIntRegsFile</name>
         <uninitialized>true</uninitialized>
         <run_address>0x6fe0</run_address>
         <size>0xc</size>
         <input_file_ref idref="fl-7"/>
      </object_component>
      <object_component id="oc-73">
         <name>SysCtrlRegsFile</name>
         <uninitialized>true</uninitialized>
         <run_address>0x7010</run_address>
         <size>0x20</size>
         <input_file_ref idref="fl-7"/>
      </object_component>
      <object_component id="oc-69">
         <name>SpiaRegsFile</name>
         <uninitialized>true</uninitialized>
         <run_address>0x7040</run_address>
         <size>0x10</size>
         <input_file_ref idref="fl-7"/>
      </object_component>
      <object_component id="oc-6a">
         <name>SpibRegsFile</name>
         <uninitialized>true</uninitialized>
         <run_address>0x7740</run_address>
         <size>0x10</size>
         <input_file_ref idref="fl-7"/>
      </object_component>
      <object_component id="oc-68">
         <name>SciaRegsFile</name>
         <uninitialized>true</uninitialized>
         <run_address>0x7050</run_address>
         <size>0x10</size>
         <input_file_ref idref="fl-7"/>
      </object_component>
      <object_component id="oc-67">
         <name>NmiIntruptRegsFile</name>
         <uninitialized>true</uninitialized>
         <run_address>0x7060</run_address>
         <size>0x10</size>
         <input_file_ref idref="fl-7"/>
      </object_component>
      <object_component id="oc-6b">
         <name>XIntruptRegsFile</name>
         <uninitialized>true</uninitialized>
         <run_address>0x7070</run_address>
         <size>0x10</size>
         <input_file_ref idref="fl-7"/>
      </object_component>
      <object_component id="oc-84">
         <name>AdcRegsFile</name>
         <uninitialized>true</uninitialized>
         <run_address>0x7100</run_address>
         <size>0x50</size>
         <input_file_ref idref="fl-7"/>
      </object_component>
      <object_component id="oc-74">
         <name>I2caRegsFile</name>
         <uninitialized>true</uninitialized>
         <run_address>0x7900</run_address>
         <size>0x22</size>
         <input_file_ref idref="fl-7"/>
      </object_component>
      <object_component id="oc-6c">
         <name>Comp1RegsFile</name>
         <uninitialized>true</uninitialized>
         <run_address>0x6400</run_address>
         <size>0x11</size>
         <input_file_ref idref="fl-7"/>
      </object_component>
      <object_component id="oc-6d">
         <name>Comp2RegsFile</name>
         <uninitialized>true</uninitialized>
         <run_address>0x6420</run_address>
         <size>0x11</size>
         <input_file_ref idref="fl-7"/>
      </object_component>
      <object_component id="oc-6e">
         <name>Comp3RegsFile</name>
         <uninitialized>true</uninitialized>
         <run_address>0x6440</run_address>
         <size>0x11</size>
         <input_file_ref idref="fl-7"/>
      </object_component>
      <object_component id="oc-76">
         <name>EPwm1RegsFile</name>
         <uninitialized>true</uninitialized>
         <run_address>0x6800</run_address>
         <size>0x3a</size>
         <input_file_ref idref="fl-7"/>
      </object_component>
      <object_component id="oc-77">
         <name>EPwm2RegsFile</name>
         <uninitialized>true</uninitialized>
         <run_address>0x6840</run_address>
         <size>0x3a</size>
         <input_file_ref idref="fl-7"/>
      </object_component>
      <object_component id="oc-78">
         <name>EPwm3RegsFile</name>
         <uninitialized>true</uninitialized>
         <run_address>0x6880</run_address>
         <size>0x3a</size>
         <input_file_ref idref="fl-7"/>
      </object_component>
      <object_component id="oc-79">
         <name>EPwm4RegsFile</name>
         <uninitialized>true</uninitialized>
         <run_address>0x68c0</run_address>
         <size>0x3a</size>
         <input_file_ref idref="fl-7"/>
      </object_component>
      <object_component id="oc-7a">
         <name>EPwm5RegsFile</name>
         <uninitialized>true</uninitialized>
         <run_address>0x6900</run_address>
         <size>0x3a</size>
         <input_file_ref idref="fl-7"/>
      </object_component>
      <object_component id="oc-7b">
         <name>EPwm6RegsFile</name>
         <uninitialized>true</uninitialized>
         <run_address>0x6940</run_address>
         <size>0x3a</size>
         <input_file_ref idref="fl-7"/>
      </object_component>
      <object_component id="oc-7c">
         <name>EPwm7RegsFile</name>
         <uninitialized>true</uninitialized>
         <run_address>0x6980</run_address>
         <size>0x3a</size>
         <input_file_ref idref="fl-7"/>
      </object_component>
      <object_component id="oc-63">
         <name>CsmPwlFile</name>
         <uninitialized>true</uninitialized>
         <run_address>0x3f7ff8</run_address>
         <size>0x8</size>
         <input_file_ref idref="fl-7"/>
      </object_component>
      <object_component id="oc-59">
         <name>PartIdRegsFile</name>
         <uninitialized>true</uninitialized>
         <run_address>0x3d7e80</run_address>
         <size>0x1</size>
         <input_file_ref idref="fl-7"/>
      </object_component>
      <object_component id="oc-1b9">
         <name>.cinit</name>
         <load_address>0x3f7b70</load_address>
         <run_address>0x3f7b70</run_address>
         <size>0x49</size>
         <input_file_ref idref="fl-38"/>
      </object_component>
      <object_component id="oc-ee">
         <name>.cinit</name>
         <load_address>0x3f7bb9</load_address>
         <run_address>0x3f7bb9</run_address>
         <size>0x47</size>
         <input_file_ref idref="fl-19"/>
      </object_component>
      <object_component id="oc-19b">
         <name>.cinit</name>
         <load_address>0x3f7c00</load_address>
         <run_address>0x3f7c00</run_address>
         <size>0x30</size>
         <input_file_ref idref="fl-34"/>
      </object_component>
      <object_component id="oc-246">
         <name>.cinit:_aiLpf</name>
         <load_address>0x3f7c30</load_address>
         <run_address>0x3f7c30</run_address>
         <size>0x1d</size>
         <input_file_ref idref="fl-2f"/>
      </object_component>
      <object_component id="oc-16c">
         <name>.cinit</name>
         <load_address>0x3f7c4d</load_address>
         <run_address>0x3f7c4d</run_address>
         <size>0x16</size>
         <input_file_ref idref="fl-2d"/>
      </object_component>
      <object_component id="oc-179">
         <name>.cinit</name>
         <load_address>0x3f7c63</load_address>
         <run_address>0x3f7c63</run_address>
         <size>0x15</size>
         <input_file_ref idref="fl-2f"/>
      </object_component>
      <object_component id="oc-9e">
         <name>.cinit</name>
         <load_address>0x3f7c78</load_address>
         <run_address>0x3f7c78</run_address>
         <size>0x14</size>
         <input_file_ref idref="fl-d"/>
      </object_component>
      <object_component id="oc-b1">
         <name>.cinit</name>
         <load_address>0x3f7c8c</load_address>
         <run_address>0x3f7c8c</run_address>
         <size>0x14</size>
         <input_file_ref idref="fl-10"/>
      </object_component>
      <object_component id="oc-e6">
         <name>.cinit</name>
         <load_address>0x3f7ca0</load_address>
         <run_address>0x3f7ca0</run_address>
         <size>0x11</size>
         <input_file_ref idref="fl-18"/>
      </object_component>
      <object_component id="oc-257">
         <name>.cinit:_gMotorOverLoadTable</name>
         <load_address>0x3f7cb1</load_address>
         <run_address>0x3f7cb1</run_address>
         <size>0x11</size>
         <input_file_ref idref="fl-13"/>
      </object_component>
      <object_component id="oc-245">
         <name>.cinit:_pidLpf</name>
         <load_address>0x3f7cc2</load_address>
         <run_address>0x3f7cc2</run_address>
         <size>0x11</size>
         <input_file_ref idref="fl-2b"/>
      </object_component>
      <object_component id="oc-180">
         <name>.cinit</name>
         <load_address>0x3f7cd3</load_address>
         <run_address>0x3f7cd3</run_address>
         <size>0x10</size>
         <input_file_ref idref="fl-30"/>
      </object_component>
      <object_component id="oc-1c7">
         <name>.cinit</name>
         <load_address>0x3f7ce3</load_address>
         <run_address>0x3f7ce3</run_address>
         <size>0x10</size>
         <input_file_ref idref="fl-3a"/>
      </object_component>
      <object_component id="oc-300">
         <name>.cinit:_ZeroLengthPhase_Dpwm</name>
         <load_address>0x3f7cf3</load_address>
         <run_address>0x3f7cf3</run_address>
         <size>0xf</size>
         <input_file_ref idref="fl-21"/>
      </object_component>
      <object_component id="oc-2b7">
         <name>.cinit:_pInvTypeParaTable</name>
         <load_address>0x3f7d02</load_address>
         <run_address>0x3f7d02</run_address>
         <size>0xf</size>
         <input_file_ref idref="fl-2e"/>
      </object_component>
      <object_component id="oc-162">
         <name>.cinit</name>
         <load_address>0x3f7d11</load_address>
         <run_address>0x3f7d11</run_address>
         <size>0xf</size>
         <input_file_ref idref="fl-2b"/>
      </object_component>
      <object_component id="oc-230">
         <name>.cinit</name>
         <load_address>0x3f7d20</load_address>
         <run_address>0x3f7d20</run_address>
         <size>0xe</size>
         <input_file_ref idref="fl-51"/>
      </object_component>
      <object_component id="oc-d2">
         <name>.cinit</name>
         <load_address>0x3f7d2e</load_address>
         <run_address>0x3f7d2e</run_address>
         <size>0xc</size>
         <input_file_ref idref="fl-15"/>
      </object_component>
      <object_component id="oc-2c5">
         <name>.cinit:_Canlink_ErrInfo</name>
         <load_address>0x3f7d3a</load_address>
         <run_address>0x3f7d3a</run_address>
         <size>0xc</size>
         <input_file_ref idref="fl-22"/>
      </object_component>
      <object_component id="oc-2ed">
         <name>.cinit:_Modbus_Standard_ErrInfo</name>
         <load_address>0x3f7d46</load_address>
         <run_address>0x3f7d46</run_address>
         <size>0xc</size>
         <input_file_ref idref="fl-32"/>
      </object_component>
      <object_component id="oc-12a">
         <name>.cinit</name>
         <load_address>0x3f7d52</load_address>
         <run_address>0x3f7d52</run_address>
         <size>0xc</size>
         <input_file_ref idref="fl-23"/>
      </object_component>
      <object_component id="oc-13e">
         <name>.cinit</name>
         <load_address>0x3f7d5e</load_address>
         <run_address>0x3f7d5e</run_address>
         <size>0xc</size>
         <input_file_ref idref="fl-26"/>
      </object_component>
      <object_component id="oc-1b2">
         <name>.cinit</name>
         <load_address>0x3f7d6a</load_address>
         <run_address>0x3f7d6a</run_address>
         <size>0xc</size>
         <input_file_ref idref="fl-37"/>
      </object_component>
      <object_component id="oc-275">
         <name>.cinit:_gDeviceInformation</name>
         <load_address>0x3f7d76</load_address>
         <run_address>0x3f7d76</run_address>
         <size>0xb</size>
         <input_file_ref idref="fl-22"/>
      </object_component>
      <object_component id="oc-2a1">
         <name>.cinit:_displayBuffer</name>
         <load_address>0x3f7d81</load_address>
         <run_address>0x3f7d81</run_address>
         <size>0x9</size>
         <input_file_ref idref="fl-3a"/>
      </object_component>
      <object_component id="oc-2fa">
         <name>.cinit:_droopCtrlVoltageTable</name>
         <load_address>0x3f7d8a</load_address>
         <run_address>0x3f7d8a</run_address>
         <size>0x9</size>
         <input_file_ref idref="fl-2d"/>
      </object_component>
      <object_component id="oc-8f">
         <name>.cinit</name>
         <load_address>0x3f7d93</load_address>
         <run_address>0x3f7d93</run_address>
         <size>0x8</size>
         <input_file_ref idref="fl-a"/>
      </object_component>
      <object_component id="oc-fc">
         <name>.cinit</name>
         <load_address>0x3f7d9b</load_address>
         <run_address>0x3f7d9b</run_address>
         <size>0x8</size>
         <input_file_ref idref="fl-1b"/>
      </object_component>
      <object_component id="oc-131">
         <name>.cinit</name>
         <load_address>0x3f7da3</load_address>
         <run_address>0x3f7da3</run_address>
         <size>0x8</size>
         <input_file_ref idref="fl-24"/>
      </object_component>
      <object_component id="oc-146">
         <name>.cinit</name>
         <load_address>0x3f7dab</load_address>
         <run_address>0x3f7dab</run_address>
         <size>0x8</size>
         <input_file_ref idref="fl-27"/>
      </object_component>
      <object_component id="oc-14d">
         <name>.cinit</name>
         <load_address>0x3f7db3</load_address>
         <run_address>0x3f7db3</run_address>
         <size>0x8</size>
         <input_file_ref idref="fl-28"/>
      </object_component>
      <object_component id="oc-18e">
         <name>.cinit</name>
         <load_address>0x3f7dbb</load_address>
         <run_address>0x3f7dbb</run_address>
         <size>0x8</size>
         <input_file_ref idref="fl-32"/>
      </object_component>
      <object_component id="oc-1ab">
         <name>.cinit</name>
         <load_address>0x3f7dc3</load_address>
         <run_address>0x3f7dc3</run_address>
         <size>0x8</size>
         <input_file_ref idref="fl-36"/>
      </object_component>
      <object_component id="oc-277">
         <name>.cinit:_gCANlinkDataCFg</name>
         <load_address>0x3f7dcb</load_address>
         <run_address>0x3f7dcb</run_address>
         <size>0x7</size>
         <input_file_ref idref="fl-23"/>
      </object_component>
      <object_component id="oc-2d7">
         <name>.cinit:_InvRecFastTab</name>
         <load_address>0x3f7dd2</load_address>
         <run_address>0x3f7dd2</run_address>
         <size>0x5</size>
         <input_file_ref idref="fl-36"/>
      </object_component>
      <object_component id="oc-2d5">
         <name>.cinit:_InvRecSlowTab</name>
         <load_address>0x3f7dd7</load_address>
         <run_address>0x3f7dd7</run_address>
         <size>0x5</size>
         <input_file_ref idref="fl-36"/>
      </object_component>
      <object_component id="oc-2d1">
         <name>.cinit:_InvTrFastTab</name>
         <load_address>0x3f7ddc</load_address>
         <run_address>0x3f7ddc</run_address>
         <size>0x5</size>
         <input_file_ref idref="fl-36"/>
      </object_component>
      <object_component id="oc-2d3">
         <name>.cinit:_InvTrSlowTab</name>
         <load_address>0x3f7de1</load_address>
         <run_address>0x3f7de1</run_address>
         <size>0x5</size>
         <input_file_ref idref="fl-36"/>
      </object_component>
      <object_component id="oc-290">
         <name>.cinit:__lock</name>
         <load_address>0x3f7de6</load_address>
         <run_address>0x3f7de6</run_address>
         <size>0x5</size>
         <input_file_ref idref="fl-52"/>
      </object_component>
      <object_component id="oc-2e2">
         <name>.cinit:__unlock</name>
         <load_address>0x3f7deb</load_address>
         <run_address>0x3f7deb</run_address>
         <size>0x5</size>
         <input_file_ref idref="fl-52"/>
      </object_component>
      <object_component id="oc-187">
         <name>.cinit</name>
         <load_address>0x3f7df0</load_address>
         <run_address>0x3f7df0</run_address>
         <size>0x5</size>
         <input_file_ref idref="fl-31"/>
      </object_component>
      <object_component id="oc-1c0">
         <name>.cinit</name>
         <load_address>0x3f7df5</load_address>
         <run_address>0x3f7df5</run_address>
         <size>0x5</size>
         <input_file_ref idref="fl-39"/>
      </object_component>
      <object_component id="oc-1ce">
         <name>.cinit</name>
         <load_address>0x3f7dfa</load_address>
         <run_address>0x3f7dfa</run_address>
         <size>0x5</size>
         <input_file_ref idref="fl-3b"/>
      </object_component>
      <object_component id="oc-a5">
         <name>.cinit</name>
         <load_address>0x3f7dff</load_address>
         <run_address>0x3f7dff</run_address>
         <size>0x4</size>
         <input_file_ref idref="fl-e"/>
      </object_component>
      <object_component id="oc-aa">
         <name>.cinit</name>
         <load_address>0x3f7e03</load_address>
         <run_address>0x3f7e03</run_address>
         <size>0x4</size>
         <input_file_ref idref="fl-f"/>
      </object_component>
      <object_component id="oc-cb">
         <name>.cinit</name>
         <load_address>0x3f7e07</load_address>
         <run_address>0x3f7e07</run_address>
         <size>0x4</size>
         <input_file_ref idref="fl-14"/>
      </object_component>
      <object_component id="oc-d9">
         <name>.cinit</name>
         <load_address>0x3f7e0b</load_address>
         <run_address>0x3f7e0b</run_address>
         <size>0x4</size>
         <input_file_ref idref="fl-16"/>
      </object_component>
      <object_component id="oc-f5">
         <name>.cinit</name>
         <load_address>0x3f7e0f</load_address>
         <run_address>0x3f7e0f</run_address>
         <size>0x4</size>
         <input_file_ref idref="fl-1a"/>
      </object_component>
      <object_component id="oc-103">
         <name>.cinit</name>
         <load_address>0x3f7e13</load_address>
         <run_address>0x3f7e13</run_address>
         <size>0x4</size>
         <input_file_ref idref="fl-1c"/>
      </object_component>
      <object_component id="oc-154">
         <name>.cinit</name>
         <load_address>0x3f7e17</load_address>
         <run_address>0x3f7e17</run_address>
         <size>0x4</size>
         <input_file_ref idref="fl-29"/>
      </object_component>
      <object_component id="oc-15b">
         <name>.cinit</name>
         <load_address>0x3f7e1b</load_address>
         <run_address>0x3f7e1b</run_address>
         <size>0x4</size>
         <input_file_ref idref="fl-2a"/>
      </object_component>
      <object_component id="oc-1a4">
         <name>.cinit</name>
         <load_address>0x3f7e1f</load_address>
         <run_address>0x3f7e1f</run_address>
         <size>0x4</size>
         <input_file_ref idref="fl-35"/>
      </object_component>
      <object_component id="oc-25e">
         <name>.text</name>
         <load_address>0x3e801d</load_address>
         <run_address>0x3e801d</run_address>
         <size>0x11ad</size>
         <input_file_ref idref="fl-31"/>
      </object_component>
      <object_component id="oc-244">
         <name>.text</name>
         <load_address>0x3e91ca</load_address>
         <run_address>0x3e91ca</run_address>
         <size>0xf1b</size>
         <input_file_ref idref="fl-2f"/>
      </object_component>
      <object_component id="oc-292">
         <name>.text</name>
         <load_address>0x3ea0e5</load_address>
         <run_address>0x3ea0e5</run_address>
         <size>0xca3</size>
         <input_file_ref idref="fl-19"/>
      </object_component>
      <object_component id="oc-2cb">
         <name>.text</name>
         <load_address>0x3ead88</load_address>
         <run_address>0x3ead88</run_address>
         <size>0xbdf</size>
         <input_file_ref idref="fl-37"/>
      </object_component>
      <object_component id="oc-241">
         <name>.text</name>
         <load_address>0x3eb967</load_address>
         <run_address>0x3eb967</run_address>
         <size>0x97c</size>
         <input_file_ref idref="fl-24"/>
      </object_component>
      <object_component id="oc-240">
         <name>.text</name>
         <load_address>0x3ec2e3</load_address>
         <run_address>0x3ec2e3</run_address>
         <size>0x89b</size>
         <input_file_ref idref="fl-13"/>
      </object_component>
      <object_component id="oc-289">
         <name>.text</name>
         <load_address>0x3ecb7e</load_address>
         <run_address>0x3ecb7e</run_address>
         <size>0x884</size>
         <input_file_ref idref="fl-2a"/>
      </object_component>
      <object_component id="oc-29a">
         <name>.text</name>
         <load_address>0x3ed402</load_address>
         <run_address>0x3ed402</run_address>
         <size>0x7bc</size>
         <input_file_ref idref="fl-1d"/>
      </object_component>
      <object_component id="oc-242">
         <name>.text</name>
         <load_address>0x3edbbe</load_address>
         <run_address>0x3edbbe</run_address>
         <size>0x6e0</size>
         <input_file_ref idref="fl-23"/>
      </object_component>
      <object_component id="oc-28b">
         <name>.text</name>
         <load_address>0x3ee29e</load_address>
         <run_address>0x3ee29e</run_address>
         <size>0x6d9</size>
         <input_file_ref idref="fl-18"/>
      </object_component>
      <object_component id="oc-2ca">
         <name>.text</name>
         <load_address>0x3ee977</load_address>
         <run_address>0x3ee977</run_address>
         <size>0x67b</size>
         <input_file_ref idref="fl-2d"/>
      </object_component>
      <object_component id="oc-2df">
         <name>.text</name>
         <load_address>0x3eeff2</load_address>
         <run_address>0x3eeff2</run_address>
         <size>0x65f</size>
         <input_file_ref idref="fl-16"/>
      </object_component>
      <object_component id="oc-2dc">
         <name>.text</name>
         <load_address>0x3ef651</load_address>
         <run_address>0x3ef651</run_address>
         <size>0x633</size>
         <input_file_ref idref="fl-10"/>
      </object_component>
      <object_component id="oc-28a">
         <name>.text</name>
         <load_address>0x3efc84</load_address>
         <run_address>0x3efc84</run_address>
         <size>0x5f6</size>
         <input_file_ref idref="fl-14"/>
      </object_component>
      <object_component id="oc-247">
         <name>.text</name>
         <load_address>0x3f027a</load_address>
         <run_address>0x3f027a</run_address>
         <size>0x5d1</size>
         <input_file_ref idref="fl-2b"/>
      </object_component>
      <object_component id="oc-2da">
         <name>.text</name>
         <load_address>0x3f084b</load_address>
         <run_address>0x3f084b</run_address>
         <size>0x553</size>
         <input_file_ref idref="fl-1c"/>
      </object_component>
      <object_component id="oc-293">
         <name>.text</name>
         <load_address>0x3f0d9e</load_address>
         <run_address>0x3f0d9e</run_address>
         <size>0x52a</size>
         <input_file_ref idref="fl-d"/>
      </object_component>
      <object_component id="oc-2cd">
         <name>.text</name>
         <load_address>0x3f12c8</load_address>
         <run_address>0x3f12c8</run_address>
         <size>0x4e0</size>
         <input_file_ref idref="fl-34"/>
      </object_component>
      <object_component id="oc-265">
         <name>.text</name>
         <load_address>0x3f17a8</load_address>
         <run_address>0x3f17a8</run_address>
         <size>0x48e</size>
         <input_file_ref idref="fl-27"/>
      </object_component>
      <object_component id="oc-2c9">
         <name>.text</name>
         <load_address>0x3f1c36</load_address>
         <run_address>0x3f1c36</run_address>
         <size>0x481</size>
         <input_file_ref idref="fl-28"/>
      </object_component>
      <object_component id="oc-26e">
         <name>.text</name>
         <load_address>0x3f20b7</load_address>
         <run_address>0x3f20b7</run_address>
         <size>0x40f</size>
         <input_file_ref idref="fl-30"/>
      </object_component>
      <object_component id="oc-243">
         <name>.text</name>
         <load_address>0x3f24c6</load_address>
         <run_address>0x3f24c6</run_address>
         <size>0x3cb</size>
         <input_file_ref idref="fl-38"/>
      </object_component>
      <object_component id="oc-2c8">
         <name>.text</name>
         <load_address>0x3f2891</load_address>
         <run_address>0x3f2891</run_address>
         <size>0x396</size>
         <input_file_ref idref="fl-3a"/>
      </object_component>
      <object_component id="oc-29b">
         <name>.text</name>
         <load_address>0x3f2c27</load_address>
         <run_address>0x3f2c27</run_address>
         <size>0x38b</size>
         <input_file_ref idref="fl-a"/>
      </object_component>
      <object_component id="oc-2c2">
         <name>.text</name>
         <load_address>0x3f2fb2</load_address>
         <run_address>0x3f2fb2</run_address>
         <size>0x330</size>
         <input_file_ref idref="fl-32"/>
      </object_component>
      <object_component id="oc-25d">
         <name>.text</name>
         <load_address>0x3f32e2</load_address>
         <run_address>0x3f32e2</run_address>
         <size>0x314</size>
         <input_file_ref idref="fl-f"/>
      </object_component>
      <object_component id="oc-260">
         <name>.text</name>
         <load_address>0x3f35f6</load_address>
         <run_address>0x3f35f6</run_address>
         <size>0x2f0</size>
         <input_file_ref idref="fl-2e"/>
      </object_component>
      <object_component id="oc-261">
         <name>.text</name>
         <load_address>0x3f38e6</load_address>
         <run_address>0x3f38e6</run_address>
         <size>0x2d7</size>
         <input_file_ref idref="fl-29"/>
      </object_component>
      <object_component id="oc-248">
         <name>.text</name>
         <load_address>0x3f3bbd</load_address>
         <run_address>0x3f3bbd</run_address>
         <size>0x2d6</size>
         <input_file_ref idref="fl-1a"/>
      </object_component>
      <object_component id="oc-2db">
         <name>.text</name>
         <load_address>0x3f3e93</load_address>
         <run_address>0x3f3e93</run_address>
         <size>0x284</size>
         <input_file_ref idref="fl-11"/>
      </object_component>
      <object_component id="oc-271">
         <name>.text</name>
         <load_address>0x3f4117</load_address>
         <run_address>0x3f4117</run_address>
         <size>0x22e</size>
         <input_file_ref idref="fl-26"/>
      </object_component>
      <object_component id="oc-27a">
         <name>.text</name>
         <load_address>0x3f4345</load_address>
         <run_address>0x3f4345</run_address>
         <size>0x206</size>
         <input_file_ref idref="fl-35"/>
      </object_component>
      <object_component id="oc-29d">
         <name>.text</name>
         <load_address>0x3f454b</load_address>
         <run_address>0x3f454b</run_address>
         <size>0x205</size>
         <input_file_ref idref="fl-1b"/>
      </object_component>
      <object_component id="oc-255">
         <name>.text</name>
         <load_address>0x3f4750</load_address>
         <run_address>0x3f4750</run_address>
         <size>0x1ea</size>
         <input_file_ref idref="fl-15"/>
      </object_component>
      <object_component id="oc-279">
         <name>.text</name>
         <load_address>0x3f493a</load_address>
         <run_address>0x3f493a</run_address>
         <size>0x1a3</size>
         <input_file_ref idref="fl-36"/>
      </object_component>
      <object_component id="oc-253">
         <name>.text</name>
         <load_address>0x3f4add</load_address>
         <run_address>0x3f4add</run_address>
         <size>0x16e</size>
         <input_file_ref idref="fl-17"/>
      </object_component>
      <object_component id="oc-280">
         <name>.text</name>
         <load_address>0x3f4c4b</load_address>
         <run_address>0x3f4c4b</run_address>
         <size>0x164</size>
         <input_file_ref idref="fl-39"/>
      </object_component>
      <object_component id="oc-291">
         <name>.text</name>
         <load_address>0x3f4daf</load_address>
         <run_address>0x3f4daf</run_address>
         <size>0x14d</size>
         <input_file_ref idref="fl-3d"/>
      </object_component>
      <object_component id="oc-2e0">
         <name>.text</name>
         <load_address>0x3f4efc</load_address>
         <run_address>0x3f4efc</run_address>
         <size>0x115</size>
         <input_file_ref idref="fl-1f"/>
      </object_component>
      <object_component id="oc-28c">
         <name>.text</name>
         <load_address>0x3f5011</load_address>
         <run_address>0x3f5011</run_address>
         <size>0x10f</size>
         <input_file_ref idref="fl-20"/>
      </object_component>
      <object_component id="oc-254">
         <name>.text</name>
         <load_address>0x3f5120</load_address>
         <run_address>0x3f5120</run_address>
         <size>0x10e</size>
         <input_file_ref idref="fl-12"/>
      </object_component>
      <object_component id="oc-1fd">
         <name>.text</name>
         <load_address>0x3f522e</load_address>
         <run_address>0x3f522e</run_address>
         <size>0x107</size>
         <input_file_ref idref="fl-47"/>
      </object_component>
      <object_component id="oc-2de">
         <name>.text</name>
         <load_address>0x3f5335</load_address>
         <run_address>0x3f5335</run_address>
         <size>0xf2</size>
         <input_file_ref idref="fl-21"/>
      </object_component>
      <object_component id="oc-26a">
         <name>.text</name>
         <load_address>0x3f5427</load_address>
         <run_address>0x3f5427</run_address>
         <size>0xf0</size>
         <input_file_ref idref="fl-22"/>
      </object_component>
      <object_component id="oc-2dd">
         <name>.text</name>
         <load_address>0x3f5517</load_address>
         <run_address>0x3f5517</run_address>
         <size>0xe0</size>
         <input_file_ref idref="fl-c"/>
      </object_component>
      <object_component id="oc-2ce">
         <name>.text</name>
         <load_address>0x3f55f7</load_address>
         <run_address>0x3f55f7</run_address>
         <size>0xc2</size>
         <input_file_ref idref="fl-3b"/>
      </object_component>
      <object_component id="oc-48">
         <name>.text</name>
         <load_address>0x3f56b9</load_address>
         <run_address>0x3f56b9</run_address>
         <size>0x91</size>
         <input_file_ref idref="fl-4"/>
      </object_component>
      <object_component id="oc-19e">
         <name>.text:retain</name>
         <load_address>0x3f574a</load_address>
         <run_address>0x3f574a</run_address>
         <size>0x83</size>
         <input_file_ref idref="fl-34"/>
      </object_component>
      <object_component id="oc-140">
         <name>.text:retain</name>
         <load_address>0x3f57cd</load_address>
         <run_address>0x3f57cd</run_address>
         <size>0x74</size>
         <input_file_ref idref="fl-26"/>
      </object_component>
      <object_component id="oc-2cc">
         <name>.text</name>
         <load_address>0x3f5841</load_address>
         <run_address>0x3f5841</run_address>
         <size>0x6d</size>
         <input_file_ref idref="fl-33"/>
      </object_component>
      <object_component id="oc-1d6">
         <name>.text:retain</name>
         <load_address>0x3f58ae</load_address>
         <run_address>0x3f58ae</run_address>
         <size>0x5c</size>
         <input_file_ref idref="fl-3c"/>
      </object_component>
      <object_component id="oc-e8">
         <name>.text:retain</name>
         <load_address>0x3f590a</load_address>
         <run_address>0x3f590a</run_address>
         <size>0x5b</size>
         <input_file_ref idref="fl-18"/>
      </object_component>
      <object_component id="oc-1e9">
         <name>.text</name>
         <load_address>0x3f5965</load_address>
         <run_address>0x3f5965</run_address>
         <size>0x5a</size>
         <input_file_ref idref="fl-43"/>
      </object_component>
      <object_component id="oc-1e2">
         <name>.text</name>
         <load_address>0x3f59bf</load_address>
         <run_address>0x3f59bf</run_address>
         <size>0x54</size>
         <input_file_ref idref="fl-42"/>
      </object_component>
      <object_component id="oc-28e">
         <name>.text</name>
         <load_address>0x3f5a13</load_address>
         <run_address>0x3f5a13</run_address>
         <size>0x53</size>
         <input_file_ref idref="fl-3c"/>
      </object_component>
      <object_component id="oc-2e4">
         <name>.text</name>
         <load_address>0x3f5a66</load_address>
         <run_address>0x3f5a66</run_address>
         <size>0x44</size>
         <input_file_ref idref="fl-6"/>
      </object_component>
      <object_component id="oc-269">
         <name>.text</name>
         <load_address>0x3f5aaa</load_address>
         <run_address>0x3f5aaa</run_address>
         <size>0x43</size>
         <input_file_ref idref="fl-25"/>
      </object_component>
      <object_component id="oc-133">
         <name>.text:retain</name>
         <load_address>0x3f5aed</load_address>
         <run_address>0x3f5aed</run_address>
         <size>0x2e</size>
         <input_file_ref idref="fl-24"/>
      </object_component>
      <object_component id="oc-c5">
         <name>.text:retain</name>
         <load_address>0x3f5b1b</load_address>
         <run_address>0x3f5b1b</run_address>
         <size>0x2d</size>
         <input_file_ref idref="fl-13"/>
      </object_component>
      <object_component id="oc-216">
         <name>.text</name>
         <load_address>0x3f5b48</load_address>
         <run_address>0x3f5b48</run_address>
         <size>0x2a</size>
         <input_file_ref idref="fl-4c"/>
      </object_component>
      <object_component id="oc-24d">
         <name>.text</name>
         <load_address>0x3f5b72</load_address>
         <run_address>0x3f5b72</run_address>
         <size>0x29</size>
         <input_file_ref idref="fl-51"/>
      </object_component>
      <object_component id="oc-1f3">
         <name>.text</name>
         <load_address>0x3f5b9b</load_address>
         <run_address>0x3f5b9b</run_address>
         <size>0x29</size>
         <input_file_ref idref="fl-45"/>
      </object_component>
      <object_component id="oc-4d">
         <name>.text</name>
         <load_address>0x3f5bc4</load_address>
         <run_address>0x3f5bc4</run_address>
         <size>0x26</size>
         <input_file_ref idref="fl-5"/>
      </object_component>
      <object_component id="oc-1ee">
         <name>.text</name>
         <load_address>0x3f5bea</load_address>
         <run_address>0x3f5bea</run_address>
         <size>0x25</size>
         <input_file_ref idref="fl-44"/>
      </object_component>
      <object_component id="oc-24a">
         <name>.text</name>
         <load_address>0x3f5c0f</load_address>
         <run_address>0x3f5c0f</run_address>
         <size>0x24</size>
         <input_file_ref idref="fl-4d"/>
      </object_component>
      <object_component id="oc-207">
         <name>.text</name>
         <load_address>0x3f5c33</load_address>
         <run_address>0x3f5c33</run_address>
         <size>0x22</size>
         <input_file_ref idref="fl-49"/>
      </object_component>
      <object_component id="oc-1f8">
         <name>.text</name>
         <load_address>0x3f5c55</load_address>
         <run_address>0x3f5c55</run_address>
         <size>0x1e</size>
         <input_file_ref idref="fl-46"/>
      </object_component>
      <object_component id="oc-28d">
         <name>.text</name>
         <load_address>0x3f5c73</load_address>
         <run_address>0x3f5c73</run_address>
         <size>0x1d</size>
         <input_file_ref idref="fl-4e"/>
      </object_component>
      <object_component id="oc-20c">
         <name>.text</name>
         <load_address>0x3f5c90</load_address>
         <run_address>0x3f5c90</run_address>
         <size>0x1a</size>
         <input_file_ref idref="fl-4a"/>
      </object_component>
      <object_component id="oc-202">
         <name>.text</name>
         <load_address>0x3f5caa</load_address>
         <run_address>0x3f5caa</run_address>
         <size>0x14</size>
         <input_file_ref idref="fl-48"/>
      </object_component>
      <object_component id="oc-24c">
         <name>.text</name>
         <load_address>0x3f5cbe</load_address>
         <run_address>0x3f5cbe</run_address>
         <size>0x11</size>
         <input_file_ref idref="fl-53"/>
      </object_component>
      <object_component id="oc-211">
         <name>.text</name>
         <load_address>0x3f5ccf</load_address>
         <run_address>0x3f5ccf</run_address>
         <size>0xb</size>
         <input_file_ref idref="fl-4b"/>
      </object_component>
      <object_component id="oc-2e1">
         <name>.text</name>
         <load_address>0x3f5cda</load_address>
         <run_address>0x3f5cda</run_address>
         <size>0x9</size>
         <input_file_ref idref="fl-52"/>
      </object_component>
      <object_component id="oc-1dd">
         <name>.text:retain</name>
         <load_address>0x3f5ce3</load_address>
         <run_address>0x3f5ce3</run_address>
         <size>0x8</size>
         <input_file_ref idref="fl-3d"/>
      </object_component>
      <object_component id="oc-249">
         <name>.text</name>
         <load_address>0x3f5ceb</load_address>
         <run_address>0x3f5ceb</run_address>
         <size>0x2</size>
         <input_file_ref idref="fl-4f"/>
      </object_component>
      <object_component id="oc-24b">
         <name>.text</name>
         <load_address>0x3f5ced</load_address>
         <run_address>0x3f5ced</run_address>
         <size>0x1</size>
         <input_file_ref idref="fl-50"/>
      </object_component>
      <object_component id="oc-310">
         <name>.ovly:_prginRAM</name>
         <load_address>0x3f7e28</load_address>
         <run_address>0x3f7e28</run_address>
         <size>0xa</size>
      </object_component>
      <object_component id="oc-47">
         <name>codestart</name>
         <load_address>0x3f7ff6</load_address>
         <run_address>0x3f7ff6</run_address>
         <size>0x2</size>
         <input_file_ref idref="fl-5"/>
      </object_component>
      <object_component id="oc-2e3">
         <name>ramfuncs</name>
         <load_address>0x3e8000</load_address>
         <run_address>0x8000</run_address>
         <size>0x19</size>
         <input_file_ref idref="fl-3d"/>
      </object_component>
      <object_component id="oc-88">
         <name>ramfuncs</name>
         <load_address>0x3e8019</load_address>
         <run_address>0x8019</run_address>
         <size>0x4</size>
         <input_file_ref idref="fl-8"/>
      </object_component>
      <object_component id="oc-8c">
         <name>csmpasswds</name>
         <load_address>0x3f7ff8</load_address>
         <run_address>0x3f7ff8</run_address>
         <size>0x8</size>
         <input_file_ref idref="fl-9"/>
      </object_component>
      <object_component id="oc-8d">
         <name>csm_rsvd</name>
         <load_address>0x3f7f80</load_address>
         <run_address>0x3f7f80</run_address>
         <size>0x76</size>
         <input_file_ref idref="fl-9"/>
      </object_component>
      <object_component id="oc-1e3">
         <name>.stack</name>
         <uninitialized>true</uninitialized>
         <run_address>0x400</run_address>
         <size>0x0</size>
         <input_file_ref idref="fl-42"/>
      </object_component>
      <object_component id="oc-35f">
         <name>.stack</name>
         <uninitialized>true</uninitialized>
         <run_address>0x400</run_address>
         <size>0x0</size>
      </object_component>
      <object_component id="oc-53">
         <name>.ebss</name>
         <uninitialized>true</uninitialized>
         <run_address>0x956c</run_address>
         <size>0x10</size>
         <input_file_ref idref="fl-6"/>
      </object_component>
      <object_component id="oc-90">
         <name>.ebss</name>
         <uninitialized>true</uninitialized>
         <run_address>0x8ec2</run_address>
         <size>0x24</size>
         <input_file_ref idref="fl-a"/>
      </object_component>
      <object_component id="oc-98">
         <name>.ebss</name>
         <uninitialized>true</uninitialized>
         <run_address>0x986a</run_address>
         <size>0xa</size>
         <input_file_ref idref="fl-c"/>
      </object_component>
      <object_component id="oc-9f">
         <name>.ebss</name>
         <uninitialized>true</uninitialized>
         <run_address>0x8efa</run_address>
         <size>0x6</size>
         <input_file_ref idref="fl-d"/>
      </object_component>
      <object_component id="oc-2e6">
         <name>.ebss:_gSendToMotor05MsDataBuff</name>
         <uninitialized>true</uninitialized>
         <run_address>0x97d3</run_address>
         <size>0xe</size>
         <input_file_ref idref="fl-d"/>
      </object_component>
      <object_component id="oc-2b4">
         <name>.ebss:_gParaIdToFunctionDataBuff</name>
         <uninitialized>true</uninitialized>
         <run_address>0x8ee6</run_address>
         <size>0x14</size>
         <input_file_ref idref="fl-d"/>
      </object_component>
      <object_component id="oc-2be">
         <name>.ebss:_gSendToFunctionDataBuff</name>
         <uninitialized>true</uninitialized>
         <run_address>0x9a00</run_address>
         <size>0x42</size>
         <input_file_ref idref="fl-d"/>
      </object_component>
      <object_component id="oc-2e5">
         <name>.ebss:_gSendToMotor2MsDataBuff</name>
         <uninitialized>true</uninitialized>
         <run_address>0x8e00</run_address>
         <size>0xc1</size>
         <input_file_ref idref="fl-d"/>
      </object_component>
      <object_component id="oc-a7">
         <name>.ebss</name>
         <uninitialized>true</uninitialized>
         <run_address>0x8afe</run_address>
         <size>0x2</size>
         <input_file_ref idref="fl-e"/>
      </object_component>
      <object_component id="oc-ab">
         <name>.ebss</name>
         <uninitialized>true</uninitialized>
         <run_address>0x8fc0</run_address>
         <size>0xa4</size>
         <input_file_ref idref="fl-f"/>
      </object_component>
      <object_component id="oc-b2">
         <name>.ebss</name>
         <uninitialized>true</uninitialized>
         <run_address>0x9380</run_address>
         <size>0x7e</size>
         <input_file_ref idref="fl-10"/>
      </object_component>
      <object_component id="oc-b8">
         <name>.ebss</name>
         <uninitialized>true</uninitialized>
         <run_address>0x9880</run_address>
         <size>0x4e</size>
         <input_file_ref idref="fl-11"/>
      </object_component>
      <object_component id="oc-be">
         <name>.ebss</name>
         <uninitialized>true</uninitialized>
         <run_address>0x9200</run_address>
         <size>0x94</size>
         <input_file_ref idref="fl-12"/>
      </object_component>
      <object_component id="oc-c4">
         <name>.ebss</name>
         <uninitialized>true</uninitialized>
         <run_address>0x9600</run_address>
         <size>0x60</size>
         <input_file_ref idref="fl-13"/>
      </object_component>
      <object_component id="oc-256">
         <name>.ebss:_gMotorOverLoadTable</name>
         <uninitialized>true</uninitialized>
         <run_address>0x9371</run_address>
         <size>0xe</size>
         <input_file_ref idref="fl-13"/>
      </object_component>
      <object_component id="oc-cc">
         <name>.ebss</name>
         <uninitialized>true</uninitialized>
         <run_address>0x8fbc</run_address>
         <size>0x4</size>
         <input_file_ref idref="fl-14"/>
      </object_component>
      <object_component id="oc-d3">
         <name>.ebss</name>
         <uninitialized>true</uninitialized>
         <run_address>0x86cc</run_address>
         <size>0x34</size>
         <input_file_ref idref="fl-15"/>
      </object_component>
      <object_component id="oc-da">
         <name>.ebss</name>
         <uninitialized>true</uninitialized>
         <run_address>0x8dff</run_address>
         <size>0x1</size>
         <input_file_ref idref="fl-16"/>
      </object_component>
      <object_component id="oc-e0">
         <name>.ebss</name>
         <uninitialized>true</uninitialized>
         <run_address>0x9580</run_address>
         <size>0x68</size>
         <input_file_ref idref="fl-17"/>
      </object_component>
      <object_component id="oc-e7">
         <name>.ebss</name>
         <uninitialized>true</uninitialized>
         <run_address>0x84c0</run_address>
         <size>0x20c</size>
         <input_file_ref idref="fl-18"/>
      </object_component>
      <object_component id="oc-ef">
         <name>.ebss</name>
         <uninitialized>true</uninitialized>
         <run_address>0x8c00</run_address>
         <size>0xd0</size>
         <input_file_ref idref="fl-19"/>
      </object_component>
      <object_component id="oc-f6">
         <name>.ebss</name>
         <uninitialized>true</uninitialized>
         <run_address>0x9680</run_address>
         <size>0x5e</size>
         <input_file_ref idref="fl-1a"/>
      </object_component>
      <object_component id="oc-fd">
         <name>.ebss</name>
         <uninitialized>true</uninitialized>
         <run_address>0x9480</run_address>
         <size>0x78</size>
         <input_file_ref idref="fl-1b"/>
      </object_component>
      <object_component id="oc-104">
         <name>.ebss</name>
         <uninitialized>true</uninitialized>
         <run_address>0x8700</run_address>
         <size>0x14c</size>
         <input_file_ref idref="fl-1c"/>
      </object_component>
      <object_component id="oc-10a">
         <name>.ebss</name>
         <uninitialized>true</uninitialized>
         <run_address>0x8b00</run_address>
         <size>0x100</size>
         <input_file_ref idref="fl-1d"/>
      </object_component>
      <object_component id="oc-110">
         <name>.ebss</name>
         <uninitialized>true</uninitialized>
         <run_address>0x8880</run_address>
         <size>0x128</size>
         <input_file_ref idref="fl-1e"/>
      </object_component>
      <object_component id="oc-113">
         <name>.ebss</name>
         <uninitialized>true</uninitialized>
         <run_address>0x96f9</run_address>
         <size>0x7</size>
         <input_file_ref idref="fl-1f"/>
      </object_component>
      <object_component id="oc-11e">
         <name>.ebss</name>
         <uninitialized>true</uninitialized>
         <run_address>0x93fe</run_address>
         <size>0x2</size>
         <input_file_ref idref="fl-21"/>
      </object_component>
      <object_component id="oc-2ff">
         <name>.ebss:_ZeroLengthPhase_Dpwm</name>
         <uninitialized>true</uninitialized>
         <run_address>0x97e1</run_address>
         <size>0xc</size>
         <input_file_ref idref="fl-21"/>
      </object_component>
      <object_component id="oc-124">
         <name>.ebss</name>
         <uninitialized>true</uninitialized>
         <run_address>0x8ec1</run_address>
         <size>0x1</size>
         <input_file_ref idref="fl-22"/>
      </object_component>
      <object_component id="oc-2c4">
         <name>.ebss:_Canlink_ErrInfo</name>
         <uninitialized>true</uninitialized>
         <run_address>0x98e2</run_address>
         <size>0x9</size>
         <input_file_ref idref="fl-22"/>
      </object_component>
      <object_component id="oc-274">
         <name>.ebss:_gDeviceInformation</name>
         <uninitialized>true</uninitialized>
         <run_address>0x9852</run_address>
         <size>0xc</size>
         <input_file_ref idref="fl-22"/>
      </object_component>
      <object_component id="oc-12b">
         <name>.ebss</name>
         <uninitialized>true</uninitialized>
         <run_address>0x92c0</run_address>
         <size>0x92</size>
         <input_file_ref idref="fl-23"/>
      </object_component>
      <object_component id="oc-270">
         <name>.ebss:_gCanlinkRecDataAddr</name>
         <uninitialized>true</uninitialized>
         <run_address>0x8cf8</run_address>
         <size>0x8</size>
         <input_file_ref idref="fl-23"/>
      </object_component>
      <object_component id="oc-272">
         <name>.ebss:_gSendEn</name>
         <uninitialized>true</uninitialized>
         <run_address>0x95e8</run_address>
         <size>0x10</size>
         <input_file_ref idref="fl-23"/>
      </object_component>
      <object_component id="oc-273">
         <name>.ebss:_gtransInterval</name>
         <uninitialized>true</uninitialized>
         <run_address>0x9758</run_address>
         <size>0x10</size>
         <input_file_ref idref="fl-23"/>
      </object_component>
      <object_component id="oc-276">
         <name>.ebss:_gCANlinkDataCFg</name>
         <uninitialized>true</uninitialized>
         <run_address>0x9a80</run_address>
         <size>0x40</size>
         <input_file_ref idref="fl-23"/>
      </object_component>
      <object_component id="oc-278">
         <name>.ebss:_sDaTemp</name>
         <uninitialized>true</uninitialized>
         <run_address>0x9ac0</run_address>
         <size>0x40</size>
         <input_file_ref idref="fl-23"/>
      </object_component>
      <object_component id="oc-132">
         <name>.ebss</name>
         <uninitialized>true</uninitialized>
         <run_address>0x884c</run_address>
         <size>0x31</size>
         <input_file_ref idref="fl-24"/>
      </object_component>
      <object_component id="oc-266">
         <name>.ebss:_aoComm</name>
         <uninitialized>true</uninitialized>
         <run_address>0x887d</run_address>
         <size>0x3</size>
         <input_file_ref idref="fl-24"/>
      </object_component>
      <object_component id="oc-263">
         <name>.ebss:_commReadData</name>
         <uninitialized>true</uninitialized>
         <run_address>0x97ed</run_address>
         <size>0xc</size>
         <input_file_ref idref="fl-24"/>
      </object_component>
      <object_component id="oc-26c">
         <name>.ebss:_sendFrame</name>
         <uninitialized>true</uninitialized>
         <run_address>0x9294</run_address>
         <size>0x24</size>
         <input_file_ref idref="fl-24"/>
      </object_component>
      <object_component id="oc-268">
         <name>.ebss:_rcvFrame</name>
         <uninitialized>true</uninitialized>
         <run_address>0x91d6</run_address>
         <size>0x24</size>
         <input_file_ref idref="fl-24"/>
      </object_component>
      <object_component id="oc-13f">
         <name>.ebss</name>
         <uninitialized>true</uninitialized>
         <run_address>0x98d8</run_address>
         <size>0xa</size>
         <input_file_ref idref="fl-26"/>
      </object_component>
      <object_component id="oc-147">
         <name>.ebss</name>
         <uninitialized>true</uninitialized>
         <run_address>0x8cd0</run_address>
         <size>0x28</size>
         <input_file_ref idref="fl-27"/>
      </object_component>
      <object_component id="oc-2bf">
         <name>.ebss:_funcCodeOneWriteIndex</name>
         <uninitialized>true</uninitialized>
         <run_address>0x8d00</run_address>
         <size>0xc8</size>
         <input_file_ref idref="fl-27"/>
      </object_component>
      <object_component id="oc-14e">
         <name>.ebss</name>
         <uninitialized>true</uninitialized>
         <run_address>0x9064</run_address>
         <size>0x1c</size>
         <input_file_ref idref="fl-28"/>
      </object_component>
      <object_component id="oc-155">
         <name>.ebss</name>
         <uninitialized>true</uninitialized>
         <run_address>0x99de</run_address>
         <size>0x2</size>
         <input_file_ref idref="fl-29"/>
      </object_component>
      <object_component id="oc-2bd">
         <name>.ebss:_limitedByOtherCodeIndex</name>
         <uninitialized>true</uninitialized>
         <run_address>0x9140</run_address>
         <size>0x96</size>
         <input_file_ref idref="fl-29"/>
      </object_component>
      <object_component id="oc-15c">
         <name>.ebss</name>
         <uninitialized>true</uninitialized>
         <run_address>0x9500</run_address>
         <size>0x6c</size>
         <input_file_ref idref="fl-2a"/>
      </object_component>
      <object_component id="oc-163">
         <name>.ebss</name>
         <uninitialized>true</uninitialized>
         <run_address>0x9400</run_address>
         <size>0x7c</size>
         <input_file_ref idref="fl-2b"/>
      </object_component>
      <object_component id="oc-288">
         <name>.ebss:_pidLpf</name>
         <uninitialized>true</uninitialized>
         <run_address>0x89a8</run_address>
         <size>0x18</size>
         <input_file_ref idref="fl-2b"/>
      </object_component>
      <object_component id="oc-2ae">
         <name>.ebss:_funcCodeGradeCurMenuMode</name>
         <uninitialized>true</uninitialized>
         <run_address>0x9780</run_address>
         <size>0x53</size>
         <input_file_ref idref="fl-2c"/>
      </object_component>
      <object_component id="oc-169">
         <name>.ebss</name>
         <uninitialized>true</uninitialized>
         <run_address>0x8080</run_address>
         <size>0x431</size>
         <input_file_ref idref="fl-2c"/>
      </object_component>
      <object_component id="oc-16d">
         <name>.ebss</name>
         <uninitialized>true</uninitialized>
         <run_address>0x9700</run_address>
         <size>0x58</size>
         <input_file_ref idref="fl-2d"/>
      </object_component>
      <object_component id="oc-2f6">
         <name>.ebss:_errorsCodeFromMotor</name>
         <uninitialized>true</uninitialized>
         <run_address>0x99dc</run_address>
[...]
         <object_component_ref idref="oc-243"/>
      </symbol>
      <symbol id="sm-1998">
         <name>_decTimeOld</name>
         <value>0x8ad2</value>
         <object_component_ref idref="oc-1ba"/>
      </symbol>
      <symbol id="sm-19d5">
         <name>_torqurLine</name>
         <value>0x8fb0</value>
         <object_component_ref idref="oc-1c1"/>
      </symbol>
      <symbol id="sm-19d6">
         <name>_torqueAim</name>
         <value>0x8fa9</value>
         <object_component_ref idref="oc-1c1"/>
      </symbol>
      <symbol id="sm-19d7">
         <name>_torqueUpperEthDp</name>
         <value>0x8fad</value>
         <object_component_ref idref="oc-1c1"/>
      </symbol>
      <symbol id="sm-19d8">
         <name>_brakeTorqueAim</name>
         <value>0x8fab</value>
         <object_component_ref idref="oc-1c1"/>
      </symbol>
      <symbol id="sm-19d9">
         <name>_TorqueLimitCalc</name>
         <value>0x3f4d1e</value>
         <object_component_ref idref="oc-280"/>
      </symbol>
      <symbol id="sm-19db">
         <name>_TorqueCalc</name>
         <value>0x3f4daa</value>
         <object_component_ref idref="oc-280"/>
      </symbol>
      <symbol id="sm-19dd">
         <name>_torqueSetEthDp</name>
         <value>0x8fac</value>
         <object_component_ref idref="oc-1c1"/>
      </symbol>
      <symbol id="sm-19de">
         <name>_AccDecTorqueCalc</name>
         <value>0x3f4d65</value>
         <object_component_ref idref="oc-280"/>
      </symbol>
      <symbol id="sm-19e0">
         <name>_upperTorque</name>
         <value>0x8fa8</value>
         <object_component_ref idref="oc-1c1"/>
      </symbol>
      <symbol id="sm-19e1">
         <name>_UpdateTorqueAim</name>
         <value>0x3f4c4b</value>
         <object_component_ref idref="oc-280"/>
      </symbol>
      <symbol id="sm-19e3">
         <name>_brakeUpperTorque</name>
         <value>0x8faa</value>
         <object_component_ref idref="oc-1c1"/>
      </symbol>
      <symbol id="sm-1a57">
         <name>_onQuickTickerMax</name>
         <value>0x8dce</value>
         <object_component_ref idref="oc-1c8"/>
      </symbol>
      <symbol id="sm-1a58">
         <name>_keyFunc</name>
         <value>0x8dd7</value>
         <object_component_ref idref="oc-1c8"/>
      </symbol>
      <symbol id="sm-1a59">
         <name>_minRate</name>
         <value>0x3f7b34</value>
         <object_component_ref idref="oc-2f4"/>
      </symbol>
      <symbol id="sm-1a5a">
         <name>_keyChecking</name>
         <value>0x8dcc</value>
         <object_component_ref idref="oc-1c8"/>
      </symbol>
      <symbol id="sm-1a5b">
         <name>_bKeyProc</name>
         <value>0x8dda</value>
         <object_component_ref idref="oc-1c8"/>
      </symbol>
      <symbol id="sm-1a5c">
         <name>_repeatNumMax</name>
         <value>0x3f7b52</value>
         <object_component_ref idref="oc-2f5"/>
      </symbol>
      <symbol id="sm-1a5d">
         <name>_bOnShift</name>
         <value>0x8de0</value>
         <object_component_ref idref="oc-1c8"/>
      </symbol>
      <symbol id="sm-1a5e">
         <name>_keyValue</name>
         <value>0x8ddc</value>
         <object_component_ref idref="oc-1c8"/>
      </symbol>
      <symbol id="sm-1a5f">
         <name>_DISPLAY_CODE</name>
         <value>0x3f7847</value>
         <object_component_ref idref="oc-2a2"/>
      </symbol>
      <symbol id="sm-1a60">
         <name>_onQuickTicker</name>
         <value>0x8dcd</value>
         <object_component_ref idref="oc-1c8"/>
      </symbol>
      <symbol id="sm-1a61">
         <name>_keyBordValue</name>
         <value>0x8dd4</value>
         <object_component_ref idref="oc-1c8"/>
      </symbol>
      <symbol id="sm-1a62">
         <name>_DisplayScanPrepare</name>
         <value>0x3f2ba6</value>
         <object_component_ref idref="oc-2c8"/>
      </symbol>
      <symbol id="sm-1a64">
         <name>_keyPreCtrl</name>
         <value>0x8dd6</value>
         <object_component_ref idref="oc-1c8"/>
      </symbol>
      <symbol id="sm-1a65">
         <name>_KeyBordTest</name>
         <value>0x3f2ad6</value>
         <object_component_ref idref="oc-2c8"/>
      </symbol>
      <symbol id="sm-1a67">
         <name>_dispCodeMenuMode</name>
         <value>0x3f78ca</value>
         <object_component_ref idref="oc-2f1"/>
      </symbol>
      <symbol id="sm-1a68">
         <name>_bLight</name>
         <value>0x9975</value>
         <object_component_ref idref="oc-2ee"/>
      </symbol>
      <symbol id="sm-1a69">
         <name>_scanStep</name>
         <value>0x8dd2</value>
         <object_component_ref idref="oc-1c8"/>
      </symbol>
      <symbol id="sm-1a6a">
         <name>_InitSpiaGpio</name>
         <value>0x3f2b56</value>
         <object_component_ref idref="oc-2c8"/>
      </symbol>
      <symbol id="sm-1a6c">
         <name>_WinkDeal</name>
         <value>0x3f2891</value>
         <object_component_ref idref="oc-2c8"/>
      </symbol>
      <symbol id="sm-1a6e">
         <name>_flashTickerLed</name>
         <value>0x98f4</value>
         <object_component_ref idref="oc-2f0"/>
      </symbol>
      <symbol id="sm-1a6f">
         <name>_keyBordTestFlag</name>
         <value>0x8dd3</value>
         <object_component_ref idref="oc-1c8"/>
      </symbol>
      <symbol id="sm-1a70">
         <name>_InitSetSpiForFunc</name>
         <value>0x3f2b8f</value>
         <object_component_ref idref="oc-2c8"/>
      </symbol>
      <symbol id="sm-1a72">
         <name>_DisplayScan</name>
         <value>0x3f2c0d</value>
         <object_component_ref idref="oc-2c8"/>
      </symbol>
      <symbol id="sm-1a74">
         <name>_repeatStep</name>
         <value>0x8ddf</value>
         <object_component_ref idref="oc-1c8"/>
      </symbol>
      <symbol id="sm-1a75">
         <name>_onShiftPassViewTicker</name>
         <value>0x8dcf</value>
         <object_component_ref idref="oc-1c8"/>
      </symbol>
      <symbol id="sm-1a76">
         <name>_keySelTypeBak</name>
         <value>0x8dcb</value>
         <object_component_ref idref="oc-1c8"/>
      </symbol>
      <symbol id="sm-1a77">
         <name>_keyPreFunc</name>
         <value>0x8dd5</value>
         <object_component_ref idref="oc-1c8"/>
      </symbol>
      <symbol id="sm-1a78">
         <name>_factoryPwd</name>
         <value>0x8dd1</value>
         <object_component_ref idref="oc-1c8"/>
      </symbol>
      <symbol id="sm-1a79">
         <name>_keySelStatus</name>
         <value>0x8dc9</value>
         <object_component_ref idref="oc-1c8"/>
      </symbol>
      <symbol id="sm-1a7a">
         <name>_KeyProcess</name>
         <value>0x3f2ae4</value>
         <object_component_ref idref="oc-2c8"/>
      </symbol>
      <symbol id="sm-1a7c">
         <name>_displayBuffer</name>
         <value>0x994c</value>
         <object_component_ref idref="oc-2a0"/>
      </symbol>
      <symbol id="sm-1a7d">
         <name>_keySelType</name>
         <value>0x8dca</value>
         <object_component_ref idref="oc-1c8"/>
      </symbol>
      <symbol id="sm-1a7e">
         <name>_LED_CODE</name>
         <value>0x3f7a78</value>
         <object_component_ref idref="oc-2a5"/>
      </symbol>
      <symbol id="sm-1a7f">
         <name>_flashMaxSDSD</name>
         <value>0x8dc8</value>
         <object_component_ref idref="oc-1c8"/>
      </symbol>
      <symbol id="sm-1a80">
         <name>_repeatNum</name>
         <value>0x8dde</value>
         <object_component_ref idref="oc-1c8"/>
      </symbol>
      <symbol id="sm-1a81">
         <name>_upDownDelta</name>
         <value>0x8de1</value>
         <object_component_ref idref="oc-1c8"/>
      </symbol>
      <symbol id="sm-1a82">
         <name>_spiData</name>
         <value>0x8dea</value>
         <object_component_ref idref="oc-1c8"/>
      </symbol>
      <symbol id="sm-1a83">
         <name>_keyStatus</name>
         <value>0x8ddb</value>
         <object_component_ref idref="oc-1c8"/>
      </symbol>
      <symbol id="sm-1a84">
         <name>_flashTicker</name>
         <value>0x99c5</value>
         <object_component_ref idref="oc-2ef"/>
      </symbol>
      <symbol id="sm-1a85">
         <name>_KeyScan</name>
         <value>0x3f2a3c</value>
         <object_component_ref idref="oc-2c8"/>
      </symbol>
      <symbol id="sm-1a87">
         <name>_bKeyEsc</name>
         <value>0x8dd9</value>
         <object_component_ref idref="oc-1c8"/>
      </symbol>
      <symbol id="sm-1a88">
         <name>_diHwStatus</name>
         <value>0x8de8</value>
         <object_component_ref idref="oc-1c8"/>
      </symbol>
      <symbol id="sm-1a89">
         <name>_keyAge</name>
         <value>0x8dd8</value>
         <object_component_ref idref="oc-1c8"/>
      </symbol>
      <symbol id="sm-1a8a">
         <name>_UpdateMenuModeDisplayBuffer</name>
         <value>0x3f2960</value>
         <object_component_ref idref="oc-2c8"/>
      </symbol>
      <symbol id="sm-1a8c">
         <name>_bEnflash</name>
         <value>0x8ddd</value>
         <object_component_ref idref="oc-1c8"/>
      </symbol>
      <symbol id="sm-1a8d">
         <name>_onShiftPassViewTickerMax</name>
         <value>0x8dd0</value>
         <object_component_ref idref="oc-1c8"/>
      </symbol>
      <symbol id="sm-1a8e">
         <name>_UpdateDisplayBuffer</name>
         <value>0x3f297f</value>
         <object_component_ref idref="oc-2c8"/>
      </symbol>
      <symbol id="sm-1ab2">
         <name>_vfSeprateVolAim</name>
         <value>0x9768</value>
         <object_component_ref idref="oc-1cf"/>
      </symbol>
      <symbol id="sm-1ab3">
         <name>_vfSeparateDeal</name>
         <value>0x3f55f7</value>
         <object_component_ref idref="oc-2ce"/>
      </symbol>
      <symbol id="sm-1ab5">
         <name>_vfSeprateVolAccLine</name>
         <value>0x976c</value>
         <object_component_ref idref="oc-1cf"/>
      </symbol>
      <symbol id="sm-1ab6">
         <name>_vfSeparateVol</name>
         <value>0x9769</value>
         <object_component_ref idref="oc-1cf"/>
      </symbol>
      <symbol id="sm-1ab7">
         <name>_vfSeparateFlag</name>
         <value>0x976a</value>
         <object_component_ref idref="oc-1cf"/>
      </symbol>
      <symbol id="sm-1acc">
         <name>_main</name>
         <value>0x3f5a13</value>
         <object_component_ref idref="oc-28e"/>
      </symbol>
      <symbol id="sm-1ace">
         <name>_m_BaseTime</name>
         <value>0x9966</value>
         <object_component_ref idref="oc-1d5"/>
      </symbol>
      <symbol id="sm-1acf">
         <name>_EPWM2_TZ_isr</name>
         <value>0x3f58ae</value>
         <object_component_ref idref="oc-1d6"/>
      </symbol>
      <symbol id="sm-1ad1">
         <name>_ADC_Over_isr</name>
         <value>0x3f58db</value>
         <object_component_ref idref="oc-1d6"/>
      </symbol>
      <symbol id="sm-1ad3">
         <name>_m_LoopFlag</name>
         <value>0x9964</value>
         <object_component_ref idref="oc-1d5"/>
      </symbol>
      <symbol id="sm-1ad4">
         <name>_EPWM1_TZ_isr</name>
         <value>0x3f58bf</value>
         <object_component_ref idref="oc-1d6"/>
      </symbol>
      <symbol id="sm-1ad6">
         <name>_m_DetaTime</name>
         <value>0x9968</value>
         <object_component_ref idref="oc-1d5"/>
      </symbol>
      <symbol id="sm-1aee">
         <name>_InitPll</name>
         <value>0x3f4dd9</value>
         <object_component_ref idref="oc-291"/>
      </symbol>
      <symbol id="sm-1af0">
         <name>_copy_prg</name>
         <value>0x3f4daf</value>
         <object_component_ref idref="oc-291"/>
      </symbol>
      <symbol id="sm-1af2">
         <name>_InitSetGpio</name>
         <value>0x3f4e35</value>
         <object_component_ref idref="oc-291"/>
      </symbol>
      <symbol id="sm-1af4">
         <name>_DisableDog</name>
         <value>0x3f4dd1</value>
         <object_component_ref idref="oc-291"/>
      </symbol>
      <symbol id="sm-1af6">
         <name>_gErrorIntCnt</name>
         <value>0x967f</value>
         <object_component_ref idref="oc-1dc"/>
      </symbol>
      <symbol id="sm-1af7">
         <name>_InitPeripherals</name>
         <value>0x3f4ec4</value>
         <object_component_ref idref="oc-291"/>
      </symbol>
      <symbol id="sm-1af9">
         <name>_InitPeripheralClocks</name>
         <value>0x3f4e16</value>
         <object_component_ref idref="oc-291"/>
      </symbol>
      <symbol id="sm-1afb">
         <name>_KickDog</name>
         <value>0x3f4dc7</value>
         <object_component_ref idref="oc-291"/>
      </symbol>
      <symbol id="sm-1afd">
         <name>_InitFlash</name>
         <value>0x8000</value>
         <object_component_ref idref="oc-2e3"/>
      </symbol>
      <symbol id="sm-1aff">
         <name>_InitSetAdc</name>
         <value>0x3f4e67</value>
         <object_component_ref idref="oc-291"/>
      </symbol>
      <symbol id="sm-1b01">
         <name>_InitPieCtrl</name>
         <value>0x3f4eb5</value>
         <object_component_ref idref="oc-291"/>
      </symbol>
      <symbol id="sm-1b03">
         <name>_SetInterruptEnable</name>
         <value>0x3f4dba</value>
         <object_component_ref idref="oc-291"/>
      </symbol>
      <symbol id="sm-1b05">
         <name>_InitPieVectTable</name>
         <value>0x3f4ea5</value>
         <object_component_ref idref="oc-291"/>
      </symbol>
      <symbol id="sm-1b07">
         <name>_EnableDog</name>
         <value>0x3f4ef4</value>
         <object_component_ref idref="oc-291"/>
      </symbol>
      <symbol id="sm-1b09">
         <name>_InitSysCtrl</name>
         <value>0x3f4e24</value>
         <object_component_ref idref="oc-291"/>
      </symbol>
      <symbol id="sm-1b0b">
         <name>_InitInterrupt</name>
         <value>0x3f4ed1</value>
         <object_component_ref idref="oc-291"/>
      </symbol>
      <symbol id="sm-1b0d">
         <name>_rsvd_ISR</name>
         <value>0x3f5ce3</value>
         <object_component_ref idref="oc-1dd"/>
      </symbol>
      <symbol id="sm-1b29">
         <name>_c_int00</name>
         <value>0x3f59bf</value>
         <object_component_ref idref="oc-1e2"/>
      </symbol>
      <symbol id="sm-1b2a">
         <name>__stack</name>
         <value>0x400</value>
         <object_component_ref idref="oc-1e3"/>
      </symbol>
      <symbol id="sm-1b3b">
         <name>FS$$MPY</name>
         <value>0x3f5965</value>
         <object_component_ref idref="oc-1e9"/>
      </symbol>
      <symbol id="sm-1b4c">
         <name>FS$$TOI</name>
         <value>0x3f5bea</value>
         <object_component_ref idref="oc-1ee"/>
      </symbol>
      <symbol id="sm-1b5f">
         <name>FS$$TOL</name>
         <value>0x3f5b9b</value>
         <object_component_ref idref="oc-1f3"/>
      </symbol>
      <symbol id="sm-1b6d">
         <name>ULL$$CMP</name>
         <value>0x3f5c67</value>
         <object_component_ref idref="oc-1f8"/>
      </symbol>
      <symbol id="sm-1b6e">
         <name>LL$$CMP</name>
         <value>0x3f5c55</value>
         <object_component_ref idref="oc-1f8"/>
      </symbol>
      <symbol id="sm-1b9a">
         <name>ULL$$MOD</name>
         <value>0x3f52d3</value>
         <object_component_ref idref="oc-1fd"/>
      </symbol>
      <symbol id="sm-1b9b">
         <name>ULL$$DIV</name>
         <value>0x3f52a4</value>
         <object_component_ref idref="oc-1fd"/>
      </symbol>
      <symbol id="sm-1b9c">
         <name>LL$$MOD</name>
         <value>0x3f526a</value>
         <object_component_ref idref="oc-1fd"/>
      </symbol>
      <symbol id="sm-1b9d">
         <name>LL$$DIV</name>
         <value>0x3f522e</value>
         <object_component_ref idref="oc-1fd"/>
      </symbol>
      <symbol id="sm-1ba9">
         <name>LL$$MPY</name>
         <value>0x3f5caa</value>
         <object_component_ref idref="oc-202"/>
      </symbol>
      <symbol id="sm-1bb7">
         <name>I$$MOD</name>
         <value>0x3f5c44</value>
         <object_component_ref idref="oc-207"/>
      </symbol>
      <symbol id="sm-1bb8">
         <name>I$$DIV</name>
         <value>0x3f5c33</value>
         <object_component_ref idref="oc-207"/>
      </symbol>
      <symbol id="sm-1bc7">
         <name>I$$TOFS</name>
         <value>0x3f5c90</value>
         <object_component_ref idref="oc-20c"/>
      </symbol>
      <symbol id="sm-1bd3">
         <name>U$$MOD</name>
         <value>0x3f5cd4</value>
         <object_component_ref idref="oc-211"/>
      </symbol>
      <symbol id="sm-1bd4">
         <name>U$$DIV</name>
         <value>0x3f5ccf</value>
         <object_component_ref idref="oc-211"/>
      </symbol>
      <symbol id="sm-1be0">
         <name>UL$$MOD</name>
         <value>0x3f5b6c</value>
         <object_component_ref idref="oc-216"/>
      </symbol>
      <symbol id="sm-1be1">
         <name>L$$MOD</name>
         <value>0x3f5b57</value>
         <object_component_ref idref="oc-216"/>
      </symbol>
      <symbol id="sm-1be2">
         <name>L$$DIV</name>
         <value>0x3f5b48</value>
         <object_component_ref idref="oc-216"/>
      </symbol>
      <symbol id="sm-1be3">
         <name>UL$$DIV</name>
         <value>0x3f5b65</value>
         <object_component_ref idref="oc-216"/>
      </symbol>
      <symbol id="sm-1bf2">
         <name>_copy_in</name>
         <value>0x3f5c0f</value>
         <object_component_ref idref="oc-24a"/>
      </symbol>
      <symbol id="sm-1c04">
         <name>_memcpy</name>
         <value>0x3f5c73</value>
         <object_component_ref idref="oc-28d"/>
      </symbol>
      <symbol id="sm-1c11">
         <name>__system_pre_init</name>
         <value>0x3f5ceb</value>
         <object_component_ref idref="oc-249"/>
      </symbol>
      <symbol id="sm-1c1f">
         <name>__system_post_cinit</name>
         <value>0x3f5ced</value>
         <object_component_ref idref="oc-24b"/>
      </symbol>
      <symbol id="sm-1c34">
         <name>C$$EXIT</name>
         <value>0x3f5b72</value>
         <object_component_ref idref="oc-24d"/>
      </symbol>
      <symbol id="sm-1c35">
         <name>_exit</name>
         <value>0x3f5b74</value>
         <object_component_ref idref="oc-24d"/>
      </symbol>
      <symbol id="sm-1c37">
         <name>___TI_cleanup_ptr</name>
         <value>0x996c</value>
         <object_component_ref idref="oc-231"/>
      </symbol>
      <symbol id="sm-1c38">
         <name>___TI_enable_exit_profile_output</name>
         <value>0x996a</value>
         <object_component_ref idref="oc-231"/>
      </symbol>
      <symbol id="sm-1c39">
         <name>_abort</name>
         <value>0x3f5b72</value>
         <object_component_ref idref="oc-24d"/>
      </symbol>
      <symbol id="sm-1c3b">
         <name>___TI_dtors_ptr</name>
         <value>0x996e</value>
         <object_component_ref idref="oc-231"/>
      </symbol>
      <symbol id="sm-1c4f">
         <name>__unlock</name>
         <value>0x99d8</value>
         <object_component_ref idref="oc-30f"/>
      </symbol>
      <symbol id="sm-1c50">
         <name>__lock</name>
         <value>0x987e</value>
         <object_component_ref idref="oc-28f"/>
      </symbol>
      <symbol id="sm-1c51">
         <name>__register_lock</name>
         <value>0x3f5cde</value>
         <object_component_ref idref="oc-2e1"/>
      </symbol>
      <symbol id="sm-1c53">
         <name>__nop</name>
         <value>0x3f5ce2</value>
         <object_component_ref idref="oc-2e1"/>
      </symbol>
      <symbol id="sm-1c55">
         <name>__register_unlock</name>
         <value>0x3f5cda</value>
         <object_component_ref idref="oc-2e1"/>
      </symbol>
      <symbol id="sm-1c65">
         <name>__args_main</name>
         <value>0x3f5cbe</value>
         <object_component_ref idref="oc-24c"/>
      </symbol>
   </symbol_table>
   <title>Link successful</title>
</link_info>
