******************************************************************************
             TMS320C2000 Linker PC v20.2.4                     
******************************************************************************
>> Linked Sun Jul 11 11:54:17 2021

OUTPUT FILE NAME:   <D:/Product_Code/013_MD500E_C_2019/MD500E/CCs_28035/MD500E_C_F061M157F/../../CCs_28035/Debug/MD500E_C_F061M157F.out>
ENTRY POINT SYMBOL: "code_start"  address: 003f7ff6


MEMORY CONFIGURATION

         name            origin    length      used     unused   attr    fill
----------------------  --------  ---------  --------  --------  ----  --------
PAGE 0:
  RAMPRG                00008000   00000080  0000001d  00000063  RWIX
  OTP                   003d7800   00000400  00000000  00000400  RWIX
  FLASHA                003e8000   0000ff80  0000fe2f  00000151  RWIX
  CSM_RSVD              003f7f80   00000076  00000076  00000000  RWIX
  BEGIN                 003f7ff6   00000002  00000002  00000000  RWIX
  CSM_PWL               003f7ff8   00000008  00000008  00000000  RWIX
  IQTABLES              003fe000   00000b50  00000000  00000b50  RWIX
  IQTABLES2             003feb50   0000008c  00000000  0000008c  RWIX
  IQTABLES3             003febdc   000000aa  00000000  000000aa  RWIX
  ROM                   003ff27c   00000d44  00000000  00000d44  RWIX
  RESET                 003fffc0   00000002  00000000  00000002  RWIX
  VECTORS               003fffc2   0000003e  00000000  0000003e  RWIX

PAGE 1:
  RAMM0                 00000100   00000300  00000000  00000300  RWIX
  RAMM1                 00000400   00000400  00000400  00000000  RWIX
  DEV_EMU               00000880   00000105  00000004  00000101  RWIX
  SYS_PWR_CTL           00000985   00000003  00000003  00000000  RWIX
  FLASH_REGS            00000a80   00000060  00000008  00000058  RWIX
  CSM                   00000ae0   00000010  00000010  00000000  RWIX
  ADC_RESULT            00000b00   00000020  00000020  00000000  RWIX
  CPU_TIMER0            00000c00   00000008  00000008  00000000  RWIX
  CPU_TIMER1            00000c08   00000008  00000008  00000000  RWIX
  CPU_TIMER2            00000c10   00000008  00000008  00000000  RWIX
  PIE_CTRL              00000ce0   00000020  0000001a  00000006  RWIX
  PIE_VECT              00000d00   00000100  00000100  00000000  RWIX
  CLA1                  00001400   00000080  00000040  00000040  RWIX
  ECANA                 00006000   00000040  00000034  0000000c  RWIX
  ECANA_LAM             00006040   00000040  00000040  00000000  RWIX
  ECANA_MOTS            00006080   00000040  00000040  00000000  RWIX
  ECANA_MOTO            000060c0   00000040  00000040  00000000  RWIX
  ECANA_MBOX            00006100   00000100  00000100  00000000  RWIX
  COMP1                 00006400   00000020  00000011  0000000f  RWIX
  COMP2                 00006420   00000020  00000011  0000000f  RWIX
  COMP3                 00006440   00000020  00000011  0000000f  RWIX
  EPWM1                 00006800   00000040  0000003a  00000006  RWIX
  EPWM2                 00006840   00000040  0000003a  00000006  RWIX
  EPWM3                 00006880   00000040  0000003a  00000006  RWIX
  EPWM4                 000068c0   00000040  0000003a  00000006  RWIX
  EPWM5                 00006900   00000040  0000003a  00000006  RWIX
  EPWM6                 00006940   00000040  0000003a  00000006  RWIX
  EPWM7                 00006980   00000040  0000003a  00000006  RWIX
  ECAP1                 00006a00   00000020  00000020  00000000  RWIX
  EQEP1                 00006b00   00000040  00000040  00000000  RWIX
  LINA                  00006c00   00000080  0000004a  00000036  RWIX
  GPIOCTRL              00006f80   00000040  00000040  00000000  RWIX
  GPIODAT               00006fc0   00000020  00000020  00000000  RWIX
  GPIOINT               00006fe0   00000020  0000000c  00000014  RWIX
  SYSTEM                00007010   00000020  00000020  00000000  RWIX
  SPIA                  00007040   00000010  00000010  00000000  RWIX
  SCIA                  00007050   00000010  00000010  00000000  RWIX
  NMIINTRUPT            00007060   00000010  00000010  00000000  RWIX
  XINTRUPT              00007070   00000010  00000010  00000000  RWIX
  ADC                   00007100   00000080  00000050  00000030  RWIX
  SPIB                  00007740   00000010  00000010  00000000  RWIX
  I2CA                  00007900   00000040  00000022  0000001e  RWIX
  RAML0                 00008080   00001f80  00001a81  000004ff  RWIX
  PARTID                003d7e80   00000001  00000001  00000000  RWIX
  CSM_PWL               003f7ff8   00000008  00000008  00000000  RWIX


SECTION ALLOCATION MAP

 output                                  attributes/
section   page    origin      length       input sections
--------  ----  ----------  ----------   ----------------
ramfuncs   0    003e8000    0000001d     RUN ADDR = 00008000
                  003e8000    00000019     mainInit_2803x.obj (ramfuncs)
                  003e8019    00000004     DSP2803x_usDelay.obj (ramfuncs)

.econst    0    003f5cee    00001e82     
                  003f5cee    000010ea     f_funcCode.obj (.econst:_funcCodeAttribute)
                  003f6dd8    000003a2     f_eeprom.obj (.econst:_eeprom2Fc)
                  003f717a    00000100     f_common.obj (.econst:_crc16Table)
                  003f727a    000000f3     f_invPara.obj (.econst:_invTypeParaTableT380)
                  003f736d    000000c6     f_invPara.obj (.econst:_invTypeParaTableT220)
                  003f7433    000000ab     f_invPara.obj (.econst:_invTypeParaTableT1140)
                  003f74de    00000090     f_invPara.obj (.econst:_invTypeParaTableT690)
                  003f756e    00000078     f_menu.obj (.econst:_menu)
                  003f75e6    00000058     f_io.obj (.econst:_doFuncCal)
                  003f763e    00000056     f_menu.obj (.econst:_dispAttributeU0)
                  003f7694    00000053     f_funcCode.obj (.econst:_funcCodeGradeAll)
                  003f76e7    00000053     f_funcCode.obj (.econst:_funcCodeGradeSum)
                  003f773a    0000003f     f_invPara.obj (.econst:_invTypeParaTableS220)
                  003f7779    00000034     f_comm.obj (.econst:_dspBaudRegData)
                  003f77ad    00000034     f_funcCode.obj (.econst:_fcNoAttri2Eeprom)
                  003f77e1    00000033     f_io.obj (.econst:_voltageTempPT1000)
                  003f7814    00000033     f_io.obj (.econst:_voltageTempPT100)
                  003f7847    00000026     f_ui.obj (.econst:_DISPLAY_CODE)
                  003f786d    00000021     f_menu.obj (.econst:_commDispIndex)
                  003f788e    00000021     MotorConstant.obj (.econst:_gInvCurrentTable690T)
                  003f78af    0000001b     MotorConstant.obj (.econst:_gInvCurrentTable380T)
                  003f78ca    00000018     f_ui.obj (.econst:_dispCodeMenuMode)
                  003f78e2    00000018     MotorInvProtect.obj (.econst:_gInvOverLoadDecTable)
                  003f78fa    00000018     MotorInvProtect.obj (.econst:_gMotorOverLoadDecTable)
                  003f7912    00000017     MotorInvProtect.obj (.econst:_gTempTableBSMXX)
                  003f7929    00000017     MotorInvProtect.obj (.econst:_gTempTableP44X)
                  003f7940    00000017     MotorInvProtect.obj (.econst:_gTempTableP8XX)
                  003f7957    00000017     MotorInvProtect.obj (.econst:_gTempTableSEMIKON)
                  003f796e    00000017     MotorInvProtect.obj (.econst:_gTempTableWAIZHI)
                  003f7985    00000016     f_error.obj (.econst:_errorCodeFromMotorList)
                  003f799b    00000016     MotorConstant.obj (.econst:_gInvCurrentTable220T)
                  003f79b1    00000016     MotorConstant.obj (.econst:_gInvTypeTable380To220T)
                  003f79c7    00000016     f_invPara.obj (.econst:_motor1ParaIndex)
                  003f79dd    00000015     f_dspcan.obj (.econst:_eCanBaud)
                  003f79f2    00000013     MotorConstant.obj (.econst:_gInvCurrentTable1140T)
                  003f7a05    00000012     f_menu.obj (.econst:_diFuncIndex)
                  003f7a17    00000012     MotorConstant.obj (.econst:_gDeadBandTable)
                  003f7a29    00000012     MotorConstant.obj (.econst:_gDeadCompTable)
                  003f7a3b    00000012     f_invPara.obj (.econst:_invTypeLimitTable)
                  003f7a4d    00000010     f_menu.obj (.econst:_stopDispIndex)
                  003f7a5d    0000000e     MotorInvProtect.obj (.econst:_gMotorOverLoadBaseTable)
                  003f7a6b    0000000d     f_fcDeal.obj (.econst:_limitOtherCodeIndex)
                  003f7a78    0000000b     f_ui.obj (.econst:_LED_CODE)
                  003f7a83    0000000a     f_io.obj (.econst:_$P$T0$5)
                  003f7a8d    0000000a     MotorInvProtect.obj (.econst:_gInvOverLoadTable)
                  003f7a97    0000000a     MotorInvProtect.obj (.econst:_gInvOverLoadTableForP)
                  003f7aa1    00000001     --HOLE-- [fill = 0]
                  003f7aa2    0000000a     f_comm.obj (.econst:_protocolFunc)
                  003f7aac    00000009     MotorConstant.obj (.econst:_gInvVoltageInfo1140T)
                  003f7ab5    00000009     MotorConstant.obj (.econst:_gInvVoltageInfo220S)
                  003f7abe    00000009     MotorConstant.obj (.econst:_gInvVoltageInfo220T)
                  003f7ac7    00000009     MotorConstant.obj (.econst:_gInvVoltageInfo380T)
                  003f7ad0    00000009     MotorConstant.obj (.econst:_gInvVoltageInfo480T)
                  003f7ad9    00000009     MotorConstant.obj (.econst:_gInvVoltageInfo690T)
                  003f7ae2    00000008     f_osc.obj (.econst:_APPIDDataBuff)
                  003f7aea    00000008     f_comm.obj (.econst:_COMM_ERR_INDEX)
                  003f7af2    00000008     MotorConstant.obj (.econst:_gInvCurrentTable220S)
                  003f7afa    00000006     f_invPara.obj (.econst:_$P$T0$1)
                  003f7b00    00000006     f_invPara.obj (.econst:_INV_TYPE_BIG_ACC_DEC_START_TABLE)
                  003f7b06    00000006     f_invPara.obj (.econst:_INV_TYPE_POINT_LIMIT_TABLE)
                  003f7b0c    00000006     f_invPara.obj (.econst:_brakeStartVoltage)
                  003f7b12    00000006     MotorEncoder.obj (.econst:_gUVWAngleTable)
                  003f7b18    00000006     f_invPara.obj (.econst:_ovVdcLimitPoint)
                  003f7b1e    00000006     f_invPara.obj (.econst:_ovVoltageInitValue)
                  003f7b24    00000006     f_invPara.obj (.econst:_uvVoltageInitValue)
                  003f7b2a    00000005     MotorParEst.obj (.econst:_debugTuneProcess)
                  003f7b2f    00000005     f_menu.obj (.econst:_decNumber)
                  003f7b34    00000005     f_ui.obj (.econst:_minRate)
                  003f7b39    00000005     MotorParEst.obj (.econst:_noTuneProgress)
                  003f7b3e    00000005     MotorParEst.obj (.econst:_pmSVC_TuneProgLoad)
                  003f7b43    00000005     MotorParEst.obj (.econst:_pmSVC_TuneProgNoLoad)
                  003f7b48    00000005     MotorParEst.obj (.econst:_pmTuneProgLoad)
                  003f7b4d    00000005     MotorParEst.obj (.econst:_pmTuneProgNoLoad)
                  003f7b52    00000005     f_ui.obj (.econst:_repeatNumMax)
                  003f7b57    00000004     f_ui.obj (.econst:_$P$T0$7)
                  003f7b5b    00000004     f_comm.obj (.econst:_commParitys)
                  003f7b5f    00000004     f_menu.obj (.econst:_hexNumber)
                  003f7b63    00000003     f_osc.obj (.econst:_BautRateCfg)
                  003f7b66    00000003     f_menu.obj (.econst:_deltaK)
                  003f7b69    00000002     f_menu.obj (.econst:_frqSrcFuncIndex)
                  003f7b6b    00000002     f_invPara.obj (.econst:_motorSnIndexIncToMotor1)
                  003f7b6d    00000001     --HOLE-- [fill = 0]
                  003f7b6e    00000002     f_osc.obj (.econst)

.cinit     0    003f7b70    000002b5     
                  003f7b70    00000049     f_runSrc_accDecFrq.obj (.cinit)
                  003f7bb9    00000047     MotorPmsmParEst.obj (.cinit)
                  003f7c00    00000030     f_osc.obj (.cinit)
                  003f7c30    0000001d     f_io.obj (.cinit:_aiLpf)
                  003f7c4d    00000016     f_interface.obj (.cinit)
                  003f7c63    00000015     f_io.obj (.cinit)
                  003f7c78    00000014     MotorDataExchange.obj (.cinit)
                  003f7c8c    00000014     MotorFlyingStart.obj (.cinit)
                  003f7ca0    00000011     MotorPmsmMain.obj (.cinit)
                  003f7cb1    00000011     MotorInvProtect.obj (.cinit:_gMotorOverLoadTable)
                  003f7cc2    00000011     f_frqSrc_pid.obj (.cinit:_pidLpf)
                  003f7cd3    00000010     f_main.obj (.cinit)
                  003f7ce3    00000010     f_ui.obj (.cinit)
                  003f7cf3    0000000f     Svpwm1.obj (.cinit:_ZeroLengthPhase_Dpwm)
                  003f7d02    0000000f     f_invPara.obj (.cinit:_pInvTypeParaTable)
                  003f7d11    0000000f     f_frqSrc_pid.obj (.cinit)
                  003f7d20    0000000e     rts2800_ml.lib : exit.c.obj (.cinit)
                  003f7d2e    0000000c     MotorPWM.obj (.cinit)
                  003f7d3a    0000000c     f_CANlinkEx.obj (.cinit:_Canlink_ErrInfo)
                  003f7d46    0000000c     f_modbus.obj (.cinit:_Modbus_Standard_ErrInfo)
                  003f7d52    0000000c     f_canlink.obj (.cinit)
                  003f7d5e    0000000c     f_dspcan.obj (.cinit)
                  003f7d6a    0000000c     f_runSrc.obj (.cinit)
                  003f7d76    0000000b     f_CANlinkEx.obj (.cinit:_gDeviceInformation)
                  003f7d81    00000009     f_ui.obj (.cinit:_displayBuffer)
                  003f7d8a    00000009     f_interface.obj (.cinit:_droopCtrlVoltageTable)
                  003f7d93    00000008     MotorCarrier.obj (.cinit)
                  003f7d9b    00000008     MotorSpeed.obj (.cinit)
                  003f7da3    00000008     f_comm.obj (.cinit)
                  003f7dab    00000008     f_eeprom.obj (.cinit)
                  003f7db3    00000008     f_error.obj (.cinit)
                  003f7dbb    00000008     f_modbus.obj (.cinit)
                  003f7dc3    00000008     f_plc.obj (.cinit)
                  003f7dcb    00000007     f_canlink.obj (.cinit:_gCANlinkDataCFg)
                  003f7dd2    00000005     f_plc.obj (.cinit:_InvRecFastTab)
                  003f7dd7    00000005     f_plc.obj (.cinit:_InvRecSlowTab)
                  003f7ddc    00000005     f_plc.obj (.cinit:_InvTrFastTab)
                  003f7de1    00000005     f_plc.obj (.cinit:_InvTrSlowTab)
                  003f7de6    00000005     rts2800_ml.lib : _lock.c.obj (.cinit:__lock)
                  003f7deb    00000005                    : _lock.c.obj (.cinit:__unlock)
                  003f7df0    00000005     f_menu.obj (.cinit)
                  003f7df5    00000005     f_torqueCtrl.obj (.cinit)
                  003f7dfa    00000005     f_vf.obj (.cinit)
                  003f7dff    00000004     MotorDebug.obj (.cinit)
                  003f7e03    00000004     MotorEncoder.obj (.cinit)
                  003f7e07    00000004     MotorMain.obj (.cinit)
                  003f7e0b    00000004     MotorParChange.obj (.cinit)
                  003f7e0f    00000004     MotorPublicCal.obj (.cinit)
                  003f7e13    00000004     MotorVCMain.obj (.cinit)
                  003f7e17    00000004     f_fcDeal.obj (.cinit)
                  003f7e1b    00000004     f_frqSrc.obj (.cinit)
                  003f7e1f    00000004     f_p2p.obj (.cinit)
                  003f7e23    00000002     --HOLE-- [fill = 0]

csm_rsvd   0    003f7f80    00000076     
                  003f7f80    00000076     DSP280x_CSMPasswords.obj (csm_rsvd)

DevEmuRegsFile 
*          1    00000880    00000004     UNINITIALIZED
                  00000880    00000004     DSP2803x_GlobalVariableDefs.obj (DevEmuRegsFile)

SysPwrCtrlRegsFile 
*          1    00000985    00000003     UNINITIALIZED
                  00000985    00000003     DSP2803x_GlobalVariableDefs.obj (SysPwrCtrlRegsFile)

FlashRegsFile 
*          1    00000a80    00000008     UNINITIALIZED
                  00000a80    00000008     DSP2803x_GlobalVariableDefs.obj (FlashRegsFile)

CsmRegsFile 
*          1    00000ae0    00000010     UNINITIALIZED
                  00000ae0    00000010     DSP2803x_GlobalVariableDefs.obj (CsmRegsFile)

AdcResultFile 
*          1    00000b00    00000020     UNINITIALIZED
                  00000b00    00000020     DSP2803x_GlobalVariableDefs.obj (AdcResultFile)

CpuTimer0RegsFile 
*          1    00000c00    00000008     UNINITIALIZED
                  00000c00    00000008     DSP2803x_GlobalVariableDefs.obj (CpuTimer0RegsFile)

CpuTimer1RegsFile 
*          1    00000c08    00000008     UNINITIALIZED
                  00000c08    00000008     DSP2803x_GlobalVariableDefs.obj (CpuTimer1RegsFile)

CpuTimer2RegsFile 
*          1    00000c10    00000008     UNINITIALIZED
                  00000c10    00000008     DSP2803x_GlobalVariableDefs.obj (CpuTimer2RegsFile)

PieCtrlRegsFile 
*          1    00000ce0    0000001a     UNINITIALIZED
                  00000ce0    0000001a     DSP2803x_GlobalVariableDefs.obj (PieCtrlRegsFile)

PieVectTableFile 
*          1    00000d00    00000100     UNINITIALIZED
                  00000d00    00000100     DSP2803x_GlobalVariableDefs.obj (PieVectTableFile)

EmuKeyVar 
*          1    00000d00    00000001     UNINITIALIZED
                  00000d00    00000001     DSP2803x_GlobalVariableDefs.obj (EmuKeyVar)

EmuBModeVar 
*          1    00000d01    00000001     UNINITIALIZED
                  00000d01    00000001     DSP2803x_GlobalVariableDefs.obj (EmuBModeVar)

FlashCallbackVar 
*          1    00000d02    00000002     UNINITIALIZED
                  00000d02    00000002     DSP2803x_GlobalVariableDefs.obj (FlashCallbackVar)

FlashScalingVar 
*          1    00000d04    00000002     UNINITIALIZED
                  00000d04    00000002     DSP2803x_GlobalVariableDefs.obj (FlashScalingVar)

Cla1RegsFile 
*          1    00001400    00000040     UNINITIALIZED
                  00001400    00000040     DSP2803x_GlobalVariableDefs.obj (Cla1RegsFile)

ECanaRegsFile 
*          1    00006000    00000034     UNINITIALIZED
                  00006000    00000034     DSP2803x_GlobalVariableDefs.obj (ECanaRegsFile)

ECanaLAMRegsFile 
*          1    00006040    00000040     UNINITIALIZED
                  00006040    00000040     DSP2803x_GlobalVariableDefs.obj (ECanaLAMRegsFile)

ECanaMOTSRegsFile 
*          1    00006080    00000040     UNINITIALIZED
                  00006080    00000040     DSP2803x_GlobalVariableDefs.obj (ECanaMOTSRegsFile)

ECanaMOTORegsFile 
*          1    000060c0    00000040     UNINITIALIZED
                  000060c0    00000040     DSP2803x_GlobalVariableDefs.obj (ECanaMOTORegsFile)

ECanaMboxesFile 
*          1    00006100    00000100     UNINITIALIZED
                  00006100    00000100     DSP2803x_GlobalVariableDefs.obj (ECanaMboxesFile)

Comp1RegsFile 
*          1    00006400    00000011     UNINITIALIZED
                  00006400    00000011     DSP2803x_GlobalVariableDefs.obj (Comp1RegsFile)

Comp2RegsFile 
*          1    00006420    00000011     UNINITIALIZED
                  00006420    00000011     DSP2803x_GlobalVariableDefs.obj (Comp2RegsFile)

Comp3RegsFile 
*          1    00006440    00000011     UNINITIALIZED
                  00006440    00000011     DSP2803x_GlobalVariableDefs.obj (Comp3RegsFile)

EPwm1RegsFile 
*          1    00006800    0000003a     UNINITIALIZED
                  00006800    0000003a     DSP2803x_GlobalVariableDefs.obj (EPwm1RegsFile)

EPwm2RegsFile 
*          1    00006840    0000003a     UNINITIALIZED
                  00006840    0000003a     DSP2803x_GlobalVariableDefs.obj (EPwm2RegsFile)

EPwm3RegsFile 
*          1    00006880    0000003a     UNINITIALIZED
                  00006880    0000003a     DSP2803x_GlobalVariableDefs.obj (EPwm3RegsFile)

EPwm4RegsFile 
*          1    000068c0    0000003a     UNINITIALIZED
                  000068c0    0000003a     DSP2803x_GlobalVariableDefs.obj (EPwm4RegsFile)

EPwm5RegsFile 
*          1    00006900    0000003a     UNINITIALIZED
                  00006900    0000003a     DSP2803x_GlobalVariableDefs.obj (EPwm5RegsFile)

EPwm6RegsFile 
*          1    00006940    0000003a     UNINITIALIZED
                  00006940    0000003a     DSP2803x_GlobalVariableDefs.obj (EPwm6RegsFile)

EPwm7RegsFile 
*          1    00006980    0000003a     UNINITIALIZED
                  00006980    0000003a     DSP2803x_GlobalVariableDefs.obj (EPwm7RegsFile)

ECap1RegsFile 
*          1    00006a00    00000020     UNINITIALIZED
                  00006a00    00000020     DSP2803x_GlobalVariableDefs.obj (ECap1RegsFile)

EQep1RegsFile 
*          1    00006b00    00000040     UNINITIALIZED
                  00006b00    00000040     DSP2803x_GlobalVariableDefs.obj (EQep1RegsFile)

LinaRegsFile 
*          1    00006c00    0000004a     UNINITIALIZED
                  00006c00    0000004a     DSP2803x_GlobalVariableDefs.obj (LinaRegsFile)

GpioCtrlRegsFile 
*          1    00006f80    00000040     UNINITIALIZED
                  00006f80    00000040     DSP2803x_GlobalVariableDefs.obj (GpioCtrlRegsFile)

GpioDataRegsFile 
*          1    00006fc0    00000020     UNINITIALIZED
                  00006fc0    00000020     DSP2803x_GlobalVariableDefs.obj (GpioDataRegsFile)

GpioIntRegsFile 
*          1    00006fe0    0000000c     UNINITIALIZED
                  00006fe0    0000000c     DSP2803x_GlobalVariableDefs.obj (GpioIntRegsFile)

SysCtrlRegsFile 
*          1    00007010    00000020     UNINITIALIZED
                  00007010    00000020     DSP2803x_GlobalVariableDefs.obj (SysCtrlRegsFile)

SpiaRegsFile 
*          1    00007040    00000010     UNINITIALIZED
                  00007040    00000010     DSP2803x_GlobalVariableDefs.obj (SpiaRegsFile)

SciaRegsFile 
*          1    00007050    00000010     UNINITIALIZED
                  00007050    00000010     DSP2803x_GlobalVariableDefs.obj (SciaRegsFile)

NmiIntruptRegsFile 
*          1    00007060    00000010     UNINITIALIZED
                  00007060    00000010     DSP2803x_GlobalVariableDefs.obj (NmiIntruptRegsFile)

XIntruptRegsFile 
*          1    00007070    00000010     UNINITIALIZED
                  00007070    00000010     DSP2803x_GlobalVariableDefs.obj (XIntruptRegsFile)

AdcRegsFile 
*          1    00007100    00000050     UNINITIALIZED
                  00007100    00000050     DSP2803x_GlobalVariableDefs.obj (AdcRegsFile)

SpibRegsFile 
*          1    00007740    00000010     UNINITIALIZED
                  00007740    00000010     DSP2803x_GlobalVariableDefs.obj (SpibRegsFile)

I2caRegsFile 
*          1    00007900    00000022     UNINITIALIZED
                  00007900    00000022     DSP2803x_GlobalVariableDefs.obj (I2caRegsFile)

PartIdRegsFile 
*          1    003d7e80    00000001     UNINITIALIZED
                  003d7e80    00000001     DSP2803x_GlobalVariableDefs.obj (PartIdRegsFile)

CsmPwlFile 
*          1    003f7ff8    00000008     UNINITIALIZED
                  003f7ff8    00000008     DSP2803x_GlobalVariableDefs.obj (CsmPwlFile)

.pinit     0    003e8000    00000000     UNINITIALIZED

.text      0    003e801d    0000dcd1     
                  003e801d    000011ad     f_menu.obj (.text)
                  003e91ca    00000f1b     f_io.obj (.text)
                  003ea0e5    00000ca3     MotorPmsmParEst.obj (.text)
                  003ead88    00000bdf     f_runSrc.obj (.text)
                  003eb967    0000097c     f_comm.obj (.text)
                  003ec2e3    0000089b     MotorInvProtect.obj (.text)
                  003ecb7e    00000884     f_frqSrc.obj (.text)
                  003ed402    000007bc     MotorVF.obj (.text)
                  003edbbe    000006e0     f_canlink.obj (.text)
                  003ee29e    000006d9     MotorPmsmMain.obj (.text)
                  003ee977    0000067b     f_interface.obj (.text)
                  003eeff2    0000065f     MotorParChange.obj (.text)
                  003ef651    00000633     MotorFlyingStart.obj (.text)
                  003efc84    000005f6     MotorMain.obj (.text)
                  003f027a    000005d1     f_frqSrc_pid.obj (.text)
                  003f084b    00000553     MotorVCMain.obj (.text)
                  003f0d9e    0000052a     MotorDataExchange.obj (.text)
                  003f12c8    000004e0     f_osc.obj (.text)
                  003f17a8    0000048e     f_eeprom.obj (.text)
                  003f1c36    00000481     f_error.obj (.text)
                  003f20b7    0000040f     f_main.obj (.text)
                  003f24c6    000003cb     f_runSrc_accDecFrq.obj (.text)
                  003f2891    00000396     f_ui.obj (.text)
                  003f2c27    0000038b     MotorCarrier.obj (.text)
                  003f2fb2    00000330     f_modbus.obj (.text)
                  003f32e2    00000314     MotorEncoder.obj (.text)
                  003f35f6    000002f0     f_invPara.obj (.text)
                  003f38e6    000002d7     f_fcDeal.obj (.text)
                  003f3bbd    000002d6     MotorPublicCal.obj (.text)
                  003f3e93    00000284     MotorIPMSVC.obj (.text)
                  003f4117    0000022e     f_dspcan.obj (.text)
                  003f4345    00000206     f_p2p.obj (.text)
                  003f454b    00000205     MotorSpeed.obj (.text)
                  003f4750    000001ea     MotorPWM.obj (.text)
                  003f493a    000001a3     f_plc.obj (.text)
                  003f4add    0000016e     MotorParEst.obj (.text)
                  003f4c4b    00000164     f_torqueCtrl.obj (.text)
                  003f4daf    0000014d     mainInit_2803x.obj (.text)
                  003f4efc    00000115     PMFluxWeakCsr2.obj (.text)
                  003f5011    0000010f     SubPrg.obj (.text)
                  003f5120    0000010e     MotorInfoCollect.obj (.text)
                  003f522e    00000107     rts2800_ml.lib : ll_div28.asm.obj (.text)
                  003f5335    000000f2     Svpwm1.obj (.text)
                  003f5427    000000f0     f_CANlinkEx.obj (.text)
                  003f5517    000000e0     MotorCurrentTransform.obj (.text)
                  003f55f7    000000c2     f_vf.obj (.text)
                  003f56b9    00000091     ASMSubPrg.obj (.text)
                  003f574a    00000083     f_osc.obj (.text:retain)
                  003f57cd    00000074     f_dspcan.obj (.text:retain)
                  003f5841    0000006d     f_motorFc.obj (.text)
                  003f58ae    0000005c     main.obj (.text:retain)
                  003f590a    0000005b     MotorPmsmMain.obj (.text:retain)
                  003f5965    0000005a     rts2800_ml.lib : fs_mpy28.asm.obj (.text)
                  003f59bf    00000054                    : boot28.asm.obj (.text)
                  003f5a13    00000053     main.obj (.text)
                  003f5a66    00000044     DSP2803x_CpuTimers.obj (.text)
                  003f5aaa    00000043     f_common.obj (.text)
                  003f5aed    0000002e     f_comm.obj (.text:retain)
                  003f5b1b    0000002d     MotorInvProtect.obj (.text:retain)
                  003f5b48    0000002a     rts2800_ml.lib : l_div28.asm.obj (.text)
                  003f5b72    00000029                    : exit.c.obj (.text)
                  003f5b9b    00000029                    : fs_tol28.asm.obj (.text)
                  003f5bc4    00000026     DSP2803x_CodeStartBranch.obj (.text)
                  003f5bea    00000025     rts2800_ml.lib : fs_toi28.asm.obj (.text)
                  003f5c0f    00000024                    : cpy_tbl.c.obj (.text)
                  003f5c33    00000022                    : i_div28.asm.obj (.text)
                  003f5c55    0000001e                    : ll_cmp28.asm.obj (.text)
                  003f5c73    0000001d                    : memcpy.c.obj (.text)
                  003f5c90    0000001a                    : i_tofs28.asm.obj (.text)
                  003f5caa    00000014                    : ll_mpy28.asm.obj (.text)
                  003f5cbe    00000011                    : args_main.c.obj (.text)
                  003f5ccf    0000000b                    : u_div28.asm.obj (.text)
                  003f5cda    00000009                    : _lock.c.obj (.text)
                  003f5ce3    00000008     mainInit_2803x.obj (.text:retain)
                  003f5ceb    00000002     rts2800_ml.lib : pre_init.c.obj (.text)
                  003f5ced    00000001                    : startup.c.obj (.text)

.ovly      0    003f7e28    0000000a     
                  003f7e28    0000000a     (.ovly:_prginRAM)

codestart 
*          0    003f7ff6    00000002     
                  003f7ff6    00000002     DSP2803x_CodeStartBranch.obj (codestart)

csmpasswds 
*          0    003f7ff8    00000008     
                  003f7ff8    00000008     DSP280x_CSMPasswords.obj (csmpasswds)

.stack     1    00000400    00000400     UNINITIALIZED
                  00000400    00000400     --HOLE--

.ebss      1    00008080    00001a80     UNINITIALIZED
                  00008080    00000431     f_funcCode.obj (.ebss)
                  000084b1    0000000f     f_io.obj (.ebss:_aiDeal)
                  000084c0    0000020c     MotorPmsmMain.obj (.ebss)
                  000086cc    00000034     MotorPWM.obj (.ebss)
                  00008700    0000014c     MotorVCMain.obj (.ebss)
                  0000884c    00000031     f_comm.obj (.ebss)
                  0000887d    00000003     f_comm.obj (.ebss:_aoComm)
                  00008880    00000128     MotorVar.obj (.ebss)
                  000089a8    00000018     f_frqSrc_pid.obj (.ebss:_pidLpf)
                  000089c0    00000106     f_osc.obj (.ebss)
                  00008ac6    00000038     f_runSrc_accDecFrq.obj (.ebss)
                  00008afe    00000002     MotorDebug.obj (.ebss)
                  00008b00    00000100     MotorVF.obj (.ebss)
                  00008c00    000000d0     MotorPmsmParEst.obj (.ebss)
                  00008cd0    00000028     f_eeprom.obj (.ebss)
                  00008cf8    00000008     f_canlink.obj (.ebss:_gCanlinkRecDataAddr)
                  00008d00    000000c8     f_eeprom.obj (.ebss:_funcCodeOneWriteIndex)
                  00008dc8    00000025     f_ui.obj (.ebss)
                  00008ded    00000012     f_menu.obj (.ebss:_menuAttri)
                  00008dff    00000001     MotorParChange.obj (.ebss)
                  00008e00    000000c1     MotorDataExchange.obj (.ebss:_gSendToMotor2MsDataBuff)
                  00008ec1    00000001     f_CANlinkEx.obj (.ebss)
                  00008ec2    00000024     MotorCarrier.obj (.ebss)
                  00008ee6    00000014     MotorDataExchange.obj (.ebss:_gParaIdToFunctionDataBuff)
                  00008efa    00000006     MotorDataExchange.obj (.ebss)
                  00008f00    000000a8     f_io.obj (.ebss)
                  00008fa8    00000014     f_torqueCtrl.obj (.ebss)
                  00008fbc    00000004     MotorMain.obj (.ebss)
                  00008fc0    000000a4     MotorEncoder.obj (.ebss)
                  00009064    0000001c     f_error.obj (.ebss)
                  00009080    0000009c     f_main.obj (.ebss)
                  0000911c    00000024     f_io.obj (.ebss:_aiLpf)
                  00009140    00000096     f_fcDeal.obj (.ebss:_limitedByOtherCodeIndex)
                  000091d6    00000024     f_comm.obj (.ebss:_rcvFrame)
                  000091fa    00000006     f_runSrc_accDecFrq.obj (.ebss:_a$4)
                  00009200    00000094     MotorInfoCollect.obj (.ebss)
                  00009294    00000024     f_comm.obj (.ebss:_sendFrame)
                  000092b8    00000008     f_menu.obj (.ebss:_menuFc)
                  000092c0    00000092     f_canlink.obj (.ebss)
                  00009352    0000001f     f_plc.obj (.ebss:_InvRecSlowTab)
                  00009371    0000000e     MotorInvProtect.obj (.ebss:_gMotorOverLoadTable)
                  0000937f    00000001     f_motorFc.obj (.ebss)
                  00009380    0000007e     MotorFlyingStart.obj (.ebss)
                  000093fe    00000002     Svpwm1.obj (.ebss)
                  00009400    0000007c     f_frqSrc_pid.obj (.ebss)
                  0000947c    00000004     f_main.obj (.ebss:_ticker05msFuncEachDisp)
                  00009480    00000078     MotorSpeed.obj (.ebss)
                  000094f8    00000008     f_main.obj (.ebss:_ticker05msFuncEa)
                  00009500    0000006c     f_frqSrc.obj (.ebss)
                  0000956c    00000010     DSP2803x_CpuTimers.obj (.ebss)
                  0000957c    00000004     f_main.obj (.ebss:_ticker05msFuncInternalDisp)
                  00009580    00000068     MotorParEst.obj (.ebss)
                  000095e8    00000010     f_canlink.obj (.ebss:_gSendEn)
                  000095f8    00000008     f_main.obj (.ebss:_ticker05msFuncIn)
                  00009600    00000060     MotorInvProtect.obj (.ebss)
                  00009660    0000001f     f_plc.obj (.ebss:_InvTrSlowTab)
                  0000967f    00000001     mainInit_2803x.obj (.ebss)
                  00009680    0000005e     MotorPublicCal.obj (.ebss)
                  000096de    0000001b     f_p2p.obj (.ebss)
                  000096f9    00000007     PMFluxWeakCsr2.obj (.ebss)
                  00009700    00000058     f_interface.obj (.ebss)
                  00009758    00000010     f_canlink.obj (.ebss:_gtransInterval)
                  00009768    00000010     f_vf.obj (.ebss)
                  00009778    00000007     f_plc.obj (.ebss:_InvRecFastTab)
                  0000977f    00000001     --HOLE--
                  00009780    00000053     f_funcCode.obj (.ebss:_funcCodeGradeCurMenuMode)
                  000097d3    0000000e     MotorDataExchange.obj (.ebss:_gSendToMotor05MsDataBuff)
                  000097e1    0000000c     Svpwm1.obj (.ebss:_ZeroLengthPhase_Dpwm)
                  000097ed    0000000c     f_comm.obj (.ebss:_commReadData)
                  000097f9    00000007     f_plc.obj (.ebss:_InvTrFastTab)
                  00009800    00000052     f_runSrc.obj (.ebss)
                  00009852    0000000c     f_CANlinkEx.obj (.ebss:_gDeviceInformation)
                  0000985e    0000000c     f_invPara.obj (.ebss:_pInvTypeParaTable)
                  0000986a    0000000a     MotorCurrentTransform.obj (.ebss)
                  00009874    0000000a     f_osc.obj (.ebss:_OscConFrameBuf)
                  0000987e    00000002     rts2800_ml.lib : _lock.c.obj (.ebss:__lock)
                  00009880    0000004e     MotorIPMSVC.obj (.ebss)
                  000098ce    0000000a     f_io.obj (.ebss:_diXFilterCounter$1)
                  000098d8    0000000a     f_dspcan.obj (.ebss)
                  000098e2    00000009     f_CANlinkEx.obj (.ebss:_Canlink_ErrInfo)
                  000098eb    00000009     f_modbus.obj (.ebss:_Modbus_Standard_ErrInfo)
                  000098f4    00000007     f_ui.obj (.ebss:_flashTickerLed)
                  000098fb    00000005     f_p2p.obj (.ebss:_MscSlaveNodeBreakTcnt)
                  00009900    0000004c     f_menu.obj (.ebss)
                  0000994c    00000006     f_ui.obj (.ebss:_displayBuffer)
                  00009952    00000006     f_interface.obj (.ebss:_droopCtrlVoltageTable)
                  00009958    00000006     f_runSrc_accDecFrq.obj (.ebss:_t$3)
                  0000995e    00000006     f_modbus.obj (.ebss)
                  00009964    00000006     main.obj (.ebss)
                  0000996a    00000006     rts2800_ml.lib : exit.c.obj (.ebss)
                  00009970    00000005     f_p2p.obj (.ebss:_MscSlaveNodeId)
                  00009975    00000005     f_ui.obj (.ebss:_bLight)
                  0000997a    00000005     f_menu.obj (.ebss:_digit$3)
                  0000997f    00000001     --HOLE--
                  00009980    00000045     f_osc.obj (.ebss:_OscConFrameAPPBuf)
                  000099c5    00000005     f_ui.obj (.ebss:_flashTicker)
                  000099ca    00000005     f_interface.obj (.ebss:_motorErrInfor)
                  000099cf    00000005     f_invPara.obj (.ebss)
                  000099d4    00000003     f_runSrc_accDecFrq.obj (.ebss:_q$5)
                  000099d7    00000001     --HOLE--
                  000099d8    00000002     rts2800_ml.lib : _lock.c.obj (.ebss:__unlock)
                  000099da    00000002     f_io.obj (.ebss:_diLogicOld$16)
                  000099dc    00000002     f_interface.obj (.ebss:_errorsCodeFromMotor)
                  000099de    00000002     f_fcDeal.obj (.ebss)
                  000099e0    00000002     f_plc.obj (.ebss)
                  000099e2    0000001e     --HOLE--
                  00009a00    00000042     MotorDataExchange.obj (.ebss:_gSendToFunctionDataBuff)
                  00009a42    0000003e     --HOLE--
                  00009a80    00000040     f_canlink.obj (.ebss:_gCANlinkDataCFg)
                  00009ac0    00000040     f_canlink.obj (.ebss:_sDaTemp)

debug_buffer 
*          1    00009b00    00000001     UNINITIALIZED
                  00009b00    00000001     MotorDebug.obj (debug_buffer)

.reset     0    003fffc0    00000002     DSECT
                  003fffc0    00000002     rts2800_ml.lib : boot28.asm.obj (.reset)

vectors    0    003fffc2    00000000     DSECT

MODULE SUMMARY

       Module                            code    initialized data   uninitialized data
       ------                            ----    ----------------   ------------------
    D:\Product_Code\013_MD500E_C_2019\MD500E\05_public\obj\MD500E_28035_motor_obj\
       f_funcCode.obj                    0       4548               1156              
       f_menu.obj                        4525    292                107               
       f_io.obj                          3867    250                231               
       MotorPmsmParEst.obj               3235    71                 208               
       f_runSrc.obj                      3039    12                 82                
       f_comm.obj                        2474    82                 136               
       MotorInvProtect.obj               2248    214                110               
       MotorPmsmMain.obj                 1844    17                 524               
       f_eeprom.obj                      1166    938                240               
       f_frqSrc.obj                      2180    4                  108               
       MotorVF.obj                       1980    0                  256               
       f_canlink.obj                     1760    19                 314               
       DSP2803x_GlobalVariableDefs.obj   0       0                  1909              
       f_interface.obj                   1659    31                 101               
       f_osc.obj                         1379    61                 341               
       MotorFlyingStart.obj              1587    20                 126               
       MotorVCMain.obj                   1363    4                  332               
       f_invPara.obj                     752     918                17                
       f_frqSrc_pid.obj                  1489    32                 148               
       MotorDataExchange.obj             1322    20                 299               
       MotorParChange.obj                1631    4                  1                 
       MotorMain.obj                     1526    4                  4                 
       f_main.obj                        1039    16                 180               
       f_error.obj                       1153    30                 28                
       f_runSrc_accDecFrq.obj            971     73                 71                
       f_ui.obj                          918     112                60                
       MotorEncoder.obj                  788     10                 164               
       MotorCarrier.obj                  907     8                  36                
       f_fcDeal.obj                      727     17                 152               
       f_modbus.obj                      816     20                 15                
       MotorPublicCal.obj                726     4                  94                
       MotorIPMSVC.obj                   644     0                  78                
       f_dspcan.obj                      674     33                 10                
       MotorSpeed.obj                    517     8                  120               
       f_p2p.obj                         518     4                  37                
       MotorPWM.obj                      490     12                 52                
       f_plc.obj                         419     28                 78                
       MotorParEst.obj                   366     30                 104               
       MotorInfoCollect.obj              270     0                  148               
       mainInit_2803x.obj                391     0                  1                 
       f_torqueCtrl.obj                  356     5                  20                
       f_common.obj                      67      256                0                 
       MotorVar.obj                      0       0                  296               
       f_CANlinkEx.obj                   240     23                 22                
       PMFluxWeakCsr2.obj                277     0                  7                 
       SubPrg.obj                        271     0                  0                 
       Svpwm1.obj                        242     15                 14                
       MotorCurrentTransform.obj         224     0                  10                
       MotorConstant.obj                 0       221                0                 
       f_vf.obj                          194     5                  16                
       main.obj                          175     0                  6                 
       ASMSubPrg.obj                     145     0                  0                 
       DSP280x_CSMPasswords.obj          0       126                0                 
       f_motorFc.obj                     109     0                  1                 
       DSP2803x_CpuTimers.obj            68      0                  16                
       DSP2803x_CodeStartBranch.obj      40      0                  0                 
       MotorDebug.obj                    0       4                  3                 
    +--+---------------------------------+-------+------------------+--------------------+
       Total:                            55768   8601               8589              
                                                                                      
    D:\Product_Code\013_MD500E_C_2019\MD500E\05_public\obj\MD500_func_obj_28034\
       DSP2803x_usDelay.obj              8       0                  0                 
    +--+---------------------------------+-------+------------------+--------------------+
       Total:                            8       0                  0                 
                                                                                      
    C:/ti/ccs1030/ccs/tools/compiler/ti-cgt-c2000_20.2.4.LTS/lib/rts2800_ml.lib
       ll_div28.asm.obj                  263     0                  0                 
       fs_mpy28.asm.obj                  90      0                  0                 
       boot28.asm.obj                    84      0                  0                 
       exit.c.obj                        41      14                 6                 
       l_div28.asm.obj                   42      0                  0                 
       fs_tol28.asm.obj                  41      0                  0                 
       fs_toi28.asm.obj                  37      0                  0                 
       cpy_tbl.c.obj                     36      0                  0                 
       i_div28.asm.obj                   34      0                  0                 
       ll_cmp28.asm.obj                  30      0                  0                 
       memcpy.c.obj                      29      0                  0                 
       i_tofs28.asm.obj                  26      0                  0                 
       _lock.c.obj                       9       10                 4                 
       ll_mpy28.asm.obj                  20      0                  0                 
       args_main.c.obj                   17      0                  0                 
       u_div28.asm.obj                   11      0                  0                 
       pre_init.c.obj                    2       0                  0                 
       startup.c.obj                     1       0                  0                 
    +--+---------------------------------+-------+------------------+--------------------+
       Total:                            813     24                 10                
                                                                                      
       Stack:                            0       0                  1024              
       Linker Generated:                 0       10                 0                 
    +--+---------------------------------+-------+------------------+--------------------+
       Grand Total:                      56589   8635               9623              


LINKER GENERATED COPY TABLES

_prginRAM @ 003f7e28 records: 1, size/record: 8, table size: 10
	ramfuncs: copy 29 bytes from load addr=003e8000 at page=0 to run addr=00008000 at page=0


GLOBAL DATA SYMBOLS: SORTED BY DATA PAGE

address     data page           name
--------    ----------------    ----
00000400      10 (00000400)     __stack

00000880      22 (00000880)     _DevEmuRegs

00000985      26 (00000980)     _SysPwrCtrlRegs

00000a80      2a (00000a80)     _FlashRegs

00000ae0      2b (00000ac0)     _CsmRegs

00000b00      2c (00000b00)     _AdcResult

00000c00      30 (00000c00)     _CpuTimer0Regs
00000c08      30 (00000c00)     _CpuTimer1Regs
00000c10      30 (00000c00)     _CpuTimer2Regs

00000ce0      33 (00000cc0)     _PieCtrlRegs

00000d00      34 (00000d00)     _EmuKey
00000d00      34 (00000d00)     _PieVectTable
00000d01      34 (00000d00)     _EmuBMode
00000d02      34 (00000d00)     _Flash_CallbackPtr
00000d04      34 (00000d00)     _Flash_CPUScaleFactor

00001400      50 (00001400)     _Cla1Regs

00006000     180 (00006000)     _ECanaRegs

00006040     181 (00006040)     _ECanaLAMRegs

00006080     182 (00006080)     _ECanaMOTSRegs

000060c0     183 (000060c0)     _ECanaMOTORegs

00006100     184 (00006100)     _ECanaMboxes

00006400     190 (00006400)     _Comp1Regs
00006420     190 (00006400)     _Comp2Regs

00006440     191 (00006440)     _Comp3Regs

00006800     1a0 (00006800)     _EPwm1Regs

00006840     1a1 (00006840)     _EPwm2Regs

00006880     1a2 (00006880)     _EPwm3Regs

000068c0     1a3 (000068c0)     _EPwm4Regs

00006900     1a4 (00006900)     _EPwm5Regs

00006940     1a5 (00006940)     _EPwm6Regs

00006980     1a6 (00006980)     _EPwm7Regs

00006a00     1a8 (00006a00)     _ECap1Regs

00006b00     1ac (00006b00)     _EQep1Regs

00006c00     1b0 (00006c00)     _LinaRegs

00006f80     1be (00006f80)     _GpioCtrlRegs

00006fc0     1bf (00006fc0)     _GpioDataRegs
00006fe0     1bf (00006fc0)     _GpioIntRegs

00007010     1c0 (00007000)     _SysCtrlRegs

00007040     1c1 (00007040)     _SpiaRegs
00007050     1c1 (00007040)     _SciaRegs
00007060     1c1 (00007040)     _NmiIntruptRegs
00007070     1c1 (00007040)     _XIntruptRegs

00007100     1c4 (00007100)     _AdcRegs

00007740     1dd (00007740)     _SpibRegs

00007900     1e4 (00007900)     _I2caRegs

00008080     202 (00008080)     _funcCode

000084b1     212 (00008480)     _aiDeal

000084c0     213 (000084c0)     _gOutVoltVoltPhaseApplyOld
000084c6     213 (000084c0)     _gPMFwOut
000084cc     213 (000084c0)     _gIPMPosCheck
000084d6     213 (000084c0)     _gPmDecoup
000084e8     213 (000084c0)     _gPMInitPos

00008500     214 (00008500)     _gPMFwIn

00008540     215 (00008540)     _gPmFluxWeak

00008580     216 (00008580)     _gIPMPos

000085c0     217 (000085c0)     _gPmCsr2

00008600     218 (00008600)     _gFluxWeak

00008680     21a (00008680)     _gPMFwCtrl

000086cc     21b (000086c0)     _gRatio
000086cd     21b (000086c0)     _EPWMFlagU
000086ce     21b (000086c0)     _EPWMFlagV
000086cf     21b (000086c0)     _EPWMFlagW
000086d3     21b (000086c0)     _gOutVolt
000086e6     21b (000086c0)     _gPWM

00008700     21c (00008700)     _gTorLimit_SVC
00008701     21c (00008700)     _gUMTSet
00008703     21c (00008700)     _gPWMVAlphBeta
00008706     21c (00008700)     _gIMTSet
0000870a     21c (00008700)     _gIMTSetApply
0000870e     21c (00008700)     _gVcCsrPara
00008716     21c (00008700)     _gUAmpTheta
00008720     21c (00008700)     _gImAcrQ24
0000872e     21c (00008700)     _gItAcrQ24

00008740     21d (00008740)     _gIMAcr
0000874e     21d (00008740)     _gITAcr
0000875c     21d (00008740)     _gModifyws
0000876c     21d (00008740)     _gIMSetAcr

00008780     21e (00008780)     _gWspid
00008790     21e (00008780)     _gUdcLimitIt

000087c0     21f (000087c0)     _gVCPar

00008800     220 (00008800)     _gAsr

0000884c     221 (00008840)     _commStatus
0000884d     221 (00008840)     _commErrInfo
0000884e     221 (00008840)     _commBaudRate
0000884f     221 (00008840)     _commType
00008850     221 (00008840)     _commProtocol
00008851     221 (00008840)     _commRunCmd
00008852     221 (00008840)     _doComm
00008853     221 (00008840)     _userPwdPass4Comm
00008854     221 (00008840)     _companyPwdPass4Comm
00008855     221 (00008840)     _groupHidePassComm
00008856     221 (00008840)     _sciFlag
00008857     221 (00008840)     _FuncFeData
00008858     221 (00008840)     _FEHigh_group
00008859     221 (00008840)     _FELow_grade
0000885a     221 (00008840)     _indexgroup
0000885b     221 (00008840)     _indexgrade
0000885c     221 (00008840)     _comIndex
00008860     221 (00008840)     _commTicker
00008862     221 (00008840)     _commSendTicker
00008864     221 (00008840)     _canLinkTicker
00008866     221 (00008840)     _commSendData
0000886c     221 (00008840)     _commRcvData
0000887d     221 (00008840)     _aoComm

00008880     222 (00008880)     _gExtendCmd
00008881     222 (00008880)     _gSubCommand
00008882     222 (00008880)     _gCtrMotorType
00008883     222 (00008880)     _gMainStatus
0000888a     222 (00008880)     _gBasePar
00008892     222 (00008880)     _gComPar
0000889a     222 (00008880)     _gMotorInfo
000088a6     222 (00008880)     _gPowerTrq

000088c0     223 (000088c0)     _gInvInfo
000088d3     223 (000088c0)     _gMotorExtInfo
000088e7     223 (000088c0)     _gMotorExtPer

00008900     224 (00008900)     _gCpuTime
0000891c     224 (00008900)     _gTestDataDisplay

00008940     225 (00008940)     _gMainCmd

00008980     226 (00008980)     _gTestDataReceive
000089a8     226 (00008980)     _pidLpf

000089c0     227 (000089c0)     _LcdKeyFlag
000089c1     227 (000089c0)     _LcdReadFEflag

00008ac6     22b (00008ac0)     _bFrqCurAimChg
00008ace     22b (00008ac0)     _frqCurAimOld
00008ad0     22b (00008ac0)     _accTimeOld
00008ad2     22b (00008ac0)     _decTimeOld
00008ad4     22b (00008ac0)     _sCurveA
00008ad6     22b (00008ac0)     _sCurveFreq
00008af2     22b (00008ac0)     _frqLine
00008afe     22b (00008ac0)     _gDebugPoint
00008aff     22b (00008ac0)     _gDebugFlag

00008b00     22c (00008b00)     _gHVfCur
00008b02     22c (00008b00)     _gVarAvr
00008b05     22c (00008b00)     _gHVfOscIndex
00008b0c     22c (00008b00)     _gWsComp
00008b16     22c (00008b00)     _gVfFreq2
00008b20     22c (00008b00)     _gOvCur
00008b2b     22c (00008b00)     _gOvCur2

00008b40     22d (00008b40)     _gOvUdc
00008b4c     22d (00008b40)     _gHVfOscDamp
00008b58     22d (00008b40)     _gHVfDeadBandCompOpt
00008b64     22d (00008b40)     _gVfOsc

00008b80     22e (00008b80)     _gVFPar
00008b98     22e (00008b80)     _gOscAmp

00008bc0     22f (00008bc0)     _gVFAutoVar
00008bda     22f (00008bc0)     _gVfOverUdc

00008c14     230 (00008c00)     _gIPMZero
00008c20     230 (00008c00)     _gPmParEst
00008c2e     230 (00008c00)     _gRsIdentifyPID

00008c40     231 (00008c40)     _gEstBemf

00008c80     232 (00008c80)     _gIPMInitPos

00008cd0     233 (00008cc0)     _funcCodeOneWriteNum
00008cd1     233 (00008cc0)     _funcCodeRwMode
00008cd2     233 (00008cc0)     _funcCodeRwModeTmp
00008cd3     233 (00008cc0)     _startIndexWriteSeries
00008cd4     233 (00008cc0)     _endIndexWriteSeries
00008cd5     233 (00008cc0)     _endIndexRwFuncCode
00008cd6     233 (00008cc0)     _funcCodeRwStatus
00008cd7     233 (00008cc0)     _rwFuncCodeRepeatDelayTicker
00008cd8     233 (00008cc0)     _index4EepromDeal
00008cd9     233 (00008cc0)     _number4EepromDeal
00008ce2     233 (00008cc0)     _funcCodeRead
00008ce6     233 (00008cc0)     _funcCodeWrite
00008cea     233 (00008cc0)     _eepromOperateTime
00008cf0     233 (00008cc0)     _I2cMsg
00008cf8     233 (00008cc0)     _gCanlinkRecDataAddr

00008d00     234 (00008d00)     _funcCodeOneWriteIndex

00008dc8     237 (00008dc0)     _flashMaxSDSD
00008dc9     237 (00008dc0)     _keySelStatus
00008dca     237 (00008dc0)     _keySelType
00008dcb     237 (00008dc0)     _keySelTypeBak
00008dcc     237 (00008dc0)     _keyChecking
00008dcd     237 (00008dc0)     _onQuickTicker
00008dce     237 (00008dc0)     _onQuickTickerMax
00008dcf     237 (00008dc0)     _onShiftPassViewTicker
00008dd0     237 (00008dc0)     _onShiftPassViewTickerMax
00008dd1     237 (00008dc0)     _factoryPwd
00008dd2     237 (00008dc0)     _scanStep
00008dd3     237 (00008dc0)     _keyBordTestFlag
00008dd4     237 (00008dc0)     _keyBordValue
00008dd5     237 (00008dc0)     _keyPreFunc
00008dd6     237 (00008dc0)     _keyPreCtrl
00008dd7     237 (00008dc0)     _keyFunc
00008dd8     237 (00008dc0)     _keyAge
00008dd9     237 (00008dc0)     _bKeyEsc
00008dda     237 (00008dc0)     _bKeyProc
00008ddb     237 (00008dc0)     _keyStatus
00008ddc     237 (00008dc0)     _keyValue
00008ddd     237 (00008dc0)     _bEnflash
00008dde     237 (00008dc0)     _repeatNum
00008ddf     237 (00008dc0)     _repeatStep
00008de0     237 (00008dc0)     _bOnShift
00008de1     237 (00008dc0)     _upDownDelta
00008de8     237 (00008dc0)     _diHwStatus
00008dea     237 (00008dc0)     _spiData
00008ded     237 (00008dc0)     _menuAttri

00008e00     238 (00008e00)     _gSendToMotor2MsDataBuff

00008ec1     23b (00008ec0)     _CanNodeRunStat
00008ec4     23b (00008ec0)     _gFcCal
00008ec8     23b (00008ec0)     _gSynPWM
00008ece     23b (00008ec0)     _gDeadBand
00008ed8     23b (00008ec0)     _gPhase
00008ee6     23b (00008ec0)     _gParaIdToFunctionDataBuff
00008efa     23b (00008ec0)     _gCoreSoftWareVesion
00008efb     23b (00008ec0)     _gCoreNonStandardVesion
00008efc     23b (00008ec0)     _gCoreTmpsoftNoAndVersion
00008efd     23b (00008ec0)     _gCoreSoftType
00008efe     23b (00008ec0)     _uReservedData
00008eff     23b (00008ec0)     _gSoftVersion

00008f00     23c (00008f00)     _oCurrentCheckFlag
00008f01     23c (00008f00)     _doHwStatus
00008f02     23c (00008f00)     _pulseInSet
00008f03     23c (00008f00)     _lineSpeed
00008f04     23c (00008f00)     _captureTicker
00008f05     23c (00008f00)     _noCaptureTicker
00008f06     23c (00008f00)     _bOverFlowCounterTicker
00008f07     23c (00008f00)     _bOverFlowLengthCurrent
00008f08     23c (00008f00)     _softOcDoFlag
00008f09     23c (00008f00)     _motorForeOT
00008f0a     23c (00008f00)     _motorOT
00008f0b     23c (00008f00)     _temperature
00008f0c     23c (00008f00)     _tickerTempDeal
00008f0d     23c (00008f00)     _temperatureVoltage
00008f0e     23c (00008f00)     _temperatureVoltageOrigin
00008f0f     23c (00008f00)     _vdiSrc
00008f10     23c (00008f00)     _vdiFcSet
00008f11     23c (00008f00)     _doLogic
00008f22     23c (00008f00)     _aoFmpValue
00008f24     23c (00008f00)     _aoFmpMax
00008f26     23c (00008f00)     _pulseInFrq
00008f28     23c (00008f00)     _pulseInFrq1
00008f2a     23c (00008f00)     _capturePeriodSum
00008f2c     23c (00008f00)     _oCurrentChkTicker
00008f2e     23c (00008f00)     _tempSampleSum
00008f30     23c (00008f00)     _diLogic
00008f36     23c (00008f00)     _doStatus
00008f3a     23c (00008f00)     _diFunc

00008f40     23d (00008f40)     _diSelectFunc
00008f44     23d (00008f40)     _doFunc
00008f48     23d (00008f40)     _diStatus
00008f4e     23d (00008f40)     _diDelayTicker
00008f5a     23d (00008f40)     _pulseInLpf

00008f80     23e (00008f80)     _doDelayTicker
00008fa8     23e (00008f80)     _upperTorque
00008fa9     23e (00008f80)     _torqueAim
00008faa     23e (00008f80)     _brakeUpperTorque
00008fab     23e (00008f80)     _brakeTorqueAim
00008fac     23e (00008f80)     _torqueSetEthDp
00008fad     23e (00008f80)     _torqueUpperEthDp
00008fb0     23e (00008f80)     _torqurLine
00008fbc     23e (00008f80)     _gAI1
00008fbd     23e (00008f80)     _gAI2
00008fbe     23e (00008f80)     _gAI3

00008fc2     23f (00008fc0)     _EQepRegs
00008fc4     23f (00008fc0)     _gSpeedFilter
00008fce     23f (00008fc0)     _gPGDir
00008fda     23f (00008fc0)     _gSpeedLine

00009000     240 (00009000)     _gUVWPG

00009040     241 (00009040)     _gRotorTrans
00009064     241 (00009040)     _errorEeprom
00009065     241 (00009040)     _errorOther
00009066     241 (00009040)     _errorOtherOld
00009067     241 (00009040)     _errorCode
00009068     241 (00009040)     _errorAttribute
00009069     241 (00009040)     _errorInfo
0000906a     241 (00009040)     _errorDealStatus
0000906b     241 (00009040)     _uvDealStatus
0000906c     241 (00009040)     _bUv
0000906d     241 (00009040)     _errorSpaceTicker
0000906e     241 (00009040)     _errAutoRstNum
0000906f     241 (00009040)     _errorInfoFromMotor
00009070     241 (00009040)     _errorCodeOld
00009071     241 (00009040)     _errorInfoOld
00009072     241 (00009040)     _errorAttributeOld
00009078     241 (00009040)     _errAutoRstClrWaitTicker
0000907a     241 (00009040)     _curTime

00009080     242 (00009080)     _coreSoftWareVesion
00009081     242 (00009080)     _coreNonStandardVesion
00009082     242 (00009080)     _coreTmpsoftNoAndVersion
00009083     242 (00009080)     _coreSoftType
00009084     242 (00009080)     _memoryValue
00009085     242 (00009080)     _powerOnStatus
00009086     242 (00009080)     _funcCodeInitStatus
00009087     242 (00009080)     _motorSn
00009088     242 (00009080)     _aiaoChckReadOK
00009089     242 (00009080)     _mainLoopTicker
0000908a     242 (00009080)     _CODE_RUN_DISPLAY_UPDATE_TIME
0000908b     242 (00009080)     _softVersionViewType
0000908c     242 (00009080)     _softVersionVierPoint
0000908d     242 (00009080)     _coreSoftVersionViewType
0000908e     242 (00009080)     _coreSoftVersionVierPoint
00009094     242 (00009080)     _timeBase
00009096     242 (00009080)     _timeBase05msOld
00009098     242 (00009080)     _ticker05msFuncInternal
0000909a     242 (00009080)     _ticker05msFuncEach
0000909c     242 (00009080)     _timer05ms
000090a2     242 (00009080)     _motorPara

000090c0     243 (000090c0)     _motorFc

0000911c     244 (00009100)     _aiLpf

00009140     245 (00009140)     _limitedByOtherCodeIndex

000091d6     247 (000091c0)     _rcvFrame

00009200     248 (00009200)     _gIMTQ12
00009202     248 (00009200)     _gIMTSetQ12
00009204     248 (00009200)     _gIUVWQ12
00009208     248 (00009200)     _gIMTQ24
0000920c     248 (00009200)     _gIAlphBeta
00009210     248 (00009200)     _gIAlphBetaQ12
00009214     248 (00009200)     _gTemperature
0000921a     248 (00009200)     _gADC
00009220     248 (00009200)     _gIUVWQ24
00009226     248 (00009200)     _gUDC
0000922f     248 (00009200)     _gIAmpTheta

00009240     249 (00009240)     _gCurSamp
0000924c     249 (00009240)     _gAI
00009258     249 (00009240)     _gADCAdjust
00009264     249 (00009240)     _gExcursionInfo

00009280     24a (00009280)     _gLineCur
00009294     24a (00009280)     _sendFrame
000092b8     24a (00009280)     _menuFc

000092c0     24b (000092c0)     _CANlinkRunMode
000092c1     24b (000092c0)     _CanInitFlag
000092c2     24b (000092c0)     _CANlinkSyncFlag
000092c3     24b (000092c0)     _gRequCount
000092c4     24b (000092c0)     _gCanlinkBeatCount
000092c5     24b (000092c0)     _gCanlinkBeatTime
000092c6     24b (000092c0)     _gCanlinkMoniAddr
000092cc     24b (000092c0)     _gCanlinkMoniBeat
000092ce     24b (000092c0)     _canTxSucc
000092d0     24b (000092c0)     _CanDataDeal
000092d2     24b (000092c0)     _gCanlinkSyncWriteBuf

00009300     24c (00009300)     _CanlinkRecBuf

00009352     24d (00009340)     _InvRecSlowTab
00009371     24d (00009340)     _gMotorOverLoadTable
0000937f     24d (00009340)     _polePair

00009380     24e (00009380)     _gTest0
00009381     24e (00009380)     _gTest1
00009382     24e (00009380)     _gTest2
00009383     24e (00009380)     _gTest3
00009384     24e (00009380)     _gTest4
00009385     24e (00009380)     _gTest5
00009386     24e (00009380)     _gTest6

000093c0     24f (000093c0)     _gFlyingStart
000093fe     24f (000093c0)     _Ratio

00009400     250 (00009400)     _pidCalcFlag
00009401     250 (00009400)     _pidCalcDeal
00009402     250 (00009400)     _bPidFdbLose
00009403     250 (00009400)     _DeltaPDisp
00009404     250 (00009400)     _DeltaIDisp
00009405     250 (00009400)     _DeltaDDisp
00009406     250 (00009400)     _minTmp
00009407     250 (00009400)     _lowerTmp
00009408     250 (00009400)     _frqxyxTmp
00009409     250 (00009400)     _minFlag
0000940c     250 (00009400)     _pidInitTicker
0000940e     250 (00009400)     _pidFdbLoseTicker
00009410     250 (00009400)     _pidError
00009412     250 (00009400)     _deltaError
00009414     250 (00009400)     _pidFuncRef
00009420     250 (00009400)     _pidParaLine

00009440     251 (00009440)     _pidFunc
0000947c     251 (00009440)     _ticker05msFuncEachDisp

00009482     252 (00009480)     _gPGData

000094c0     253 (000094c0)     _gRotorSpeed
000094f8     253 (000094c0)     _ticker05msFuncEa

00009500     254 (00009500)     _upDownFrqInit
00009501     254 (00009500)     _frqFlag
00009502     254 (00009500)     _plcStep
00009503     254 (00009500)     _bPlcEndOneLoop
00009504     254 (00009500)     _plcStepRemOld
00009505     254 (00009500)     _timeBench
00009506     254 (00009500)     _frqSrcChgFlag
00009507     254 (00009500)     _frqSrcNonXAddYFlag
00009508     254 (00009500)     _frqSrcChgPidInitFunc
00009509     254 (00009500)     _frqSrcChgPidInitFrqtmp
0000950a     254 (00009500)     _frqSrcValue
0000950b     254 (00009500)     _presetFrqOld
0000950c     254 (00009500)     _upperFrq
0000950d     254 (00009500)     _lowerFrq
0000950e     254 (00009500)     _maxFrq
0000950f     254 (00009500)     _benchFrq
00009510     254 (00009500)     _frqPuQ15
00009511     254 (00009500)     _frqCalcSrc
00009512     254 (00009500)     _frqCalcSrcOld
00009513     254 (00009500)     _plcStepOld
00009514     254 (00009500)     _bStopPlc
00009515     254 (00009500)     _bFrqDigital
00009516     254 (00009500)     _frqKeyUpDownDelta
00009517     254 (00009500)     _bAntiReverseRun
00009518     254 (00009500)     _runMode
00009519     254 (00009500)     _runCmdBind
0000951a     254 (00009500)     _frqPlcType
00009524     254 (00009500)     _upDownFrq
00009526     254 (00009500)     _upDownFrqTmp
00009528     254 (00009500)     _uPDownFrqMax
0000952a     254 (00009500)     _uPDownFrqMin
0000952c     254 (00009500)     _uPDownFrqLower1
0000952e     254 (00009500)     _uPDownFrqLower2
00009530     254 (00009500)     _plcTime
00009532     254 (00009500)     _plcTimeRemOld
00009534     254 (00009500)     _frq
00009536     254 (00009500)     _frqTmp
00009538     254 (00009500)     _frqFrac
0000953a     254 (00009500)     _frqTmpFrac
0000953c     254 (00009500)     _frqDroop
0000953e     254 (00009500)     _frqCurAimFrac

00009540     255 (00009540)     _frqAim
00009542     255 (00009540)     _frqAimTmp
00009544     255 (00009540)     _frqAimTmp0
00009546     255 (00009540)     _frqCurAim
00009548     255 (00009540)     _frqDigitalTmp
0000954a     255 (00009540)     _frqDigitalPlc
0000954c     255 (00009540)     _frqAiPu
0000954e     255 (00009540)     _reverseTicker
00009550     255 (00009540)     _frqAimOld4Dir
00009552     255 (00009540)     _frqMax
00009554     255 (00009540)     _frqMin
00009558     255 (00009540)     _jumpFrq1
0000955e     255 (00009540)     _jumpFrq2
00009564     255 (00009540)     _frqXy
0000956c     255 (00009540)     _CpuTimer0
00009574     255 (00009540)     _CpuTimer1
0000957c     255 (00009540)     _ticker05msFuncInternalDisp

00009580     256 (00009580)     _gGetParVarable
0000958a     256 (00009580)     _gMotorExtReg

000095c0     257 (000095c0)     _gUVCoff
000095e8     257 (000095c0)     _gSendEn
000095f8     257 (000095c0)     _ticker05msFuncIn

00009600     258 (00009600)     _gBuffResCnt
00009602     258 (00009600)     _gLoadLose
00009605     258 (00009600)     _gInLose
0000960c     258 (00009600)     _gFanCtrl
00009614     258 (00009600)     _gError
0000961e     258 (00009600)     _gCBCProtect
0000962c     258 (00009600)     _gOverLoad

00009640     259 (00009640)     _gPhaseLose
00009650     259 (00009640)     _gBforeRunPhaseLose
00009660     259 (00009640)     _InvTrSlowTab
0000967f     259 (00009640)     _gErrorIntCnt

00009681     25a (00009680)     _gLowPower
00009684     25a (00009680)     _gShortGnd
00009688     25a (00009680)     _gBrake
00009694     25a (00009680)     _gDCBrake

000096c0     25b (000096c0)     _gPMPosEst
000096de     25b (000096c0)     _MscMasterSendBeatCount
000096e0     25b (000096c0)     _MasterSlaveCtrl
000096f9     25b (000096c0)     _gVoltUVW

00009700     25c (00009700)     _frq2Core
00009701     25c (00009700)     _frqCurAim2Core
00009702     25c (00009700)     _rsvdData
00009703     25c (00009700)     _driveCoeffFrqFdb
00009704     25c (00009700)     _vcSpdLoopKp1
00009705     25c (00009700)     _vcSpdLoopKp2
00009706     25c (00009700)     _jerkFf
00009707     25c (00009700)     _speedMotor
00009708     25c (00009700)     _motorRun
00009709     25c (00009700)     _outVoltage
0000970a     25c (00009700)     _outCurrent
0000970b     25c (00009700)     _generatrixVoltage
0000970c     25c (00009700)     _outPower
0000970d     25c (00009700)     _outPowerDisp
0000970e     25c (00009700)     _errorCodeFromMotor
0000970f     25c (00009700)     _outCurrentDispOld
00009710     25c (00009700)     _gPhiRt
00009711     25c (00009700)     _gPhiRtDisp
00009712     25c (00009700)     _pmsmRotorPos
00009713     25c (00009700)     _frqFdb
00009714     25c (00009700)     _frqFdbDisp
00009715     25c (00009700)     _frqFdbFlag
00009716     25c (00009700)     _torqueCurrent
00009717     25c (00009700)     _enCoderPosition
00009718     25c (00009700)     _ABZPos
00009719     25c (00009700)     _ZCount
0000971a     25c (00009700)     _antiVibrateCoeff
0000971b     25c (00009700)     _vfTransitoryNoStopFlag
0000971c     25c (00009700)     _motorRs
0000971d     25c (00009700)     _motorRsreal
0000971e     25c (00009700)     _ABZPosPre
0000971f     25c (00009700)     _onlineCoeff
00009720     25c (00009700)     _overLoaderPercent
00009721     25c (00009700)     _currentOc
00009722     25c (00009700)     _currentPu
00009723     25c (00009700)     _spdLoopOut
00009724     25c (00009700)     _powerAddDec
0000972a     25c (00009700)     _frqRun
0000972c     25c (00009700)     _frqVFRun
0000972e     25c (00009700)     _frqVFRunRemainder
00009730     25c (00009700)     _frqFdbTmp
00009732     25c (00009700)     _curABZPulseNum
00009734     25c (00009700)     _curABZPulseNumshow
00009736     25c (00009700)     _softOCTicker

00009758     25d (00009740)     _gtransInterval
00009768     25d (00009740)     _vfSeprateVolAim
00009769     25d (00009740)     _vfSeparateVol
0000976a     25d (00009740)     _vfSeparateFlag
0000976c     25d (00009740)     _vfSeprateVolAccLine
00009778     25d (00009740)     _InvRecFastTab

00009780     25e (00009780)     _funcCodeGradeCurMenuMode

000097d3     25f (000097c0)     _gSendToMotor05MsDataBuff
000097e1     25f (000097c0)     _ZeroLengthPhase_Dpwm
000097ed     25f (000097c0)     _commReadData
000097f9     25f (000097c0)     _InvTrFastTab

00009800     260 (00009800)     _runCmd
00009801     260 (00009800)     _runFlag
00009802     260 (00009800)     _runStatus1Step
00009803     260 (00009800)     _dspMainCmd
00009804     260 (00009800)     _dspMainCmd1
00009805     260 (00009800)     _dspSubCmd
00009806     260 (00009800)     _dspStatus
00009807     260 (00009800)     _dspSubStatus
00009808     260 (00009800)     _invtStatus
00009809     260 (00009800)     _startProtectSrc
0000980a     260 (00009800)     _otherStopSrc
0000980b     260 (00009800)     _otherStopLowerSrc
0000980c     260 (00009800)     _runStatus
0000980d     260 (00009800)     _startRunStatus
0000980e     260 (00009800)     _stopRunStatus
0000980f     260 (00009800)     _runStatusOld4LoseLoad
00009810     260 (00009800)     _runStatusOld4Jog
00009811     260 (00009800)     _runStatusOld4POffNoStop
00009812     260 (00009800)     _runSrc
00009813     260 (00009800)     _swingStatus
00009814     260 (00009800)     _swingFrqLimit
00009815     260 (00009800)     _setRunLostTime
00009816     260 (00009800)     _setRunTimeAim
00009817     260 (00009800)     _runTimeAddupTicker
00009818     260 (00009800)     _powerUpTimeAddupTicker
00009819     260 (00009800)     _shuntFlag
0000981a     260 (00009800)     _accDecTimeSrcPlc
0000981b     260 (00009800)     _stopRemFlag
0000981c     260 (00009800)     _runDirPanelOld
0000981d     260 (00009800)     _bRunJog
0000981e     260 (00009800)     _motorCtrlTuneStatus
0000981f     260 (00009800)     _tuneCmd
00009820     260 (00009800)     _saveTuneDataFlag
00009821     260 (00009800)     _dormantStatus
00009834     260 (00009800)     _accFrqTime
00009836     260 (00009800)     _decFrqTime
00009838     260 (00009800)     _swingDoubleAw
0000983a     260 (00009800)     _swingMaxFrq
0000983c     260 (00009800)     _swingMinFrq
0000983e     260 (00009800)     _swingJumpFrq

00009840     261 (00009840)     _swingAccTime
00009842     261 (00009840)     _swingDecTime
00009844     261 (00009840)     _runTimeTicker
00009846     261 (00009840)     _lowerDelayTicker
00009848     261 (00009840)     _shuntTicker
00009852     261 (00009840)     _gDeviceInformation
0000985e     261 (00009840)     _pInvTypeParaTable
0000986a     261 (00009840)     _para0
0000986c     261 (00009840)     _gUAlphBeta
00009870     261 (00009840)     _gUMTQ24
0000987e     261 (00009840)     __lock

00009880     262 (00009880)     _gPmsmRotorPosEst

000098dc     263 (000098c0)     _eCanTranEnFlag
000098de     263 (000098c0)     _eCanReEnFlag
000098e0     263 (000098c0)     _recCanCout
000098e2     263 (000098c0)     _Canlink_ErrInfo
000098eb     263 (000098c0)     _Modbus_Standard_ErrInfo
000098f4     263 (000098c0)     _flashTickerLed
000098fb     263 (000098c0)     _MscSlaveNodeBreakTcnt

00009900     264 (00009900)     _userMenuModeFcIndex
00009901     264 (00009900)     _menu0DispStatus
00009902     264 (00009900)     _menuMode
00009903     264 (00009900)     _menuModeTmp
00009904     264 (00009900)     _menuModeOld
00009905     264 (00009900)     _menuModeStatus
00009906     264 (00009900)     _facPassViewStatus
00009907     264 (00009900)     _menuLevel
00009908     264 (00009900)     _menu3Number
00009909     264 (00009900)     _menuPwdNumber
0000990a     264 (00009900)     _curFcDispDigits
0000990b     264 (00009900)     _ticker4LowerDisp
0000990c     264 (00009900)     _superFactoryPass
0000990d     264 (00009900)     _groupHidePwdStatus
0000990e     264 (00009900)     _groupHideChkOkFlag
0000990f     264 (00009900)     _factoryPwdStatus
00009910     264 (00009900)     _accDecFrqPrcFlag
00009911     264 (00009900)     _bFrqDigitalDone4WaitDelay
00009912     264 (00009900)     _accDecFrqTicker
00009913     264 (00009900)     _frqDisp
00009914     264 (00009900)     _frqAimDisp
00009915     264 (00009900)     _frqPLCDisp
00009916     264 (00009900)     _frqAimPLCDisp
00009917     264 (00009900)     _pidFuncRefDisp
00009918     264 (00009900)     _pidFuncFdbDisp
00009919     264 (00009900)     _outVoltageDisp
0000991a     264 (00009900)     _outCurrentDisp
0000991b     264 (00009900)     _itDisp
0000991c     264 (00009900)     _itDispP2pSlave
0000991d     264 (00009900)     _loadSpeedDisp
0000991e     264 (00009900)     _currentOcDisp
0000991f     264 (00009900)     _pulseInFrqDisp
00009920     264 (00009900)     _frqRunDisp
00009921     264 (00009900)     _pcOriginDisp
00009922     264 (00009900)     _frqXDisp
00009923     264 (00009900)     _frqYDisp
00009924     264 (00009900)     _invType
00009925     264 (00009900)     _invGpType
00009926     264 (00009900)     _checkMenuModeCmd
00009927     264 (00009900)     _checkMenuModePara
00009928     264 (00009900)     _checkMenuModeDealStatus
00009929     264 (00009900)     _checkMenuModeSerachNone
0000992e     264 (00009900)     _motorDebugFc
00009930     264 (00009900)     _torqueCurrentAct
00009932     264 (00009900)     _groupDisplay
00009934     264 (00009900)     _curFc

00009940     265 (00009940)     _torQueFrqDispLpf
0000994c     265 (00009940)     _displayBuffer
00009952     265 (00009940)     _droopCtrlVoltageTable
0000995e     265 (00009940)     _dpFrqAim
0000995f     265 (00009940)     _saveEepromIndex
00009960     265 (00009940)     _dpStatus
00009961     265 (00009940)     _toDpSpeed
00009962     265 (00009940)     _dataDisp
00009964     265 (00009940)     _m_LoopFlag
00009966     265 (00009940)     _m_BaseTime
00009968     265 (00009940)     _m_DetaTime
0000996a     265 (00009940)     ___TI_enable_exit_profile_output
0000996c     265 (00009940)     ___TI_cleanup_ptr
0000996e     265 (00009940)     ___TI_dtors_ptr
00009970     265 (00009940)     _MscSlaveNodeId
00009975     265 (00009940)     _bLight

000099c5     267 (000099c0)     _flashTicker
000099ca     267 (000099c0)     _motorErrInfor
000099cf     267 (000099c0)     _invPara
000099d8     267 (000099c0)     __unlock
000099dc     267 (000099c0)     _errorsCodeFromMotor
000099de     267 (000099c0)     _limitedByOtherCodeIndexNum
000099e0     267 (000099c0)     _InvTrFastIndex
000099e1     267 (000099c0)     _InvTrSlowIndex

00009a00     268 (00009a00)     _gSendToFunctionDataBuff

00009a80     26a (00009a80)     _gCANlinkDataCFg

00009ac0     26b (00009ac0)     _sDaTemp

00009b00     26c (00009b00)     _gDebugBuffer

003d7e80    f5fa (003d7e80)     _PartIdRegs

003f5cee    fd73 (003f5cc0)     _funcCodeAttribute

003f6dd8    fdb7 (003f6dc0)     _eeprom2Fc

003f717a    fdc5 (003f7140)     _crc16Table

003f727a    fdc9 (003f7240)     _invTypeParaTableT380

003f736d    fdcd (003f7340)     _invTypeParaTableT220

003f7433    fdd0 (003f7400)     _invTypeParaTableT1140

003f74de    fdd3 (003f74c0)     _invTypeParaTableT690

003f756e    fdd5 (003f7540)     _menu

003f75e6    fdd7 (003f75c0)     _doFuncCal

003f763e    fdd8 (003f7600)     _dispAttributeU0

003f7694    fdda (003f7680)     _funcCodeGradeAll

003f76e7    fddb (003f76c0)     _funcCodeGradeSum

003f773a    fddc (003f7700)     _invTypeParaTableS220

003f7779    fddd (003f7740)     _dspBaudRegData

003f77ad    fdde (003f7780)     _fcNoAttri2Eeprom

003f77e1    fddf (003f77c0)     _voltageTempPT1000

003f7814    fde0 (003f7800)     _voltageTempPT100

003f7847    fde1 (003f7840)     _DISPLAY_CODE
003f786d    fde1 (003f7840)     _commDispIndex

003f788e    fde2 (003f7880)     _gInvCurrentTable690T
003f78af    fde2 (003f7880)     _gInvCurrentTable380T

003f78ca    fde3 (003f78c0)     _dispCodeMenuMode
003f78e2    fde3 (003f78c0)     _gInvOverLoadDecTable
003f78fa    fde3 (003f78c0)     _gMotorOverLoadDecTable

003f7912    fde4 (003f7900)     _gTempTableBSMXX
003f7929    fde4 (003f7900)     _gTempTableP44X

003f7940    fde5 (003f7940)     _gTempTableP8XX
003f7957    fde5 (003f7940)     _gTempTableSEMIKON
003f796e    fde5 (003f7940)     _gTempTableWAIZHI

003f7985    fde6 (003f7980)     _errorCodeFromMotorList
003f799b    fde6 (003f7980)     _gInvCurrentTable220T
003f79b1    fde6 (003f7980)     _gInvTypeTable380To220T

003f79c7    fde7 (003f79c0)     _motor1ParaIndex
003f79dd    fde7 (003f79c0)     _eCanBaud
003f79f2    fde7 (003f79c0)     _gInvCurrentTable1140T

003f7a05    fde8 (003f7a00)     _diFuncIndex
003f7a17    fde8 (003f7a00)     _gDeadBandTable
003f7a29    fde8 (003f7a00)     _gDeadCompTable
003f7a3b    fde8 (003f7a00)     _invTypeLimitTable

003f7a4d    fde9 (003f7a40)     _stopDispIndex
003f7a5d    fde9 (003f7a40)     _gMotorOverLoadBaseTable
003f7a6b    fde9 (003f7a40)     _limitOtherCodeIndex
003f7a78    fde9 (003f7a40)     _LED_CODE

003f7a8d    fdea (003f7a80)     _gInvOverLoadTable
003f7a97    fdea (003f7a80)     _gInvOverLoadTableForP
003f7aa2    fdea (003f7a80)     _protocolFunc
003f7aac    fdea (003f7a80)     _gInvVoltageInfo1140T
003f7ab5    fdea (003f7a80)     _gInvVoltageInfo220S
003f7abe    fdea (003f7a80)     _gInvVoltageInfo220T

003f7ac7    fdeb (003f7ac0)     _gInvVoltageInfo380T
003f7ad0    fdeb (003f7ac0)     _gInvVoltageInfo480T
003f7ad9    fdeb (003f7ac0)     _gInvVoltageInfo690T
003f7ae2    fdeb (003f7ac0)     _APPIDDataBuff
003f7aea    fdeb (003f7ac0)     _COMM_ERR_INDEX
003f7af2    fdeb (003f7ac0)     _gInvCurrentTable220S

003f7b00    fdec (003f7b00)     _INV_TYPE_BIG_ACC_DEC_START_TABLE
003f7b06    fdec (003f7b00)     _INV_TYPE_POINT_LIMIT_TABLE
003f7b0c    fdec (003f7b00)     _brakeStartVoltage
003f7b12    fdec (003f7b00)     _gUVWAngleTable
003f7b18    fdec (003f7b00)     _ovVdcLimitPoint
003f7b1e    fdec (003f7b00)     _ovVoltageInitValue
003f7b24    fdec (003f7b00)     _uvVoltageInitValue
003f7b2a    fdec (003f7b00)     _debugTuneProcess
003f7b2f    fdec (003f7b00)     _decNumber
003f7b34    fdec (003f7b00)     _minRate
003f7b39    fdec (003f7b00)     _noTuneProgress
003f7b3e    fdec (003f7b00)     _pmSVC_TuneProgLoad

003f7b43    fded (003f7b40)     _pmSVC_TuneProgNoLoad
003f7b48    fded (003f7b40)     _pmTuneProgLoad
003f7b4d    fded (003f7b40)     _pmTuneProgNoLoad
003f7b52    fded (003f7b40)     _repeatNumMax
003f7b5b    fded (003f7b40)     _commParitys
003f7b5f    fded (003f7b40)     _hexNumber
003f7b66    fded (003f7b40)     _deltaK
003f7b69    fded (003f7b40)     _frqSrcFuncIndex
003f7b6b    fded (003f7b40)     _motorSnIndexIncToMotor1

003f7ff8    fdff (003f7fc0)     _CsmPwl


GLOBAL SYMBOLS: SORTED ALPHABETICALLY BY Name 

page  address   name                                   
----  -------   ----                                   
0     003e801d  .text                                  
0     003f5b72  C$$EXIT                                
0     003f5965  FS$$MPY                                
0     003f5bea  FS$$TOI                                
0     003f5b9b  FS$$TOL                                
0     003f5c33  I$$DIV                                 
0     003f5c44  I$$MOD                                 
[...]
1     0000908d  _coreSoftVersionViewType               
1     0000908e  _coreSoftVersionVierPoint              
1     00009094  _timeBase                              
1     00009096  _timeBase05msOld                       
1     00009098  _ticker05msFuncInternal                
1     0000909a  _ticker05msFuncEach                    
1     0000909c  _timer05ms                             
1     000090a2  _motorPara                             
1     000090c0  _motorFc                               
1     0000911c  _aiLpf                                 
1     00009140  _limitedByOtherCodeIndex               
1     000091d6  _rcvFrame                              
1     00009200  _gIMTQ12                               
1     00009202  _gIMTSetQ12                            
1     00009204  _gIUVWQ12                              
1     00009208  _gIMTQ24                               
1     0000920c  _gIAlphBeta                            
1     00009210  _gIAlphBetaQ12                         
1     00009214  _gTemperature                          
1     0000921a  _gADC                                  
1     00009220  _gIUVWQ24                              
1     00009226  _gUDC                                  
1     0000922f  _gIAmpTheta                            
1     00009240  _gCurSamp                              
1     0000924c  _gAI                                   
1     00009258  _gADCAdjust                            
1     00009264  _gExcursionInfo                        
1     00009280  _gLineCur                              
1     00009294  _sendFrame                             
1     000092b8  _menuFc                                
1     000092c0  _CANlinkRunMode                        
1     000092c1  _CanInitFlag                           
1     000092c2  _CANlinkSyncFlag                       
1     000092c3  _gRequCount                            
1     000092c4  _gCanlinkBeatCount                     
1     000092c5  _gCanlinkBeatTime                      
1     000092c6  _gCanlinkMoniAddr                      
1     000092cc  _gCanlinkMoniBeat                      
1     000092ce  _canTxSucc                             
1     000092d0  _CanDataDeal                           
1     000092d2  _gCanlinkSyncWriteBuf                  
1     00009300  _CanlinkRecBuf                         
1     00009352  _InvRecSlowTab                         
1     00009371  _gMotorOverLoadTable                   
1     0000937f  _polePair                              
1     00009380  _gTest0                                
1     00009381  _gTest1                                
1     00009382  _gTest2                                
1     00009383  _gTest3                                
1     00009384  _gTest4                                
1     00009385  _gTest5                                
1     00009386  _gTest6                                
1     000093c0  _gFlyingStart                          
1     000093fe  _Ratio                                 
1     00009400  _pidCalcFlag                           
1     00009401  _pidCalcDeal                           
1     00009402  _bPidFdbLose                           
1     00009403  _DeltaPDisp                            
1     00009404  _DeltaIDisp                            
1     00009405  _DeltaDDisp                            
1     00009406  _minTmp                                
1     00009407  _lowerTmp                              
1     00009408  _frqxyxTmp                             
1     00009409  _minFlag                               
1     0000940c  _pidInitTicker                         
1     0000940e  _pidFdbLoseTicker                      
1     00009410  _pidError                              
1     00009412  _deltaError                            
1     00009414  _pidFuncRef                            
1     00009420  _pidParaLine                           
1     00009440  _pidFunc                               
1     0000947c  _ticker05msFuncEachDisp                
1     00009482  _gPGData                               
1     000094c0  _gRotorSpeed                           
1     000094f8  _ticker05msFuncEa                      
1     00009500  _upDownFrqInit                         
1     00009501  _frqFlag                               
1     00009502  _plcStep                               
1     00009503  _bPlcEndOneLoop                        
1     00009504  _plcStepRemOld                         
1     00009505  _timeBench                             
1     00009506  _frqSrcChgFlag                         
1     00009507  _frqSrcNonXAddYFlag                    
1     00009508  _frqSrcChgPidInitFunc                  
1     00009509  _frqSrcChgPidInitFrqtmp                
1     0000950a  _frqSrcValue                           
1     0000950b  _presetFrqOld                          
1     0000950c  _upperFrq                              
1     0000950d  _lowerFrq                              
1     0000950e  _maxFrq                                
1     0000950f  _benchFrq                              
1     00009510  _frqPuQ15                              
1     00009511  _frqCalcSrc                            
1     00009512  _frqCalcSrcOld                         
1     00009513  _plcStepOld                            
1     00009514  _bStopPlc                              
1     00009515  _bFrqDigital                           
1     00009516  _frqKeyUpDownDelta                     
1     00009517  _bAntiReverseRun                       
1     00009518  _runMode                               
1     00009519  _runCmdBind                            
1     0000951a  _frqPlcType                            
1     00009524  _upDownFrq                             
1     00009526  _upDownFrqTmp                          
1     00009528  _uPDownFrqMax                          
1     0000952a  _uPDownFrqMin                          
1     0000952c  _uPDownFrqLower1                       
1     0000952e  _uPDownFrqLower2                       
1     00009530  _plcTime                               
1     00009532  _plcTimeRemOld                         
1     00009534  _frq                                   
1     00009536  _frqTmp                                
1     00009538  _frqFrac                               
1     0000953a  _frqTmpFrac                            
1     0000953c  _frqDroop                              
1     0000953e  _frqCurAimFrac                         
1     00009540  _frqAim                                
1     00009542  _frqAimTmp                             
1     00009544  _frqAimTmp0                            
1     00009546  _frqCurAim                             
1     00009548  _frqDigitalTmp                         
1     0000954a  _frqDigitalPlc                         
1     0000954c  _frqAiPu                               
1     0000954e  _reverseTicker                         
1     00009550  _frqAimOld4Dir                         
1     00009552  _frqMax                                
1     00009554  _frqMin                                
1     00009558  _jumpFrq1                              
1     0000955e  _jumpFrq2                              
1     00009564  _frqXy                                 
1     0000956c  _CpuTimer0                             
1     00009574  _CpuTimer1                             
1     0000957c  _ticker05msFuncInternalDisp            
1     00009580  _gGetParVarable                        
1     0000958a  _gMotorExtReg                          
1     000095c0  _gUVCoff                               
1     000095e8  _gSendEn                               
1     000095f8  _ticker05msFuncIn                      
1     00009600  _gBuffResCnt                           
1     00009602  _gLoadLose                             
1     00009605  _gInLose                               
1     0000960c  _gFanCtrl                              
1     00009614  _gError                                
1     0000961e  _gCBCProtect                           
1     0000962c  _gOverLoad                             
1     00009640  _gPhaseLose                            
1     00009650  _gBforeRunPhaseLose                    
1     00009660  _InvTrSlowTab                          
1     0000967f  _gErrorIntCnt                          
1     00009681  _gLowPower                             
1     00009684  _gShortGnd                             
1     00009688  _gBrake                                
1     00009694  _gDCBrake                              
1     000096c0  _gPMPosEst                             
1     000096de  _MscMasterSendBeatCount                
1     000096e0  _MasterSlaveCtrl                       
1     000096f9  _gVoltUVW                              
1     00009700  _frq2Core                              
1     00009701  _frqCurAim2Core                        
1     00009702  _rsvdData                              
1     00009703  _driveCoeffFrqFdb                      
1     00009704  _vcSpdLoopKp1                          
1     00009705  _vcSpdLoopKp2                          
1     00009706  _jerkFf                                
1     00009707  _speedMotor                            
1     00009708  _motorRun                              
1     00009709  _outVoltage                            
1     0000970a  _outCurrent                            
1     0000970b  _generatrixVoltage                     
1     0000970c  _outPower                              
1     0000970d  _outPowerDisp                          
1     0000970e  _errorCodeFromMotor                    
1     0000970f  _outCurrentDispOld                     
1     00009710  _gPhiRt                                
1     00009711  _gPhiRtDisp                            
1     00009712  _pmsmRotorPos                          
1     00009713  _frqFdb                                
1     00009714  _frqFdbDisp                            
1     00009715  _frqFdbFlag                            
1     00009716  _torqueCurrent                         
1     00009717  _enCoderPosition                       
1     00009718  _ABZPos                                
1     00009719  _ZCount                                
1     0000971a  _antiVibrateCoeff                      
1     0000971b  _vfTransitoryNoStopFlag                
1     0000971c  _motorRs                               
1     0000971d  _motorRsreal                           
1     0000971e  _ABZPosPre                             
1     0000971f  _onlineCoeff                           
1     00009720  _overLoaderPercent                     
1     00009721  _currentOc                             
1     00009722  _currentPu                             
1     00009723  _spdLoopOut                            
1     00009724  _powerAddDec                           
1     0000972a  _frqRun                                
1     0000972c  _frqVFRun                              
1     0000972e  _frqVFRunRemainder                     
1     00009730  _frqFdbTmp                             
1     00009732  _curABZPulseNum                        
1     00009734  _curABZPulseNumshow                    
1     00009736  _softOCTicker                          
1     00009758  _gtransInterval                        
1     00009768  _vfSeprateVolAim                       
1     00009769  _vfSeparateVol                         
1     0000976a  _vfSeparateFlag                        
1     0000976c  _vfSeprateVolAccLine                   
1     00009778  _InvRecFastTab                         
1     00009780  _funcCodeGradeCurMenuMode              
1     000097d3  _gSendToMotor05MsDataBuff              
1     000097e1  _ZeroLengthPhase_Dpwm                  
1     000097ed  _commReadData                          
1     000097f9  _InvTrFastTab                          
1     00009800  _runCmd                                
1     00009801  _runFlag                               
1     00009802  _runStatus1Step                        
1     00009803  _dspMainCmd                            
1     00009804  _dspMainCmd1                           
1     00009805  _dspSubCmd                             
1     00009806  _dspStatus                             
1     00009807  _dspSubStatus                          
1     00009808  _invtStatus                            
1     00009809  _startProtectSrc                       
1     0000980a  _otherStopSrc                          
1     0000980b  _otherStopLowerSrc                     
1     0000980c  _runStatus                             
1     0000980d  _startRunStatus                        
1     0000980e  _stopRunStatus                         
1     0000980f  _runStatusOld4LoseLoad                 
1     00009810  _runStatusOld4Jog                      
1     00009811  _runStatusOld4POffNoStop               
1     00009812  _runSrc                                
1     00009813  _swingStatus                           
1     00009814  _swingFrqLimit                         
1     00009815  _setRunLostTime                        
1     00009816  _setRunTimeAim                         
1     00009817  _runTimeAddupTicker                    
1     00009818  _powerUpTimeAddupTicker                
1     00009819  _shuntFlag                             
1     0000981a  _accDecTimeSrcPlc                      
1     0000981b  _stopRemFlag                           
1     0000981c  _runDirPanelOld                        
1     0000981d  _bRunJog                               
1     0000981e  _motorCtrlTuneStatus                   
1     0000981f  _tuneCmd                               
1     00009820  _saveTuneDataFlag                      
1     00009821  _dormantStatus                         
1     00009834  _accFrqTime                            
1     00009836  _decFrqTime                            
1     00009838  _swingDoubleAw                         
1     0000983a  _swingMaxFrq                           
1     0000983c  _swingMinFrq                           
1     0000983e  _swingJumpFrq                          
1     00009840  _swingAccTime                          
1     00009842  _swingDecTime                          
1     00009844  _runTimeTicker                         
1     00009846  _lowerDelayTicker                      
1     00009848  _shuntTicker                           
1     00009852  _gDeviceInformation                    
1     0000985e  _pInvTypeParaTable                     
1     0000986a  _para0                                 
1     0000986c  _gUAlphBeta                            
1     00009870  _gUMTQ24                               
1     0000987e  __lock                                 
1     00009880  _gPmsmRotorPosEst                      
1     000098dc  _eCanTranEnFlag                        
1     000098de  _eCanReEnFlag                          
1     000098e0  _recCanCout                            
1     000098e2  _Canlink_ErrInfo                       
1     000098eb  _Modbus_Standard_ErrInfo               
1     000098f4  _flashTickerLed                        
1     000098fb  _MscSlaveNodeBreakTcnt                 
1     00009900  _userMenuModeFcIndex                   
1     00009901  _menu0DispStatus                       
1     00009902  _menuMode                              
1     00009903  _menuModeTmp                           
1     00009904  _menuModeOld                           
1     00009905  _menuModeStatus                        
1     00009906  _facPassViewStatus                     
1     00009907  _menuLevel                             
1     00009908  _menu3Number                           
1     00009909  _menuPwdNumber                         
1     0000990a  _curFcDispDigits                       
1     0000990b  _ticker4LowerDisp                      
1     0000990c  _superFactoryPass                      
1     0000990d  _groupHidePwdStatus                    
1     0000990e  _groupHideChkOkFlag                    
1     0000990f  _factoryPwdStatus                      
1     00009910  _accDecFrqPrcFlag                      
1     00009911  _bFrqDigitalDone4WaitDelay             
1     00009912  _accDecFrqTicker                       
1     00009913  _frqDisp                               
1     00009914  _frqAimDisp                            
1     00009915  _frqPLCDisp                            
1     00009916  _frqAimPLCDisp                         
1     00009917  _pidFuncRefDisp                        
1     00009918  _pidFuncFdbDisp                        
1     00009919  _outVoltageDisp                        
1     0000991a  _outCurrentDisp                        
1     0000991b  _itDisp                                
1     0000991c  _itDispP2pSlave                        
1     0000991d  _loadSpeedDisp                         
1     0000991e  _currentOcDisp                         
1     0000991f  _pulseInFrqDisp                        
1     00009920  _frqRunDisp                            
1     00009921  _pcOriginDisp                          
1     00009922  _frqXDisp                              
1     00009923  _frqYDisp                              
1     00009924  _invType                               
1     00009925  _invGpType                             
1     00009926  _checkMenuModeCmd                      
1     00009927  _checkMenuModePara                     
1     00009928  _checkMenuModeDealStatus               
1     00009929  _checkMenuModeSerachNone               
1     0000992e  _motorDebugFc                          
1     00009930  _torqueCurrentAct                      
1     00009932  _groupDisplay                          
1     00009934  _curFc                                 
1     00009940  _torQueFrqDispLpf                      
1     0000994c  _displayBuffer                         
1     00009952  _droopCtrlVoltageTable                 
1     0000995e  _dpFrqAim                              
1     0000995f  _saveEepromIndex                       
1     00009960  _dpStatus                              
1     00009961  _toDpSpeed                             
1     00009962  _dataDisp                              
1     00009964  _m_LoopFlag                            
1     00009966  _m_BaseTime                            
1     00009968  _m_DetaTime                            
1     0000996a  ___TI_enable_exit_profile_output       
1     0000996c  ___TI_cleanup_ptr                      
1     0000996e  ___TI_dtors_ptr                        
1     00009970  _MscSlaveNodeId                        
1     00009975  _bLight                                
1     000099c5  _flashTicker                           
1     000099ca  _motorErrInfor                         
1     000099cf  _invPara                               
1     000099d8  __unlock                               
1     000099dc  _errorsCodeFromMotor                   
1     000099de  _limitedByOtherCodeIndexNum            
1     000099e0  _InvTrFastIndex                        
1     000099e1  _InvTrSlowIndex                        
1     00009a00  _gSendToFunctionDataBuff               
1     00009a80  _gCANlinkDataCFg                       
1     00009ac0  _sDaTemp                               
1     00009b00  _gDebugBuffer                          
1     003d7e80  _PartIdRegs                            
1     003f7ff8  _CsmPwl                                
abs   00000400  __STACK_SIZE                           
abs   ffffffff  ___TI_pprof_out_hndl                   
abs   ffffffff  ___TI_prof_data_size                   
abs   ffffffff  ___TI_prof_data_start                  
abs   ffffffff  ___binit__                             
abs   ffffffff  ___c_args__                            
abs   ffffffff  ___pinit__                             
abs   ffffffff  binit                                  
abs   ffffffff  pinit                                  

[1355 symbols]
